Archive member included to satisfy reference by file (symbol)

C:/Users/ldu08/OneDrive/Documents/Github/FPGAAudio/software/FPGAAudio_app_bsp/\libhal_bsp.a(alt_load.o)
                              C:/Users/ldu08/OneDrive/Documents/Github/FPGAAudio/software/FPGAAudio_app_bsp//obj/HAL/src/crt0.o (alt_load)
C:/Users/ldu08/OneDrive/Documents/Github/FPGAAudio/software/FPGAAudio_app_bsp/\libhal_bsp.a(alt_main.o)
                              C:/Users/ldu08/OneDrive/Documents/Github/FPGAAudio/software/FPGAAudio_app_bsp//obj/HAL/src/crt0.o (alt_main)
C:/Users/ldu08/OneDrive/Documents/Github/FPGAAudio/software/FPGAAudio_app_bsp/\libhal_bsp.a(alt_sys_init.o)
                              C:/Users/ldu08/OneDrive/Documents/Github/FPGAAudio/software/FPGAAudio_app_bsp/\libhal_bsp.a(alt_main.o) (alt_irq_init)
C:/Users/ldu08/OneDrive/Documents/Github/FPGAAudio/software/FPGAAudio_app_bsp/\libhal_bsp.a(altera_avalon_jtag_uart_fd.o)
                              C:/Users/ldu08/OneDrive/Documents/Github/FPGAAudio/software/FPGAAudio_app_bsp/\libhal_bsp.a(alt_sys_init.o) (altera_avalon_jtag_uart_read_fd)
C:/Users/ldu08/OneDrive/Documents/Github/FPGAAudio/software/FPGAAudio_app_bsp/\libhal_bsp.a(altera_avalon_jtag_uart_init.o)
                              C:/Users/ldu08/OneDrive/Documents/Github/FPGAAudio/software/FPGAAudio_app_bsp/\libhal_bsp.a(alt_sys_init.o) (altera_avalon_jtag_uart_init)
C:/Users/ldu08/OneDrive/Documents/Github/FPGAAudio/software/FPGAAudio_app_bsp/\libhal_bsp.a(altera_avalon_jtag_uart_ioctl.o)
                              C:/Users/ldu08/OneDrive/Documents/Github/FPGAAudio/software/FPGAAudio_app_bsp/\libhal_bsp.a(altera_avalon_jtag_uart_fd.o) (altera_avalon_jtag_uart_ioctl)
C:/Users/ldu08/OneDrive/Documents/Github/FPGAAudio/software/FPGAAudio_app_bsp/\libhal_bsp.a(altera_avalon_jtag_uart_read.o)
                              C:/Users/ldu08/OneDrive/Documents/Github/FPGAAudio/software/FPGAAudio_app_bsp/\libhal_bsp.a(altera_avalon_jtag_uart_fd.o) (altera_avalon_jtag_uart_read)
C:/Users/ldu08/OneDrive/Documents/Github/FPGAAudio/software/FPGAAudio_app_bsp/\libhal_bsp.a(altera_avalon_jtag_uart_write.o)
                              C:/Users/ldu08/OneDrive/Documents/Github/FPGAAudio/software/FPGAAudio_app_bsp/\libhal_bsp.a(altera_avalon_jtag_uart_fd.o) (altera_avalon_jtag_uart_write)
C:/Users/ldu08/OneDrive/Documents/Github/FPGAAudio/software/FPGAAudio_app_bsp/\libhal_bsp.a(altera_avalon_timer_sc.o)
                              C:/Users/ldu08/OneDrive/Documents/Github/FPGAAudio/software/FPGAAudio_app_bsp/\libhal_bsp.a(alt_sys_init.o) (alt_avalon_timer_sc_init)
C:/Users/ldu08/OneDrive/Documents/Github/FPGAAudio/software/FPGAAudio_app_bsp/\libhal_bsp.a(alt_alarm_start.o)
                              C:/Users/ldu08/OneDrive/Documents/Github/FPGAAudio/software/FPGAAudio_app_bsp/\libhal_bsp.a(altera_avalon_jtag_uart_init.o) (alt_alarm_start)
C:/Users/ldu08/OneDrive/Documents/Github/FPGAAudio/software/FPGAAudio_app_bsp/\libhal_bsp.a(alt_close.o)
                              C:/Users/ldu08/OneDrive/Documents/Github/FPGAAudio/software/FPGAAudio_app_bsp/\libhal_bsp.a(alt_main.o) (close)
C:/Users/ldu08/OneDrive/Documents/Github/FPGAAudio/software/FPGAAudio_app_bsp/\libhal_bsp.a(alt_dcache_flush_all.o)
                              C:/Users/ldu08/OneDrive/Documents/Github/FPGAAudio/software/FPGAAudio_app_bsp/\libhal_bsp.a(alt_load.o) (alt_dcache_flush_all)
C:/Users/ldu08/OneDrive/Documents/Github/FPGAAudio/software/FPGAAudio_app_bsp/\libhal_bsp.a(alt_dev.o)
                              C:/Users/ldu08/OneDrive/Documents/Github/FPGAAudio/software/FPGAAudio_app_bsp/\libhal_bsp.a(alt_sys_init.o) (alt_dev_list)
C:/Users/ldu08/OneDrive/Documents/Github/FPGAAudio/software/FPGAAudio_app_bsp/\libhal_bsp.a(alt_dev_llist_insert.o)
                              C:/Users/ldu08/OneDrive/Documents/Github/FPGAAudio/software/FPGAAudio_app_bsp/\libhal_bsp.a(alt_sys_init.o) (alt_dev_llist_insert)
C:/Users/ldu08/OneDrive/Documents/Github/FPGAAudio/software/FPGAAudio_app_bsp/\libhal_bsp.a(alt_do_ctors.o)
                              C:/Users/ldu08/OneDrive/Documents/Github/FPGAAudio/software/FPGAAudio_app_bsp/\libhal_bsp.a(alt_main.o) (_do_ctors)
C:/Users/ldu08/OneDrive/Documents/Github/FPGAAudio/software/FPGAAudio_app_bsp/\libhal_bsp.a(alt_do_dtors.o)
                              C:/Users/ldu08/OneDrive/Documents/Github/FPGAAudio/software/FPGAAudio_app_bsp/\libhal_bsp.a(alt_main.o) (_do_dtors)
C:/Users/ldu08/OneDrive/Documents/Github/FPGAAudio/software/FPGAAudio_app_bsp/\libhal_bsp.a(alt_errno.o)
                              C:/Users/ldu08/OneDrive/Documents/Github/FPGAAudio/software/FPGAAudio_app_bsp/\libhal_bsp.a(alt_close.o) (alt_errno)
C:/Users/ldu08/OneDrive/Documents/Github/FPGAAudio/software/FPGAAudio_app_bsp/\libhal_bsp.a(alt_icache_flush_all.o)
                              C:/Users/ldu08/OneDrive/Documents/Github/FPGAAudio/software/FPGAAudio_app_bsp/\libhal_bsp.a(alt_load.o) (alt_icache_flush_all)
[...]
Memory Configuration

Name             Origin             Length             Attributes
onchip_memory2_0 0x0000000000000000 0x0000000000000010
reset            0x0000000008000000 0x0000000000000020
sdram            0x0000000008000020 0x0000000003ffffe0
*default*        0x0000000000000000 0xffffffffffffffff

Linker script and memory map

LOAD C:/Users/ldu08/OneDrive/Documents/Github/FPGAAudio/software/FPGAAudio_app_bsp//obj/HAL/src/crt0.o
LOAD obj/default/main.o
LOAD c:/intelfpga_lite/18.1/nios2eds/bin/gnu/h-x86_64-mingw32/bin/../lib/gcc/nios2-elf/5.3.0/../../../../../H-x86_64-mingw32/nios2-elf/lib/mno-hw-mul\libstdc++.a
LOAD c:/intelfpga_lite/18.1/nios2eds/bin/gnu/h-x86_64-mingw32/bin/../lib/gcc/nios2-elf/5.3.0/../../../../../H-x86_64-mingw32/nios2-elf/lib/mno-hw-mul\libm.a
LOAD c:/intelfpga_lite/18.1/nios2eds/bin/gnu/h-x86_64-mingw32/bin/../lib/gcc/nios2-elf/5.3.0/mno-hw-mul\libgcc.a
START GROUP
LOAD c:/intelfpga_lite/18.1/nios2eds/bin/gnu/h-x86_64-mingw32/bin/../lib/gcc/nios2-elf/5.3.0/../../../../../H-x86_64-mingw32/nios2-elf/lib/mno-hw-mul\libc.a
LOAD c:/intelfpga_lite/18.1/nios2eds/bin/gnu/h-x86_64-mingw32/bin/../lib/gcc/nios2-elf/5.3.0/mno-hw-mul\libgcc.a
LOAD C:/Users/ldu08/OneDrive/Documents/Github/FPGAAudio/software/FPGAAudio_app_bsp/\libhal_bsp.a
LOAD c:/intelfpga_lite/18.1/nios2eds/bin/gnu/h-x86_64-mingw32/bin/../lib/gcc/nios2-elf/5.3.0/../../../../../H-x86_64-mingw32/nios2-elf/lib/mno-hw-mul\libm.a
END GROUP
LOAD c:/intelfpga_lite/18.1/nios2eds/bin/gnu/h-x86_64-mingw32/bin/../lib/gcc/nios2-elf/5.3.0/mno-hw-mul\libgcc.a
                0x0000000000000000                __alt_mem_onchip_memory2_0 = 0x0
                0x0000000008000000                __alt_mem_sdram = 0x8000000

.entry          0x0000000008000000       0x20
 *(.entry)
 .entry         0x0000000008000000       0x20 C:/Users/ldu08/OneDrive/Documents/Github/FPGAAudio/software/FPGAAudio_app_bsp//obj/HAL/src/crt0.o
                0x0000000008000000                __reset

.exceptions     0x0000000008000020      0x210
                0x0000000008000020                PROVIDE (__ram_exceptions_start, ABSOLUTE (.))
                0x0000000008000020                . = ALIGN (0x20)
 *(.irq)
 *(.exceptions.entry.label)
 .exceptions.entry.label
                0x0000000008000020        0x0 C:/Users/ldu08/OneDrive/Documents/Github/FPGAAudio/software/FPGAAudio_app_bsp/\libhal_bsp.a(alt_irq_entry.o)
                0x0000000008000020                alt_irq_entry
 .exceptions.entry.label
                0x0000000008000020        0x0 C:/Users/ldu08/OneDrive/Documents/Github/FPGAAudio/software/FPGAAudio_app_bsp/\libhal_bsp.a(alt_exception_entry.o)
                0x0000000008000020                alt_exception
 *(.exceptions.entry.user)
 *(.exceptions.entry.ecc_fatal)
 *(.exceptions.entry)
 .exceptions.entry
                0x0000000008000020       0x54 C:/Users/ldu08/OneDrive/Documents/Github/FPGAAudio/software/FPGAAudio_app_bsp/\libhal_bsp.a(alt_exception_entry.o)
 *(.exceptions.irqtest.user)
 *(.exceptions.irqtest)
 .exceptions.irqtest
                0x0000000008000074       0x10 C:/Users/ldu08/OneDrive/Documents/Github/FPGAAudio/software/FPGAAudio_app_bsp/\libhal_bsp.a(alt_irq_entry.o)
 *(.exceptions.irqhandler.user)
 *(.exceptions.irqhandler)
 .exceptions.irqhandler
                0x0000000008000084        0x4 C:/Users/ldu08/OneDrive/Documents/Github/FPGAAudio/software/FPGAAudio_app_bsp/\libhal_bsp.a(alt_irq_entry.o)
 *(.exceptions.irqreturn.user)
 *(.exceptions.irqreturn)
 .exceptions.irqreturn
                0x0000000008000088        0x4 C:/Users/ldu08/OneDrive/Documents/Github/FPGAAudio/software/FPGAAudio_app_bsp/\libhal_bsp.a(alt_irq_entry.o)
 *(.exceptions.notirq.label)
 .exceptions.notirq.label
                0x000000000800008c        0x0 C:/Users/ldu08/OneDrive/Documents/Github/FPGAAudio/software/FPGAAudio_app_bsp/\libhal_bsp.a(alt_irq_entry.o)
 *(.exceptions.notirq.user)
 *(.exceptions.notirq)
 .exceptions.notirq
                0x000000000800008c        0x8 C:/Users/ldu08/OneDrive/Documents/Github/FPGAAudio/software/FPGAAudio_app_bsp/\libhal_bsp.a(alt_exception_entry.o)
 *(.exceptions.soft.user)
 *(.exceptions.soft)
 *(.exceptions.unknown.user)
 *(.exceptions.unknown)
 .exceptions.unknown
                0x0000000008000094       0x14 C:/Users/ldu08/OneDrive/Documents/Github/FPGAAudio/software/FPGAAudio_app_bsp/\libhal_bsp.a(alt_exception_entry.o)
 *(.exceptions.exit.label)
 .exceptions.exit.label
                0x00000000080000a8        0x0 C:/Users/ldu08/OneDrive/Documents/Github/FPGAAudio/software/FPGAAudio_app_bsp/\libhal_bsp.a(alt_irq_entry.o)
 .exceptions.exit.label
                0x00000000080000a8        0x0 C:/Users/ldu08/OneDrive/Documents/Github/FPGAAudio/software/FPGAAudio_app_bsp/\libhal_bsp.a(alt_exception_entry.o)
 *(.exceptions.exit.user)
 *(.exceptions.exit)
 .exceptions.exit
                0x00000000080000a8       0x54 C:/Users/ldu08/OneDrive/Documents/Github/FPGAAudio/software/FPGAAudio_app_bsp/\libhal_bsp.a(alt_exception_entry.o)
 *(.exceptions)
 .exceptions    0x00000000080000fc       0xd4 C:/Users/ldu08/OneDrive/Documents/Github/FPGAAudio/software/FPGAAudio_app_bsp/\libhal_bsp.a(alt_irq_handler.o)
                0x00000000080000fc                alt_irq_handler
 .exceptions    0x00000000080001d0       0x60 C:/Users/ldu08/OneDrive/Documents/Github/FPGAAudio/software/FPGAAudio_app_bsp/\libhal_bsp.a(alt_instruction_exception_entry.o)
                0x00000000080001d0                alt_instruction_exception_entry
                0x0000000008000230                PROVIDE (__ram_exceptions_end, ABSOLUTE (.))
                0x0000000008000020                PROVIDE (__flash_exceptions_start, LOADADDR (.exceptions))

.text           0x0000000008000230     0x2418
                [!provide]                        PROVIDE (stext, ABSOLUTE (.))
 *(.interp)
 *(.hash)
 *(.dynsym)
 *(.dynstr)
 *(.gnu.version)
 *(.gnu.version_d)
 *(.gnu.version_r)
 *(.rel.init)
 *(.rela.init)
 *(.rel.text .rel.text.* .rel.gnu.linkonce.t.*)
 *(.rela.text .rela.text.* .rela.gnu.linkonce.t.*)
 *(.rel.fini)
 *(.rela.fini)
 *(.rel.rodata .rel.rodata.* .rel.gnu.linkonce.r.*)
 *(.rela.rodata .rela.rodata.* .rela.gnu.linkonce.r.*)
 *(.rel.data .rel.data.* .rel.gnu.linkonce.d.*)
 *(.rela.data .rela.data.* .rela.gnu.linkonce.d.*)
 *(.rel.tdata .rel.tdata.* .rel.gnu.linkonce.td.*)
 *(.rela.tdata .rela.tdata.* .rela.gnu.linkonce.td.*)
 *(.rel.tbss .rel.tbss.* .rel.gnu.linkonce.tb.*)
 *(.rela.tbss .rela.tbss.* .rela.gnu.linkonce.tb.*)
 *(.rel.ctors)
 *(.rela.ctors)
 *(.rel.dtors)
 *(.rela.dtors)
 *(.rel.got)
 *(.rela.got)
 *(.rel.sdata .rel.sdata.* .rel.gnu.linkonce.s.*)
 *(.rela.sdata .rela.sdata.* .rela.gnu.linkonce.s.*)
 *(.rel.sbss .rel.sbss.* .rel.gnu.linkonce.sb.*)
 *(.rela.sbss .rela.sbss.* .rela.gnu.linkonce.sb.*)
 *(.rel.sdata2 .rel.sdata2.* .rel.gnu.linkonce.s2.*)
 *(.rela.sdata2 .rela.sdata2.* .rela.gnu.linkonce.s2.*)
 *(.rel.sbss2 .rel.sbss2.* .rel.gnu.linkonce.sb2.*)
 *(.rela.sbss2 .rela.sbss2.* .rela.gnu.linkonce.sb2.*)
 *(.rel.bss .rel.bss.* .rel.gnu.linkonce.b.*)
 *(.rela.bss .rela.bss.* .rela.gnu.linkonce.b.*)
 *(.rel.plt)
 *(.rela.plt)
 *(.rel.dyn)
 *(.init)
 *(.plt)
 *(.text .stub .text.* .gnu.linkonce.t.*)
 .text          0x0000000008000230       0x3c C:/Users/ldu08/OneDrive/Documents/Github/FPGAAudio/software/FPGAAudio_app_bsp//obj/HAL/src/crt0.o
                0x0000000008000230                _start
 .text          0x000000000800026c       0x98 obj/default/main.o
                0x000000000800026c                main
 .text          0x0000000008000304       0xec C:/Users/ldu08/OneDrive/Documents/Github/FPGAAudio/software/FPGAAudio_app_bsp/\libhal_bsp.a(alt_load.o)
                0x000000000800036c                alt_load
 .text          0x00000000080003f0       0x7c C:/Users/ldu08/OneDrive/Documents/Github/FPGAAudio/software/FPGAAudio_app_bsp/\libhal_bsp.a(alt_main.o)
                0x00000000080003f0                alt_main
 .text          0x000000000800046c       0xd0 C:/Users/ldu08/OneDrive/Documents/Github/FPGAAudio/software/FPGAAudio_app_bsp/\libhal_bsp.a(alt_sys_init.o)
                0x00000000080004a0                alt_irq_init
                0x00000000080004d8                alt_sys_init
 .text          0x000000000800053c      0x164 C:/Users/ldu08/OneDrive/Documents/Github/FPGAAudio/software/FPGAAudio_app_bsp/\libhal_bsp.a(altera_avalon_jtag_uart_fd.o)
                0x000000000800053c                altera_avalon_jtag_uart_read_fd
                0x000000000800059c                altera_avalon_jtag_uart_write_fd
                0x00000000080005fc                altera_avalon_jtag_uart_close_fd
                0x000000000800064c                altera_avalon_jtag_uart_ioctl_fd
 .text          0x00000000080006a0      0x3d4 C:/Users/ldu08/OneDrive/Documents/Github/FPGAAudio/software/FPGAAudio_app_bsp/\libhal_bsp.a(altera_avalon_jtag_uart_init.o)
                0x00000000080006a0                altera_avalon_jtag_uart_init
                0x0000000008000a0c                altera_avalon_jtag_uart_close
 .text          0x0000000008000a74       0xf0 C:/Users/ldu08/OneDrive/Documents/Github/FPGAAudio/software/FPGAAudio_app_bsp/\libhal_bsp.a(altera_avalon_jtag_uart_ioctl.o)
                0x0000000008000a74                altera_avalon_jtag_uart_ioctl
 .text          0x0000000008000b64      0x21c C:/Users/ldu08/OneDrive/Documents/Github/FPGAAudio/software/FPGAAudio_app_bsp/\libhal_bsp.a(altera_avalon_jtag_uart_read.o)
                0x0000000008000b64                altera_avalon_jtag_uart_read
 .text          0x0000000008000d80      0x224 C:/Users/ldu08/OneDrive/Documents/Github/FPGAAudio/software/FPGAAudio_app_bsp/\libhal_bsp.a(altera_avalon_jtag_uart_write.o)
                0x0000000008000d80                altera_avalon_jtag_uart_write
 .text          0x0000000008000fa4       0xf4 C:/Users/ldu08/OneDrive/Documents/Github/FPGAAudio/software/FPGAAudio_app_bsp/\libhal_bsp.a(altera_avalon_timer_sc.o)
                0x000000000800101c                alt_avalon_timer_sc_init
 .text          0x0000000008001098      0x12c C:/Users/ldu08/OneDrive/Documents/Github/FPGAAudio/software/FPGAAudio_app_bsp/\libhal_bsp.a(alt_alarm_start.o)
                0x0000000008001098                alt_alarm_start
 .text          0x00000000080011c4      0x114 C:/Users/ldu08/OneDrive/Documents/Github/FPGAAudio/software/FPGAAudio_app_bsp/\libhal_bsp.a(alt_close.o)
                0x0000000008001200                close
 .text          0x00000000080012d8       0x20 C:/Users/ldu08/OneDrive/Documents/Github/FPGAAudio/software/FPGAAudio_app_bsp/\libhal_bsp.a(alt_dcache_flush_all.o)
                0x00000000080012d8                alt_dcache_flush_all
 .text          0x00000000080012f8       0x2c C:/Users/ldu08/OneDrive/Documents/Github/FPGAAudio/software/FPGAAudio_app_bsp/\libhal_bsp.a(alt_dev.o)
 .text          0x0000000008001324       0xe0 C:/Users/ldu08/OneDrive/Documents/Github/FPGAAudio/software/FPGAAudio_app_bsp/\libhal_bsp.a(alt_dev_llist_insert.o)
                0x0000000008001360                alt_dev_llist_insert
 .text          0x0000000008001404       0x60 C:/Users/ldu08/OneDrive/Documents/Github/FPGAAudio/software/FPGAAudio_app_bsp/\libhal_bsp.a(alt_do_ctors.o)
                0x0000000008001404                _do_ctors
 .text          0x0000000008001464       0x60 C:/Users/ldu08/OneDrive/Documents/Github/FPGAAudio/software/FPGAAudio_app_bsp/\libhal_bsp.a(alt_do_dtors.o)
                0x0000000008001464                _do_dtors
 .text          0x00000000080014c4        0x0 C:/Users/ldu08/OneDrive/Documents/Github/FPGAAudio/software/FPGAAudio_app_bsp/\libhal_bsp.a(alt_errno.o)
 .text          0x00000000080014c4       0x20 C:/Users/ldu08/OneDrive/Documents/Github/FPGAAudio/software/FPGAAudio_app_bsp/\libhal_bsp.a(alt_icache_flush_all.o)
                0x00000000080014c4                alt_icache_flush_all
 .text          0x00000000080014e4      0x1b0 C:/Users/ldu08/OneDrive/Documents/Github/FPGAAudio/software/FPGAAudio_app_bsp/\libhal_bsp.a(alt_iic.o)
                0x00000000080014e4                alt_ic_isr_register
                0x0000000008001534                alt_ic_irq_enable
                0x00000000080015bc                alt_ic_irq_disable
                0x0000000008001648                alt_ic_irq_enabled
 .text          0x0000000008001694       0xf0 C:/Users/ldu08/OneDrive/Documents/Github/FPGAAudio/software/FPGAAudio_app_bsp/\libhal_bsp.a(alt_iic_isr_register.o)
                0x0000000008001694                alt_iic_isr_register
 .text          0x0000000008001784      0x160 C:/Users/ldu08/OneDrive/Documents/Github/FPGAAudio/software/FPGAAudio_app_bsp/\libhal_bsp.a(alt_io_redirect.o)
                0x0000000008001868                alt_io_redirect
 .text          0x00000000080018e4        0x0 C:/Users/ldu08/OneDrive/Documents/Github/FPGAAudio/software/FPGAAudio_app_bsp/\libhal_bsp.a(alt_irq_entry.o)
 .text          0x00000000080018e4        0x0 C:/Users/ldu08/OneDrive/Documents/Github/FPGAAudio/software/FPGAAudio_app_bsp/\libhal_bsp.a(alt_irq_handler.o)
 .text          0x00000000080018e4        0x0 C:/Users/ldu08/OneDrive/Documents/Github/FPGAAudio/software/FPGAAudio_app_bsp/\libhal_bsp.a(alt_irq_vars.o)
 .text          0x00000000080018e4      0x284 C:/Users/ldu08/OneDrive/Documents/Github/FPGAAudio/software/FPGAAudio_app_bsp/\libhal_bsp.a(alt_open.o)
                0x0000000008001a0c                open
 .text          0x0000000008001b68       0x84 C:/Users/ldu08/OneDrive/Documents/Github/FPGAAudio/software/FPGAAudio_app_bsp/\libhal_bsp.a(alt_release_fd.o)
                0x0000000008001b68                alt_release_fd
 .text          0x0000000008001bec      0x1a4 C:/Users/ldu08/OneDrive/Documents/Github/FPGAAudio/software/FPGAAudio_app_bsp/\libhal_bsp.a(alt_tick.o)
                0x0000000008001bec                alt_alarm_stop
                0x0000000008001c88                alt_tick
 .text          0x0000000008001d90       0x24 C:/Users/ldu08/OneDrive/Documents/Github/FPGAAudio/software/FPGAAudio_app_bsp/\libhal_bsp.a(altera_nios2_gen2_irq.o)
                0x0000000008001d90                altera_nios2_gen2_irq_init
 .text          0x0000000008001db4        0x0 C:/Users/ldu08/OneDrive/Documents/Github/FPGAAudio/software/FPGAAudio_app_bsp/\libhal_bsp.a(alt_exception_entry.o)
 .text          0x0000000008001db4       0x90 C:/Users/ldu08/OneDrive/Documents/Github/FPGAAudio/software/FPGAAudio_app_bsp/\libhal_bsp.a(alt_find_dev.o)
                0x0000000008001db4                alt_find_dev
 .text          0x0000000008001e44      0x108 C:/Users/ldu08/OneDrive/Documents/Github/FPGAAudio/software/FPGAAudio_app_bsp/\libhal_bsp.a(alt_find_file.o)
                0x0000000008001e44                alt_find_file
 .text          0x0000000008001f4c       0xc4 C:/Users/ldu08/OneDrive/Documents/Github/FPGAAudio/software/FPGAAudio_app_bsp/\libhal_bsp.a(alt_get_fd.o)
                0x0000000008001f4c                alt_get_fd
 .text          0x0000000008002010       0x9c C:/Users/ldu08/OneDrive/Documents/Github/FPGAAudio/software/FPGAAudio_app_bsp/\libhal_bsp.a(alt_instruction_exception_entry.o)
                0x0000000008002010                alt_exception_cause_generated_bad_addr
 .text          0x00000000080020ac        0x0 c:/intelfpga_lite/18.1/nios2eds/bin/gnu/h-x86_64-mingw32/bin/../lib/gcc/nios2-elf/5.3.0/../../../../../H-x86_64-mingw32/nios2-elf/lib/mno-hw-mul\libc.a(lib_a-atexit.o)
 .text.atexit   0x00000000080020ac       0x14 c:/intelfpga_lite/18.1/nios2eds/bin/gnu/h-x86_64-mingw32/bin/../lib/gcc/nios2-elf/5.3.0/../../../../../H-x86_64-mingw32/nios2-elf/lib/mno-hw-mul\libc.a(lib_a-atexit.o)
                0x00000000080020ac                atexit
 .text          0x00000000080020c0        0x0 c:/intelfpga_lite/18.1/nios2eds/bin/gnu/h-x86_64-mingw32/bin/../lib/gcc/nios2-elf/5.3.0/../../../../../H-x86_64-mingw32/nios2-elf/lib/mno-hw-mul\libc.a(lib_a-exit.o)
 .text.exit     0x00000000080020c0       0x38 c:/intelfpga_lite/18.1/nios2eds/bin/gnu/h-x86_64-mingw32/bin/../lib/gcc/nios2-elf/5.3.0/../../../../../H-x86_64-mingw32/nios2-elf/lib/mno-hw-mul\libc.a(lib_a-exit.o)
                0x00000000080020c0                exit
 .text          0x00000000080020f8        0x0 c:/intelfpga_lite/18.1/nios2eds/bin/gnu/h-x86_64-mingw32/bin/../lib/gcc/nios2-elf/5.3.0/../../../../../H-x86_64-mingw32/nios2-elf/lib/mno-hw-mul\libc.a(lib_a-impure.o)
 .text          0x00000000080020f8        0x0 c:/intelfpga_lite/18.1/nios2eds/bin/gnu/h-x86_64-mingw32/bin/../lib/gcc/nios2-elf/5.3.0/../../../../../H-x86_64-mingw32/nios2-elf/lib/mno-hw-mul\libc.a(lib_a-int_errno.o)
 .text          0x00000000080020f8        0x0 c:/intelfpga_lite/18.1/nios2eds/bin/gnu/h-x86_64-mingw32/bin/../lib/gcc/nios2-elf/5.3.0/../../../../../H-x86_64-mingw32/nios2-elf/lib/mno-hw-mul\libc.a(lib_a-memcmp.o)
 .text.memcmp   0x00000000080020f8       0x7c c:/intelfpga_lite/18.1/nios2eds/bin/gnu/h-x86_64-mingw32/bin/../lib/gcc/nios2-elf/5.3.0/../../../../../H-x86_64-mingw32/nios2-elf/lib/mno-hw-mul\libc.a(lib_a-memcmp.o)
                0x00000000080020f8                memcmp
 .text          0x0000000008002174        0x0 c:/intelfpga_lite/18.1/nios2eds/bin/gnu/h-x86_64-mingw32/bin/../lib/gcc/nios2-elf/5.3.0/../../../../../H-x86_64-mingw32/nios2-elf/lib/mno-hw-mul\libc.a(lib_a-memcpy.o)
 .text.memcpy   0x0000000008002174      0x148 c:/intelfpga_lite/18.1/nios2eds/bin/gnu/h-x86_64-mingw32/bin/../lib/gcc/nios2-elf/5.3.0/../../../../../H-x86_64-mingw32/nios2-elf/lib/mno-hw-mul\libc.a(lib_a-memcpy.o)
                0x0000000008002174                memcpy
 .text          0x00000000080022bc        0x0 c:/intelfpga_lite/18.1/nios2eds/bin/gnu/h-x86_64-mingw32/bin/../lib/gcc/nios2-elf/5.3.0/../../../../../H-x86_64-mingw32/nios2-elf/lib/mno-hw-mul\libc.a(lib_a-strlen.o)
 .text.strlen   0x00000000080022bc       0x98 c:/intelfpga_lite/18.1/nios2eds/bin/gnu/h-x86_64-mingw32/bin/../lib/gcc/nios2-elf/5.3.0/../../../../../H-x86_64-mingw32/nios2-elf/lib/mno-hw-mul\libc.a(lib_a-strlen.o)
                0x00000000080022bc                strlen
 .text          0x0000000008002354        0x0 c:/intelfpga_lite/18.1/nios2eds/bin/gnu/h-x86_64-mingw32/bin/../lib/gcc/nios2-elf/5.3.0/../../../../../H-x86_64-mingw32/nios2-elf/lib/mno-hw-mul\libc.a(lib_a-__atexit.o)
 .text.__register_exitproc
                0x0000000008002354      0x118 c:/intelfpga_lite/18.1/nios2eds/bin/gnu/h-x86_64-mingw32/bin/../lib/gcc/nios2-elf/5.3.0/../../../../../H-x86_64-mingw32/nios2-elf/lib/mno-hw-mul\libc.a(lib_a-__atexit.o)
                0x0000000008002354                __register_exitproc
 .text          0x000000000800246c        0x0 c:/intelfpga_lite/18.1/nios2eds/bin/gnu/h-x86_64-mingw32/bin/../lib/gcc/nios2-elf/5.3.0/../../../../../H-x86_64-mingw32/nios2-elf/lib/mno-hw-mul\libc.a(lib_a-__call_atexit.o)
 .text.__call_exitprocs
                0x000000000800246c      0x180 c:/intelfpga_lite/18.1/nios2eds/bin/gnu/h-x86_64-mingw32/bin/../lib/gcc/nios2-elf/5.3.0/../../../../../H-x86_64-mingw32/nios2-elf/lib/mno-hw-mul\libc.a(lib_a-__call_atexit.o)
                0x000000000800246c                __call_exitprocs
 .text          0x00000000080025ec       0x28 c:/intelfpga_lite/18.1/nios2eds/bin/gnu/h-x86_64-mingw32/bin/../lib/gcc/nios2-elf/5.3.0/mno-hw-mul\libgcc.a(lib2-mul.o)
                0x00000000080025ec                __mulsi3
 .text          0x0000000008002614       0x34 C:/Users/ldu08/OneDrive/Documents/Github/FPGAAudio/software/FPGAAudio_app_bsp/\libhal_bsp.a(alt_exit.o)
                0x0000000008002614                _exit
 *(.gnu.warning.*)
 *(.fini)
                [!provide]                        PROVIDE (__etext, ABSOLUTE (.))
                [!provide]                        PROVIDE (_etext, ABSOLUTE (.))
                [!provide]                        PROVIDE (etext, ABSOLUTE (.))
 *(.eh_frame_hdr)
                0x0000000008002648                . = ALIGN (0x4)
                [!provide]                        PROVIDE (__preinit_array_start, ABSOLUTE (.))
 *(.preinit_array)
                [!provide]                        PROVIDE (__preinit_array_end, ABSOLUTE (.))
                [!provide]                        PROVIDE (__init_array_start, ABSOLUTE (.))
 *(.init_array)
                [!provide]                        PROVIDE (__init_array_end, ABSOLUTE (.))
                [!provide]                        PROVIDE (__fini_array_start, ABSOLUTE (.))
 *(.fini_array)
                [!provide]                        PROVIDE (__fini_array_end, ABSOLUTE (.))
 *(.eh_frame)
 *(.gcc_except_table .gcc_except_table.*)
 *(.dynamic)
                0x0000000008002648                PROVIDE (__CTOR_LIST__, ABSOLUTE (.))
 *(.ctors)
 *(SORT(.ctors.*))
                0x0000000008002648                PROVIDE (__CTOR_END__, ABSOLUTE (.))
                0x0000000008002648                PROVIDE (__DTOR_LIST__, ABSOLUTE (.))
 *(.dtors)
 *(SORT(.dtors.*))
                0x0000000008002648                PROVIDE (__DTOR_END__, ABSOLUTE (.))
 *(.jcr)
                0x0000000008002648                . = ALIGN (0x4)

.rodata         0x0000000008002648       0x38
                0x0000000008002648                PROVIDE (__ram_rodata_start, ABSOLUTE (.))
                0x0000000008002648                . = ALIGN (0x4)
 *(.rodata .rodata.* .gnu.linkonce.r.*)
 .rodata        0x0000000008002648       0x11 C:/Users/ldu08/OneDrive/Documents/Github/FPGAAudio/software/FPGAAudio_app_bsp/\libhal_bsp.a(alt_main.o)
 *fill*         0x0000000008002659        0x3 
 .rodata        0x000000000800265c       0x11 C:/Users/ldu08/OneDrive/Documents/Github/FPGAAudio/software/FPGAAudio_app_bsp/\libhal_bsp.a(alt_sys_init.o)
 *fill*         0x000000000800266d        0x3 
 .rodata        0x0000000008002670        0xa C:/Users/ldu08/OneDrive/Documents/Github/FPGAAudio/software/FPGAAudio_app_bsp/\libhal_bsp.a(alt_dev.o)
 *fill*         0x000000000800267a        0x2 
 .rodata.str1.4
                0x000000000800267c        0x4 c:/intelfpga_lite/18.1/nios2eds/bin/gnu/h-x86_64-mingw32/bin/../lib/gcc/nios2-elf/5.3.0/../../../../../H-x86_64-mingw32/nios2-elf/lib/mno-hw-mul\libc.a(lib_a-impure.o)
                                          0x2 (size before relaxing)
 *(.rodata1)
                0x0000000008002680                . = ALIGN (0x4)
                0x0000000008002680                PROVIDE (__ram_rodata_end, ABSOLUTE (.))
                0x0000000008002648                PROVIDE (__flash_rodata_start, LOADADDR (.rodata))

.rwdata         0x0000000008002680     0x1658 load address 0x0000000008003cd8
                0x0000000008002680                PROVIDE (__ram_rwdata_start, ABSOLUTE (.))
                0x0000000008002680                . = ALIGN (0x4)
 *(.got.plt)
 *(.got)
 *(.data1)
 *(.data .data.* .gnu.linkonce.d.*)
 .data          0x0000000008002680        0x0 C:/Users/ldu08/OneDrive/Documents/Github/FPGAAudio/software/FPGAAudio_app_bsp//obj/HAL/src/crt0.o
 .data          0x0000000008002680        0x0 obj/default/main.o
 .data          0x0000000008002680        0x0 C:/Users/ldu08/OneDrive/Documents/Github/FPGAAudio/software/FPGAAudio_app_bsp/\libhal_bsp.a(alt_load.o)
 .data          0x0000000008002680        0x0 C:/Users/ldu08/OneDrive/Documents/Github/FPGAAudio/software/FPGAAudio_app_bsp/\libhal_bsp.a(alt_main.o)
 .data          0x0000000008002680     0x1060 C:/Users/ldu08/OneDrive/Documents/Github/FPGAAudio/software/FPGAAudio_app_bsp/\libhal_bsp.a(alt_sys_init.o)
 .data          0x00000000080036e0        0x0 C:/Users/ldu08/OneDrive/Documents/Github/FPGAAudio/software/FPGAAudio_app_bsp/\libhal_bsp.a(altera_avalon_jtag_uart_fd.o)
 .data          0x00000000080036e0        0x0 C:/Users/ldu08/OneDrive/Documents/Github/FPGAAudio/software/FPGAAudio_app_bsp/\libhal_bsp.a(altera_avalon_jtag_uart_init.o)
 .data          0x00000000080036e0        0x0 C:/Users/ldu08/OneDrive/Documents/Github/FPGAAudio/software/FPGAAudio_app_bsp/\libhal_bsp.a(altera_avalon_jtag_uart_ioctl.o)
 .data          0x00000000080036e0        0x0 C:/Users/ldu08/OneDrive/Documents/Github/FPGAAudio/software/FPGAAudio_app_bsp/\libhal_bsp.a(altera_avalon_jtag_uart_read.o)
 .data          0x00000000080036e0        0x0 C:/Users/ldu08/OneDrive/Documents/Github/FPGAAudio/software/FPGAAudio_app_bsp/\libhal_bsp.a(altera_avalon_jtag_uart_write.o)
 .data          0x00000000080036e0        0x0 C:/Users/ldu08/OneDrive/Documents/Github/FPGAAudio/software/FPGAAudio_app_bsp/\libhal_bsp.a(altera_avalon_timer_sc.o)
 .data          0x00000000080036e0        0x0 C:/Users/ldu08/OneDrive/Documents/Github/FPGAAudio/software/FPGAAudio_app_bsp/\libhal_bsp.a(alt_alarm_start.o)
 .data          0x00000000080036e0        0x0 C:/Users/ldu08/OneDrive/Documents/Github/FPGAAudio/software/FPGAAudio_app_bsp/\libhal_bsp.a(alt_close.o)
 .data          0x00000000080036e0        0x0 C:/Users/ldu08/OneDrive/Documents/Github/FPGAAudio/software/FPGAAudio_app_bsp/\libhal_bsp.a(alt_dcache_flush_all.o)
 .data          0x00000000080036e0      0x1a8 C:/Users/ldu08/OneDrive/Documents/Github/FPGAAudio/software/FPGAAudio_app_bsp/\libhal_bsp.a(alt_dev.o)
                0x00000000080036e0                alt_dev_null
                0x0000000008003708                alt_fd_list
 .data          0x0000000008003888        0x0 C:/Users/ldu08/OneDrive/Documents/Github/FPGAAudio/software/FPGAAudio_app_bsp/\libhal_bsp.a(alt_dev_llist_insert.o)
 .data          0x0000000008003888        0x0 C:/Users/ldu08/OneDrive/Documents/Github/FPGAAudio/software/FPGAAudio_app_bsp/\libhal_bsp.a(alt_do_ctors.o)
 .data          0x0000000008003888        0x0 C:/Users/ldu08/OneDrive/Documents/Github/FPGAAudio/software/FPGAAudio_app_bsp/\libhal_bsp.a(alt_do_dtors.o)
 .data          0x0000000008003888        0x0 C:/Users/ldu08/OneDrive/Documents/Github/FPGAAudio/software/FPGAAudio_app_bsp/\libhal_bsp.a(alt_errno.o)
 .data          0x0000000008003888        0x0 C:/Users/ldu08/OneDrive/Documents/Github/FPGAAudio/software/FPGAAudio_app_bsp/\libhal_bsp.a(alt_icache_flush_all.o)
 .data          0x0000000008003888        0x0 C:/Users/ldu08/OneDrive/Documents/Github/FPGAAudio/software/FPGAAudio_app_bsp/\libhal_bsp.a(alt_iic.o)
 .data          0x0000000008003888        0x0 C:/Users/ldu08/OneDrive/Documents/Github/FPGAAudio/software/FPGAAudio_app_bsp/\libhal_bsp.a(alt_iic_isr_register.o)
 .data          0x0000000008003888        0x0 C:/Users/ldu08/OneDrive/Documents/Github/FPGAAudio/software/FPGAAudio_app_bsp/\libhal_bsp.a(alt_io_redirect.o)
 .data          0x0000000008003888        0x0 C:/Users/ldu08/OneDrive/Documents/Github/FPGAAudio/software/FPGAAudio_app_bsp/\libhal_bsp.a(alt_irq_entry.o)
 .data          0x0000000008003888        0x0 C:/Users/ldu08/OneDrive/Documents/Github/FPGAAudio/software/FPGAAudio_app_bsp/\libhal_bsp.a(alt_irq_handler.o)
 .data          0x0000000008003888        0x0 C:/Users/ldu08/OneDrive/Documents/Github/FPGAAudio/software/FPGAAudio_app_bsp/\libhal_bsp.a(alt_irq_vars.o)
 .data          0x0000000008003888        0x0 C:/Users/ldu08/OneDrive/Documents/Github/FPGAAudio/software/FPGAAudio_app_bsp/\libhal_bsp.a(alt_open.o)
 .data          0x0000000008003888        0x0 C:/Users/ldu08/OneDrive/Documents/Github/FPGAAudio/software/FPGAAudio_app_bsp/\libhal_bsp.a(alt_release_fd.o)
 .data          0x0000000008003888        0x0 C:/Users/ldu08/OneDrive/Documents/Github/FPGAAudio/software/FPGAAudio_app_bsp/\libhal_bsp.a(alt_tick.o)
 .data          0x0000000008003888        0x0 C:/Users/ldu08/OneDrive/Documents/Github/FPGAAudio/software/FPGAAudio_app_bsp/\libhal_bsp.a(altera_nios2_gen2_irq.o)
 .data          0x0000000008003888        0x0 C:/Users/ldu08/OneDrive/Documents/Github/FPGAAudio/software/FPGAAudio_app_bsp/\libhal_bsp.a(alt_exception_entry.o)
 .data          0x0000000008003888        0x0 C:/Users/ldu08/OneDrive/Documents/Github/FPGAAudio/software/FPGAAudio_app_bsp/\libhal_bsp.a(alt_find_dev.o)
 .data          0x0000000008003888        0x0 C:/Users/ldu08/OneDrive/Documents/Github/FPGAAudio/software/FPGAAudio_app_bsp/\libhal_bsp.a(alt_find_file.o)
 .data          0x0000000008003888        0x0 C:/Users/ldu08/OneDrive/Documents/Github/FPGAAudio/software/FPGAAudio_app_bsp/\libhal_bsp.a(alt_get_fd.o)
 .data          0x0000000008003888        0x0 C:/Users/ldu08/OneDrive/Documents/Github/FPGAAudio/software/FPGAAudio_app_bsp/\libhal_bsp.a(alt_instruction_exception_entry.o)
 .data          0x0000000008003888        0x0 c:/intelfpga_lite/18.1/nios2eds/bin/gnu/h-x86_64-mingw32/bin/../lib/gcc/nios2-elf/5.3.0/../../../../../H-x86_64-mingw32/nios2-elf/lib/mno-hw-mul\libc.a(lib_a-atexit.o)
 .data          0x0000000008003888        0x0 c:/intelfpga_lite/18.1/nios2eds/bin/gnu/h-x86_64-mingw32/bin/../lib/gcc/nios2-elf/5.3.0/../../../../../H-x86_64-mingw32/nios2-elf/lib/mno-hw-mul\libc.a(lib_a-exit.o)
 .data          0x0000000008003888        0x0 c:/intelfpga_lite/18.1/nios2eds/bin/gnu/h-x86_64-mingw32/bin/../lib/gcc/nios2-elf/5.3.0/../../../../../H-x86_64-mingw32/nios2-elf/lib/mno-hw-mul\libc.a(lib_a-impure.o)
 .data.impure_data
                0x0000000008003888      0x424 c:/intelfpga_lite/18.1/nios2eds/bin/gnu/h-x86_64-mingw32/bin/../lib/gcc/nios2-elf/5.3.0/../../../../../H-x86_64-mingw32/nios2-elf/lib/mno-hw-mul\libc.a(lib_a-impure.o)
 .data          0x0000000008003cac        0x0 c:/intelfpga_lite/18.1/nios2eds/bin/gnu/h-x86_64-mingw32/bin/../lib/gcc/nios2-elf/5.3.0/../../../../../H-x86_64-mingw32/nios2-elf/lib/mno-hw-mul\libc.a(lib_a-int_errno.o)
 .data          0x0000000008003cac        0x0 c:/intelfpga_lite/18.1/nios2eds/bin/gnu/h-x86_64-mingw32/bin/../lib/gcc/nios2-elf/5.3.0/../../../../../H-x86_64-mingw32/nios2-elf/lib/mno-hw-mul\libc.a(lib_a-memcmp.o)
 .data          0x0000000008003cac        0x0 c:/intelfpga_lite/18.1/nios2eds/bin/gnu/h-x86_64-mingw32/bin/../lib/gcc/nios2-elf/5.3.0/../../../../../H-x86_64-mingw32/nios2-elf/lib/mno-hw-mul\libc.a(lib_a-memcpy.o)
 .data          0x0000000008003cac        0x0 c:/intelfpga_lite/18.1/nios2eds/bin/gnu/h-x86_64-mingw32/bin/../lib/gcc/nios2-elf/5.3.0/../../../../../H-x86_64-mingw32/nios2-elf/lib/mno-hw-mul\libc.a(lib_a-strlen.o)
 .data          0x0000000008003cac        0x0 c:/intelfpga_lite/18.1/nios2eds/bin/gnu/h-x86_64-mingw32/bin/../lib/gcc/nios2-elf/5.3.0/../../../../../H-x86_64-mingw32/nios2-elf/lib/mno-hw-mul\libc.a(lib_a-__atexit.o)
 .data          0x0000000008003cac        0x0 c:/intelfpga_lite/18.1/nios2eds/bin/gnu/h-x86_64-mingw32/bin/../lib/gcc/nios2-elf/5.3.0/../../../../../H-x86_64-mingw32/nios2-elf/lib/mno-hw-mul\libc.a(lib_a-__call_atexit.o)
 .data          0x0000000008003cac        0x0 c:/intelfpga_lite/18.1/nios2eds/bin/gnu/h-x86_64-mingw32/bin/../lib/gcc/nios2-elf/5.3.0/mno-hw-mul\libgcc.a(lib2-mul.o)
 .data          0x0000000008003cac        0x0 C:/Users/ldu08/OneDrive/Documents/Github/FPGAAudio/software/FPGAAudio_app_bsp/\libhal_bsp.a(alt_exit.o)
                0x000000000800bcac                _gp = ABSOLUTE ((. + 0x8000))
                [!provide]                        PROVIDE (gp, _gp)
 *(.rwdata .rwdata.*)
 *(.sdata .sdata.* .gnu.linkonce.s.*)
 .sdata         0x0000000008003cac       0x14 C:/Users/ldu08/OneDrive/Documents/Github/FPGAAudio/software/FPGAAudio_app_bsp/\libhal_bsp.a(alt_dev.o)
                0x0000000008003cac                alt_fs_list
                0x0000000008003cb4                alt_dev_list
                0x0000000008003cbc                alt_max_fd
 .sdata         0x0000000008003cc0        0x4 C:/Users/ldu08/OneDrive/Documents/Github/FPGAAudio/software/FPGAAudio_app_bsp/\libhal_bsp.a(alt_errno.o)
                0x0000000008003cc0                alt_errno
 .sdata         0x0000000008003cc4        0x4 C:/Users/ldu08/OneDrive/Documents/Github/FPGAAudio/software/FPGAAudio_app_bsp/\libhal_bsp.a(alt_irq_vars.o)
                0x0000000008003cc4                alt_priority_mask
 .sdata         0x0000000008003cc8        0x8 C:/Users/ldu08/OneDrive/Documents/Github/FPGAAudio/software/FPGAAudio_app_bsp/\libhal_bsp.a(alt_tick.o)
                0x0000000008003cc8                alt_alarm_list
 .sdata._global_impure_ptr
                0x0000000008003cd0        0x4 c:/intelfpga_lite/18.1/nios2eds/bin/gnu/h-x86_64-mingw32/bin/../lib/gcc/nios2-elf/5.3.0/../../../../../H-x86_64-mingw32/nios2-elf/lib/mno-hw-mul\libc.a(lib_a-impure.o)
                0x0000000008003cd0                _global_impure_ptr
 .sdata._impure_ptr
                0x0000000008003cd4        0x4 c:/intelfpga_lite/18.1/nios2eds/bin/gnu/h-x86_64-mingw32/bin/../lib/gcc/nios2-elf/5.3.0/../../../../../H-x86_64-mingw32/nios2-elf/lib/mno-hw-mul\libc.a(lib_a-impure.o)
                0x0000000008003cd4                _impure_ptr
 *(.sdata2 .sdata2.* .gnu.linkonce.s2.*)
                0x0000000008003cd8                . = ALIGN (0x4)
                0x0000000008003cd8                _edata = ABSOLUTE (.)
                [!provide]                        PROVIDE (edata, ABSOLUTE (.))
                0x0000000008003cd8                PROVIDE (__ram_rwdata_end, ABSOLUTE (.))
                0x0000000008003cd8                PROVIDE (__flash_rwdata_start, LOADADDR (.rwdata))

.bss            0x0000000008005330      0x120
                0x0000000008005330                __bss_start = ABSOLUTE (.)
                [!provide]                        PROVIDE (__sbss_start, ABSOLUTE (.))
                [!provide]                        PROVIDE (___sbss_start, ABSOLUTE (.))
 *(.dynsbss)
 *(.sbss .sbss.* .gnu.linkonce.sb.*)
 .sbss          0x0000000008005330        0xc C:/Users/ldu08/OneDrive/Documents/Github/FPGAAudio/software/FPGAAudio_app_bsp/\libhal_bsp.a(alt_main.o)
                0x0000000008005330                alt_argc
                0x0000000008005334                alt_argv
                0x0000000008005338                alt_envp
 .sbss          0x000000000800533c        0x4 C:/Users/ldu08/OneDrive/Documents/Github/FPGAAudio/software/FPGAAudio_app_bsp/\libhal_bsp.a(alt_irq_vars.o)
                0x000000000800533c                alt_irq_active
 .sbss          0x0000000008005340        0x8 C:/Users/ldu08/OneDrive/Documents/Github/FPGAAudio/software/FPGAAudio_app_bsp/\libhal_bsp.a(alt_tick.o)
                0x0000000008005340                _alt_tick_rate
                0x0000000008005344                _alt_nticks
 .sbss          0x0000000008005348        0x4 C:/Users/ldu08/OneDrive/Documents/Github/FPGAAudio/software/FPGAAudio_app_bsp/\libhal_bsp.a(alt_instruction_exception_entry.o)
                0x0000000008005348                alt_instruction_exception_handler
 .sbss          0x000000000800534c        0x4 c:/intelfpga_lite/18.1/nios2eds/bin/gnu/h-x86_64-mingw32/bin/../lib/gcc/nios2-elf/5.3.0/../../../../../H-x86_64-mingw32/nios2-elf/lib/mno-hw-mul\libc.a(lib_a-int_errno.o)
                0x000000000800534c                errno
 *(.sbss2 .sbss2.* .gnu.linkonce.sb2.*)
 *(.scommon)
                [!provide]                        PROVIDE (__sbss_end, ABSOLUTE (.))
                [!provide]                        PROVIDE (___sbss_end, ABSOLUTE (.))
 *(.dynbss)
 *(.bss .bss.* .gnu.linkonce.b.*)
 .bss           0x0000000008005350        0x0 C:/Users/ldu08/OneDrive/Documents/Github/FPGAAudio/software/FPGAAudio_app_bsp//obj/HAL/src/crt0.o
 .bss           0x0000000008005350        0x0 obj/default/main.o
 .bss           0x0000000008005350        0x0 C:/Users/ldu08/OneDrive/Documents/Github/FPGAAudio/software/FPGAAudio_app_bsp/\libhal_bsp.a(alt_load.o)
 .bss           0x0000000008005350        0x0 C:/Users/ldu08/OneDrive/Documents/Github/FPGAAudio/software/FPGAAudio_app_bsp/\libhal_bsp.a(alt_main.o)
 .bss           0x0000000008005350        0x0 C:/Users/ldu08/OneDrive/Documents/Github/FPGAAudio/software/FPGAAudio_app_bsp/\libhal_bsp.a(alt_sys_init.o)
 .bss           0x0000000008005350        0x0 C:/Users/ldu08/OneDrive/Documents/Github/FPGAAudio/software/FPGAAudio_app_bsp/\libhal_bsp.a(altera_avalon_jtag_uart_fd.o)
 .bss           0x0000000008005350        0x0 C:/Users/ldu08/OneDrive/Documents/Github/FPGAAudio/software/FPGAAudio_app_bsp/\libhal_bsp.a(altera_avalon_jtag_uart_init.o)
 .bss           0x0000000008005350        0x0 C:/Users/ldu08/OneDrive/Documents/Github/FPGAAudio/software/FPGAAudio_app_bsp/\libhal_bsp.a(altera_avalon_jtag_uart_ioctl.o)
 .bss           0x0000000008005350        0x0 C:/Users/ldu08/OneDrive/Documents/Github/FPGAAudio/software/FPGAAudio_app_bsp/\libhal_bsp.a(altera_avalon_jtag_uart_read.o)
 .bss           0x0000000008005350        0x0 C:/Users/ldu08/OneDrive/Documents/Github/FPGAAudio/software/FPGAAudio_app_bsp/\libhal_bsp.a(altera_avalon_jtag_uart_write.o)
 .bss           0x0000000008005350        0x0 C:/Users/ldu08/OneDrive/Documents/Github/FPGAAudio/software/FPGAAudio_app_bsp/\libhal_bsp.a(altera_avalon_timer_sc.o)
 .bss           0x0000000008005350        0x0 C:/Users/ldu08/OneDrive/Documents/Github/FPGAAudio/software/FPGAAudio_app_bsp/\libhal_bsp.a(alt_alarm_start.o)
 .bss           0x0000000008005350        0x0 C:/Users/ldu08/OneDrive/Documents/Github/FPGAAudio/software/FPGAAudio_app_bsp/\libhal_bsp.a(alt_close.o)
 .bss           0x0000000008005350        0x0 C:/Users/ldu08/OneDrive/Documents/Github/FPGAAudio/software/FPGAAudio_app_bsp/\libhal_bsp.a(alt_dcache_flush_all.o)
 .bss           0x0000000008005350        0x0 C:/Users/ldu08/OneDrive/Documents/Github/FPGAAudio/software/FPGAAudio_app_bsp/\libhal_bsp.a(alt_dev.o)
 .bss           0x0000000008005350        0x0 C:/Users/ldu08/OneDrive/Documents/Github/FPGAAudio/software/FPGAAudio_app_bsp/\libhal_bsp.a(alt_dev_llist_insert.o)
 .bss           0x0000000008005350        0x0 C:/Users/ldu08/OneDrive/Documents/Github/FPGAAudio/software/FPGAAudio_app_bsp/\libhal_bsp.a(alt_do_ctors.o)
 .bss           0x0000000008005350        0x0 C:/Users/ldu08/OneDrive/Documents/Github/FPGAAudio/software/FPGAAudio_app_bsp/\libhal_bsp.a(alt_do_dtors.o)
 .bss           0x0000000008005350        0x0 C:/Users/ldu08/OneDrive/Documents/Github/FPGAAudio/software/FPGAAudio_app_bsp/\libhal_bsp.a(alt_errno.o)
 .bss           0x0000000008005350        0x0 C:/Users/ldu08/OneDrive/Documents/Github/FPGAAudio/software/FPGAAudio_app_bsp/\libhal_bsp.a(alt_icache_flush_all.o)
 .bss           0x0000000008005350        0x0 C:/Users/ldu08/OneDrive/Documents/Github/FPGAAudio/software/FPGAAudio_app_bsp/\libhal_bsp.a(alt_iic.o)
 .bss           0x0000000008005350        0x0 C:/Users/ldu08/OneDrive/Documents/Github/FPGAAudio/software/FPGAAudio_app_bsp/\libhal_bsp.a(alt_iic_isr_register.o)
 .bss           0x0000000008005350        0x0 C:/Users/ldu08/OneDrive/Documents/Github/FPGAAudio/software/FPGAAudio_app_bsp/\libhal_bsp.a(alt_io_redirect.o)
 .bss           0x0000000008005350        0x0 C:/Users/ldu08/OneDrive/Documents/Github/FPGAAudio/software/FPGAAudio_app_bsp/\libhal_bsp.a(alt_irq_entry.o)
 .bss           0x0000000008005350        0x0 C:/Users/ldu08/OneDrive/Documents/Github/FPGAAudio/software/FPGAAudio_app_bsp/\libhal_bsp.a(alt_irq_handler.o)
 .bss           0x0000000008005350        0x0 C:/Users/ldu08/OneDrive/Documents/Github/FPGAAudio/software/FPGAAudio_app_bsp/\libhal_bsp.a(alt_irq_vars.o)
 .bss           0x0000000008005350        0x0 C:/Users/ldu08/OneDrive/Documents/Github/FPGAAudio/software/FPGAAudio_app_bsp/\libhal_bsp.a(alt_open.o)
 .bss           0x0000000008005350        0x0 C:/Users/ldu08/OneDrive/Documents/Github/FPGAAudio/software/FPGAAudio_app_bsp/\libhal_bsp.a(alt_release_fd.o)
 .bss           0x0000000008005350        0x0 C:/Users/ldu08/OneDrive/Documents/Github/FPGAAudio/software/FPGAAudio_app_bsp/\libhal_bsp.a(alt_tick.o)
 .bss           0x0000000008005350        0x0 C:/Users/ldu08/OneDrive/Documents/Github/FPGAAudio/software/FPGAAudio_app_bsp/\libhal_bsp.a(altera_nios2_gen2_irq.o)
 .bss           0x0000000008005350        0x0 C:/Users/ldu08/OneDrive/Documents/Github/FPGAAudio/software/FPGAAudio_app_bsp/\libhal_bsp.a(alt_exception_entry.o)
 .bss           0x0000000008005350        0x0 C:/Users/ldu08/OneDrive/Documents/Github/FPGAAudio/software/FPGAAudio_app_bsp/\libhal_bsp.a(alt_find_dev.o)
 .bss           0x0000000008005350        0x0 C:/Users/ldu08/OneDrive/Documents/Github/FPGAAudio/software/FPGAAudio_app_bsp/\libhal_bsp.a(alt_find_file.o)
 .bss           0x0000000008005350        0x0 C:/Users/ldu08/OneDrive/Documents/Github/FPGAAudio/software/FPGAAudio_app_bsp/\libhal_bsp.a(alt_get_fd.o)
 .bss           0x0000000008005350        0x0 C:/Users/ldu08/OneDrive/Documents/Github/FPGAAudio/software/FPGAAudio_app_bsp/\libhal_bsp.a(alt_instruction_exception_entry.o)
 .bss           0x0000000008005350        0x0 c:/intelfpga_lite/18.1/nios2eds/bin/gnu/h-x86_64-mingw32/bin/../lib/gcc/nios2-elf/5.3.0/../../../../../H-x86_64-mingw32/nios2-elf/lib/mno-hw-mul\libc.a(lib_a-atexit.o)
 .bss           0x0000000008005350        0x0 c:/intelfpga_lite/18.1/nios2eds/bin/gnu/h-x86_64-mingw32/bin/../lib/gcc/nios2-elf/5.3.0/../../../../../H-x86_64-mingw32/nios2-elf/lib/mno-hw-mul\libc.a(lib_a-exit.o)
 .bss           0x0000000008005350        0x0 c:/intelfpga_lite/18.1/nios2eds/bin/gnu/h-x86_64-mingw32/bin/../lib/gcc/nios2-elf/5.3.0/../../../../../H-x86_64-mingw32/nios2-elf/lib/mno-hw-mul\libc.a(lib_a-impure.o)
 .bss           0x0000000008005350        0x0 c:/intelfpga_lite/18.1/nios2eds/bin/gnu/h-x86_64-mingw32/bin/../lib/gcc/nios2-elf/5.3.0/../../../../../H-x86_64-mingw32/nios2-elf/lib/mno-hw-mul\libc.a(lib_a-int_errno.o)
 .bss           0x0000000008005350        0x0 c:/intelfpga_lite/18.1/nios2eds/bin/gnu/h-x86_64-mingw32/bin/../lib/gcc/nios2-elf/5.3.0/../../../../../H-x86_64-mingw32/nios2-elf/lib/mno-hw-mul\libc.a(lib_a-memcmp.o)
 .bss           0x0000000008005350        0x0 c:/intelfpga_lite/18.1/nios2eds/bin/gnu/h-x86_64-mingw32/bin/../lib/gcc/nios2-elf/5.3.0/../../../../../H-x86_64-mingw32/nios2-elf/lib/mno-hw-mul\libc.a(lib_a-memcpy.o)
 .bss           0x0000000008005350        0x0 c:/intelfpga_lite/18.1/nios2eds/bin/gnu/h-x86_64-mingw32/bin/../lib/gcc/nios2-elf/5.3.0/../../../../../H-x86_64-mingw32/nios2-elf/lib/mno-hw-mul\libc.a(lib_a-strlen.o)
 .bss           0x0000000008005350        0x0 c:/intelfpga_lite/18.1/nios2eds/bin/gnu/h-x86_64-mingw32/bin/../lib/gcc/nios2-elf/5.3.0/../../../../../H-x86_64-mingw32/nios2-elf/lib/mno-hw-mul\libc.a(lib_a-__atexit.o)
 .bss           0x0000000008005350        0x0 c:/intelfpga_lite/18.1/nios2eds/bin/gnu/h-x86_64-mingw32/bin/../lib/gcc/nios2-elf/5.3.0/../../../../../H-x86_64-mingw32/nios2-elf/lib/mno-hw-mul\libc.a(lib_a-__call_atexit.o)
 .bss           0x0000000008005350        0x0 c:/intelfpga_lite/18.1/nios2eds/bin/gnu/h-x86_64-mingw32/bin/../lib/gcc/nios2-elf/5.3.0/mno-hw-mul\libgcc.a(lib2-mul.o)
 .bss           0x0000000008005350        0x0 C:/Users/ldu08/OneDrive/Documents/Github/FPGAAudio/software/FPGAAudio_app_bsp/\libhal_bsp.a(alt_exit.o)
 *(COMMON)
 COMMON         0x0000000008005350      0x100 C:/Users/ldu08/OneDrive/Documents/Github/FPGAAudio/software/FPGAAudio_app_bsp/\libhal_bsp.a(alt_irq_handler.o)
                0x0000000008005350                alt_irq
                0x0000000008005450                . = ALIGN (0x4)
                0x0000000008005450                __bss_end = ABSOLUTE (.)

.onchip_memory2_0
                0x0000000000000000        0x0 load address 0x0000000008005450
                [!provide]                        PROVIDE (_alt_partition_onchip_memory2_0_start, ABSOLUTE (.))
 *(.onchip_memory2_0 .onchip_memory2_0. onchip_memory2_0.*)
                0x0000000000000000                . = ALIGN (0x4)
                [!provide]                        PROVIDE (_alt_partition_onchip_memory2_0_end, ABSOLUTE (.))
                [!provide]                        PROVIDE (_alt_partition_onchip_memory2_0_load_addr, LOADADDR (.onchip_memory2_0))

.sdram          0x0000000008005450        0x0
                [!provide]                        PROVIDE (_alt_partition_sdram_start, ABSOLUTE (.))
 *(.sdram .sdram. sdram.*)
                0x0000000008005450                . = ALIGN (0x4)
                [!provide]                        PROVIDE (_alt_partition_sdram_end, ABSOLUTE (.))
                0x0000000008005450                _end = ABSOLUTE (.)
                0x0000000008005450                end = ABSOLUTE (.)
                0x0000000008005450                __alt_stack_base = ABSOLUTE (.)
                [!provide]                        PROVIDE (_alt_partition_sdram_load_addr, LOADADDR (.sdram))

.stab
 *(.stab)

.stabstr
 *(.stabstr)

.stab.excl
 *(.stab.excl)

.stab.exclstr
 *(.stab.exclstr)

.stab.index
 *(.stab.index)

.stab.indexstr
 *(.stab.indexstr)

.comment        0x0000000000000000       0x23
 *(.comment)
 .comment       0x0000000000000000       0x23 obj/default/main.o
                                         0x24 (size before relaxing)
 .comment       0x0000000000000023       0x24 C:/Users/ldu08/OneDrive/Documents/Github/FPGAAudio/software/FPGAAudio_app_bsp/\libhal_bsp.a(alt_load.o)
 .comment       0x0000000000000023       0x24 C:/Users/ldu08/OneDrive/Documents/Github/FPGAAudio/software/FPGAAudio_app_bsp/\libhal_bsp.a(alt_main.o)
 .comment       0x0000000000000023       0x24 C:/Users/ldu08/OneDrive/Documents/Github/FPGAAudio/software/FPGAAudio_app_bsp/\libhal_bsp.a(alt_sys_init.o)
 .comment       0x0000000000000023       0x24 C:/Users/ldu08/OneDrive/Documents/Github/FPGAAudio/software/FPGAAudio_app_bsp/\libhal_bsp.a(altera_avalon_jtag_uart_fd.o)
 .comment       0x0000000000000023       0x24 C:/Users/ldu08/OneDrive/Documents/Github/FPGAAudio/software/FPGAAudio_app_bsp/\libhal_bsp.a(altera_avalon_jtag_uart_init.o)
 .comment       0x0000000000000023       0x24 C:/Users/ldu08/OneDrive/Documents/Github/FPGAAudio/software/FPGAAudio_app_bsp/\libhal_bsp.a(altera_avalon_jtag_uart_ioctl.o)
 .comment       0x0000000000000023       0x24 C:/Users/ldu08/OneDrive/Documents/Github/FPGAAudio/software/FPGAAudio_app_bsp/\libhal_bsp.a(altera_avalon_jtag_uart_read.o)
 .comment       0x0000000000000023       0x24 C:/Users/ldu08/OneDrive/Documents/Github/FPGAAudio/software/FPGAAudio_app_bsp/\libhal_bsp.a(altera_avalon_jtag_uart_write.o)
 .comment       0x0000000000000023       0x24 C:/Users/ldu08/OneDrive/Documents/Github/FPGAAudio/software/FPGAAudio_app_bsp/\libhal_bsp.a(altera_avalon_timer_sc.o)
 .comment       0x0000000000000023       0x24 C:/Users/ldu08/OneDrive/Documents/Github/FPGAAudio/software/FPGAAudio_app_bsp/\libhal_bsp.a(alt_alarm_start.o)
 .comment       0x0000000000000023       0x24 C:/Users/ldu08/OneDrive/Documents/Github/FPGAAudio/software/FPGAAudio_app_bsp/\libhal_bsp.a(alt_close.o)
 .comment       0x0000000000000023       0x24 C:/Users/ldu08/OneDrive/Documents/Github/FPGAAudio/software/FPGAAudio_app_bsp/\libhal_bsp.a(alt_dcache_flush_all.o)
 .comment       0x0000000000000023       0x24 C:/Users/ldu08/OneDrive/Documents/Github/FPGAAudio/software/FPGAAudio_app_bsp/\libhal_bsp.a(alt_dev.o)
 .comment       0x0000000000000023       0x24 C:/Users/ldu08/OneDrive/Documents/Github/FPGAAudio/software/FPGAAudio_app_bsp/\libhal_bsp.a(alt_dev_llist_insert.o)
 .comment       0x0000000000000023       0x24 C:/Users/ldu08/OneDrive/Documents/Github/FPGAAudio/software/FPGAAudio_app_bsp/\libhal_bsp.a(alt_do_ctors.o)
 .comment       0x0000000000000023       0x24 C:/Users/ldu08/OneDrive/Documents/Github/FPGAAudio/software/FPGAAudio_app_bsp/\libhal_bsp.a(alt_do_dtors.o)
 .comment       0x0000000000000023       0x24 C:/Users/ldu08/OneDrive/Documents/Github/FPGAAudio/software/FPGAAudio_app_bsp/\libhal_bsp.a(alt_errno.o)
 .comment       0x0000000000000023       0x24 C:/Users/ldu08/OneDrive/Documents/Github/FPGAAudio/software/FPGAAudio_app_bsp/\libhal_bsp.a(alt_icache_flush_all.o)
 .comment       0x0000000000000023       0x24 C:/Users/ldu08/OneDrive/Documents/Github/FPGAAudio/software/FPGAAudio_app_bsp/\libhal_bsp.a(alt_iic.o)
 .comment       0x0000000000000023       0x24 C:/Users/ldu08/OneDrive/Documents/Github/FPGAAudio/software/FPGAAudio_app_bsp/\libhal_bsp.a(alt_iic_isr_register.o)
 .comment       0x0000000000000023       0x24 C:/Users/ldu08/OneDrive/Documents/Github/FPGAAudio/software/FPGAAudio_app_bsp/\libhal_bsp.a(alt_io_redirect.o)
 .comment       0x0000000000000023       0x24 C:/Users/ldu08/OneDrive/Documents/Github/FPGAAudio/software/FPGAAudio_app_bsp/\libhal_bsp.a(alt_irq_handler.o)
 .comment       0x0000000000000023       0x24 C:/Users/ldu08/OneDrive/Documents/Github/FPGAAudio/software/FPGAAudio_app_bsp/\libhal_bsp.a(alt_irq_vars.o)
 .comment       0x0000000000000023       0x24 C:/Users/ldu08/OneDrive/Documents/Github/FPGAAudio/software/FPGAAudio_app_bsp/\libhal_bsp.a(alt_open.o)
 .comment       0x0000000000000023       0x24 C:/Users/ldu08/OneDrive/Documents/Github/FPGAAudio/software/FPGAAudio_app_bsp/\libhal_bsp.a(alt_release_fd.o)
 .comment       0x0000000000000023       0x24 C:/Users/ldu08/OneDrive/Documents/Github/FPGAAudio/software/FPGAAudio_app_bsp/\libhal_bsp.a(alt_tick.o)
 .comment       0x0000000000000023       0x24 C:/Users/ldu08/OneDrive/Documents/Github/FPGAAudio/software/FPGAAudio_app_bsp/\libhal_bsp.a(altera_nios2_gen2_irq.o)
 .comment       0x0000000000000023       0x24 C:/Users/ldu08/OneDrive/Documents/Github/FPGAAudio/software/FPGAAudio_app_bsp/\libhal_bsp.a(alt_find_dev.o)
 .comment       0x0000000000000023       0x24 C:/Users/ldu08/OneDrive/Documents/Github/FPGAAudio/software/FPGAAudio_app_bsp/\libhal_bsp.a(alt_find_file.o)
 .comment       0x0000000000000023       0x24 C:/Users/ldu08/OneDrive/Documents/Github/FPGAAudio/software/FPGAAudio_app_bsp/\libhal_bsp.a(alt_get_fd.o)
 .comment       0x0000000000000023       0x24 C:/Users/ldu08/OneDrive/Documents/Github/FPGAAudio/software/FPGAAudio_app_bsp/\libhal_bsp.a(alt_instruction_exception_entry.o)
 .comment       0x0000000000000023       0x24 c:/intelfpga_lite/18.1/nios2eds/bin/gnu/h-x86_64-mingw32/bin/../lib/gcc/nios2-elf/5.3.0/../../../../../H-x86_64-mingw32/nios2-elf/lib/mno-hw-mul\libc.a(lib_a-atexit.o)
 .comment       0x0000000000000023       0x24 c:/intelfpga_lite/18.1/nios2eds/bin/gnu/h-x86_64-mingw32/bin/../lib/gcc/nios2-elf/5.3.0/../../../../../H-x86_64-mingw32/nios2-elf/lib/mno-hw-mul\libc.a(lib_a-exit.o)
 .comment       0x0000000000000023       0x24 c:/intelfpga_lite/18.1/nios2eds/bin/gnu/h-x86_64-mingw32/bin/../lib/gcc/nios2-elf/5.3.0/../../../../../H-x86_64-mingw32/nios2-elf/lib/mno-hw-mul\libc.a(lib_a-impure.o)
 .comment       0x0000000000000023       0x24 c:/intelfpga_lite/18.1/nios2eds/bin/gnu/h-x86_64-mingw32/bin/../lib/gcc/nios2-elf/5.3.0/../../../../../H-x86_64-mingw32/nios2-elf/lib/mno-hw-mul\libc.a(lib_a-int_errno.o)
 .comment       0x0000000000000023       0x24 c:/intelfpga_lite/18.1/nios2eds/bin/gnu/h-x86_64-mingw32/bin/../lib/gcc/nios2-elf/5.3.0/../../../../../H-x86_64-mingw32/nios2-elf/lib/mno-hw-mul\libc.a(lib_a-memcmp.o)
 .comment       0x0000000000000023       0x24 c:/intelfpga_lite/18.1/nios2eds/bin/gnu/h-x86_64-mingw32/bin/../lib/gcc/nios2-elf/5.3.0/../../../../../H-x86_64-mingw32/nios2-elf/lib/mno-hw-mul\libc.a(lib_a-memcpy.o)
 .comment       0x0000000000000023       0x24 c:/intelfpga_lite/18.1/nios2eds/bin/gnu/h-x86_64-mingw32/bin/../lib/gcc/nios2-elf/5.3.0/../../../../../H-x86_64-mingw32/nios2-elf/lib/mno-hw-mul\libc.a(lib_a-strlen.o)
 .comment       0x0000000000000023       0x24 c:/intelfpga_lite/18.1/nios2eds/bin/gnu/h-x86_64-mingw32/bin/../lib/gcc/nios2-elf/5.3.0/../../../../../H-x86_64-mingw32/nios2-elf/lib/mno-hw-mul\libc.a(lib_a-__atexit.o)
 .comment       0x0000000000000023       0x24 c:/intelfpga_lite/18.1/nios2eds/bin/gnu/h-x86_64-mingw32/bin/../lib/gcc/nios2-elf/5.3.0/../../../../../H-x86_64-mingw32/nios2-elf/lib/mno-hw-mul\libc.a(lib_a-__call_atexit.o)
 .comment       0x0000000000000023       0x24 c:/intelfpga_lite/18.1/nios2eds/bin/gnu/h-x86_64-mingw32/bin/../lib/gcc/nios2-elf/5.3.0/mno-hw-mul\libgcc.a(lib2-mul.o)
 .comment       0x0000000000000023       0x24 C:/Users/ldu08/OneDrive/Documents/Github/FPGAAudio/software/FPGAAudio_app_bsp/\libhal_bsp.a(alt_exit.o)

.debug
 *(.debug)

.line
 *(.line)

.debug_srcinfo
 *(.debug_srcinfo)

.debug_sfnames
 *(.debug_sfnames)

.debug_aranges  0x0000000000000000      0x5d8
 *(.debug_aranges)
 .debug_aranges
                0x0000000000000000       0x28 C:/Users/ldu08/OneDrive/Documents/Github/FPGAAudio/software/FPGAAudio_app_bsp//obj/HAL/src/crt0.o
 .debug_aranges
                0x0000000000000028       0x20 obj/default/main.o
 .debug_aranges
                0x0000000000000048       0x20 C:/Users/ldu08/OneDrive/Documents/Github/FPGAAudio/software/FPGAAudio_app_bsp/\libhal_bsp.a(alt_load.o)
 .debug_aranges
                0x0000000000000068       0x20 C:/Users/ldu08/OneDrive/Documents/Github/FPGAAudio/software/FPGAAudio_app_bsp/\libhal_bsp.a(alt_main.o)
 .debug_aranges
                0x0000000000000088       0x20 C:/Users/ldu08/OneDrive/Documents/Github/FPGAAudio/software/FPGAAudio_app_bsp/\libhal_bsp.a(alt_sys_init.o)
 .debug_aranges
                0x00000000000000a8       0x20 C:/Users/ldu08/OneDrive/Documents/Github/FPGAAudio/software/FPGAAudio_app_bsp/\libhal_bsp.a(altera_avalon_jtag_uart_fd.o)
 .debug_aranges
                0x00000000000000c8       0x20 C:/Users/ldu08/OneDrive/Documents/Github/FPGAAudio/software/FPGAAudio_app_bsp/\libhal_bsp.a(altera_avalon_jtag_uart_init.o)
 .debug_aranges
                0x00000000000000e8       0x20 C:/Users/ldu08/OneDrive/Documents/Github/FPGAAudio/software/FPGAAudio_app_bsp/\libhal_bsp.a(altera_avalon_jtag_uart_ioctl.o)
 .debug_aranges
                0x0000000000000108       0x20 C:/Users/ldu08/OneDrive/Documents/Github/FPGAAudio/software/FPGAAudio_app_bsp/\libhal_bsp.a(altera_avalon_jtag_uart_read.o)
 .debug_aranges
                0x0000000000000128       0x20 C:/Users/ldu08/OneDrive/Documents/Github/FPGAAudio/software/FPGAAudio_app_bsp/\libhal_bsp.a(altera_avalon_jtag_uart_write.o)
 .debug_aranges
                0x0000000000000148       0x20 C:/Users/ldu08/OneDrive/Documents/Github/FPGAAudio/software/FPGAAudio_app_bsp/\libhal_bsp.a(altera_avalon_timer_sc.o)
 .debug_aranges
                0x0000000000000168       0x20 C:/Users/ldu08/OneDrive/Documents/Github/FPGAAudio/software/FPGAAudio_app_bsp/\libhal_bsp.a(alt_alarm_start.o)
 .debug_aranges
                0x0000000000000188       0x20 C:/Users/ldu08/OneDrive/Documents/Github/FPGAAudio/software/FPGAAudio_app_bsp/\libhal_bsp.a(alt_close.o)
 .debug_aranges
                0x00000000000001a8       0x20 C:/Users/ldu08/OneDrive/Documents/Github/FPGAAudio/software/FPGAAudio_app_bsp/\libhal_bsp.a(alt_dcache_flush_all.o)
 .debug_aranges
                0x00000000000001c8       0x20 C:/Users/ldu08/OneDrive/Documents/Github/FPGAAudio/software/FPGAAudio_app_bsp/\libhal_bsp.a(alt_dev.o)
 .debug_aranges
                0x00000000000001e8       0x20 C:/Users/ldu08/OneDrive/Documents/Github/FPGAAudio/software/FPGAAudio_app_bsp/\libhal_bsp.a(alt_dev_llist_insert.o)
 .debug_aranges
                0x0000000000000208       0x20 C:/Users/ldu08/OneDrive/Documents/Github/FPGAAudio/software/FPGAAudio_app_bsp/\libhal_bsp.a(alt_do_ctors.o)
 .debug_aranges
                0x0000000000000228       0x20 C:/Users/ldu08/OneDrive/Documents/Github/FPGAAudio/software/FPGAAudio_app_bsp/\libhal_bsp.a(alt_do_dtors.o)
 .debug_aranges
                0x0000000000000248       0x18 C:/Users/ldu08/OneDrive/Documents/Github/FPGAAudio/software/FPGAAudio_app_bsp/\libhal_bsp.a(alt_errno.o)
 .debug_aranges
                0x0000000000000260       0x20 C:/Users/ldu08/OneDrive/Documents/Github/FPGAAudio/software/FPGAAudio_app_bsp/\libhal_bsp.a(alt_icache_flush_all.o)
 .debug_aranges
                0x0000000000000280       0x20 C:/Users/ldu08/OneDrive/Documents/Github/FPGAAudio/software/FPGAAudio_app_bsp/\libhal_bsp.a(alt_iic.o)
 .debug_aranges
                0x00000000000002a0       0x20 C:/Users/ldu08/OneDrive/Documents/Github/FPGAAudio/software/FPGAAudio_app_bsp/\libhal_bsp.a(alt_iic_isr_register.o)
 .debug_aranges
                0x00000000000002c0       0x20 C:/Users/ldu08/OneDrive/Documents/Github/FPGAAudio/software/FPGAAudio_app_bsp/\libhal_bsp.a(alt_io_redirect.o)
 .debug_aranges
                0x00000000000002e0       0x30 C:/Users/ldu08/OneDrive/Documents/Github/FPGAAudio/software/FPGAAudio_app_bsp/\libhal_bsp.a(alt_irq_entry.o)
 .debug_aranges
                0x0000000000000310       0x20 C:/Users/ldu08/OneDrive/Documents/Github/FPGAAudio/software/FPGAAudio_app_bsp/\libhal_bsp.a(alt_irq_handler.o)
 .debug_aranges
                0x0000000000000330       0x18 C:/Users/ldu08/OneDrive/Documents/Github/FPGAAudio/software/FPGAAudio_app_bsp/\libhal_bsp.a(alt_irq_vars.o)
 .debug_aranges
                0x0000000000000348       0x20 C:/Users/ldu08/OneDrive/Documents/Github/FPGAAudio/software/FPGAAudio_app_bsp/\libhal_bsp.a(alt_open.o)
 .debug_aranges
                0x0000000000000368       0x20 C:/Users/ldu08/OneDrive/Documents/Github/FPGAAudio/software/FPGAAudio_app_bsp/\libhal_bsp.a(alt_release_fd.o)
 .debug_aranges
                0x0000000000000388       0x20 C:/Users/ldu08/OneDrive/Documents/Github/FPGAAudio/software/FPGAAudio_app_bsp/\libhal_bsp.a(alt_tick.o)
 .debug_aranges
                0x00000000000003a8       0x20 C:/Users/ldu08/OneDrive/Documents/Github/FPGAAudio/software/FPGAAudio_app_bsp/\libhal_bsp.a(altera_nios2_gen2_irq.o)
 .debug_aranges
                0x00000000000003c8       0x38 C:/Users/ldu08/OneDrive/Documents/Github/FPGAAudio/software/FPGAAudio_app_bsp/\libhal_bsp.a(alt_exception_entry.o)
 .debug_aranges
                0x0000000000000400       0x20 C:/Users/ldu08/OneDrive/Documents/Github/FPGAAudio/software/FPGAAudio_app_bsp/\libhal_bsp.a(alt_find_dev.o)
 .debug_aranges
                0x0000000000000420       0x20 C:/Users/ldu08/OneDrive/Documents/Github/FPGAAudio/software/FPGAAudio_app_bsp/\libhal_bsp.a(alt_find_file.o)
 .debug_aranges
                0x0000000000000440       0x20 C:/Users/ldu08/OneDrive/Documents/Github/FPGAAudio/software/FPGAAudio_app_bsp/\libhal_bsp.a(alt_get_fd.o)
 .debug_aranges
                0x0000000000000460       0x28 C:/Users/ldu08/OneDrive/Documents/Github/FPGAAudio/software/FPGAAudio_app_bsp/\libhal_bsp.a(alt_instruction_exception_entry.o)
 .debug_aranges
                0x0000000000000488       0x20 c:/intelfpga_lite/18.1/nios2eds/bin/gnu/h-x86_64-mingw32/bin/../lib/gcc/nios2-elf/5.3.0/../../../../../H-x86_64-mingw32/nios2-elf/lib/mno-hw-mul\libc.a(lib_a-atexit.o)
 .debug_aranges
                0x00000000000004a8       0x20 c:/intelfpga_lite/18.1/nios2eds/bin/gnu/h-x86_64-mingw32/bin/../lib/gcc/nios2-elf/5.3.0/../../../../../H-x86_64-mingw32/nios2-elf/lib/mno-hw-mul\libc.a(lib_a-exit.o)
 .debug_aranges
                0x00000000000004c8       0x18 c:/intelfpga_lite/18.1/nios2eds/bin/gnu/h-x86_64-mingw32/bin/../lib/gcc/nios2-elf/5.3.0/../../../../../H-x86_64-mingw32/nios2-elf/lib/mno-hw-mul\libc.a(lib_a-impure.o)
 .debug_aranges
                0x00000000000004e0       0x18 c:/intelfpga_lite/18.1/nios2eds/bin/gnu/h-x86_64-mingw32/bin/../lib/gcc/nios2-elf/5.3.0/../../../../../H-x86_64-mingw32/nios2-elf/lib/mno-hw-mul\libc.a(lib_a-int_errno.o)
 .debug_aranges
                0x00000000000004f8       0x20 c:/intelfpga_lite/18.1/nios2eds/bin/gnu/h-x86_64-mingw32/bin/../lib/gcc/nios2-elf/5.3.0/../../../../../H-x86_64-mingw32/nios2-elf/lib/mno-hw-mul\libc.a(lib_a-memcmp.o)
 .debug_aranges
                0x0000000000000518       0x20 c:/intelfpga_lite/18.1/nios2eds/bin/gnu/h-x86_64-mingw32/bin/../lib/gcc/nios2-elf/5.3.0/../../../../../H-x86_64-mingw32/nios2-elf/lib/mno-hw-mul\libc.a(lib_a-memcpy.o)
 .debug_aranges
                0x0000000000000538       0x20 c:/intelfpga_lite/18.1/nios2eds/bin/gnu/h-x86_64-mingw32/bin/../lib/gcc/nios2-elf/5.3.0/../../../../../H-x86_64-mingw32/nios2-elf/lib/mno-hw-mul\libc.a(lib_a-strlen.o)
 .debug_aranges
                0x0000000000000558       0x20 c:/intelfpga_lite/18.1/nios2eds/bin/gnu/h-x86_64-mingw32/bin/../lib/gcc/nios2-elf/5.3.0/../../../../../H-x86_64-mingw32/nios2-elf/lib/mno-hw-mul\libc.a(lib_a-__atexit.o)
 .debug_aranges
                0x0000000000000578       0x20 c:/intelfpga_lite/18.1/nios2eds/bin/gnu/h-x86_64-mingw32/bin/../lib/gcc/nios2-elf/5.3.0/../../../../../H-x86_64-mingw32/nios2-elf/lib/mno-hw-mul\libc.a(lib_a-__call_atexit.o)
 .debug_aranges
                0x0000000000000598       0x20 c:/intelfpga_lite/18.1/nios2eds/bin/gnu/h-x86_64-mingw32/bin/../lib/gcc/nios2-elf/5.3.0/mno-hw-mul\libgcc.a(lib2-mul.o)
 .debug_aranges
                0x00000000000005b8       0x20 C:/Users/ldu08/OneDrive/Documents/Github/FPGAAudio/software/FPGAAudio_app_bsp/\libhal_bsp.a(alt_exit.o)

.debug_pubnames
 *(.debug_pubnames)

.debug_info     0x0000000000000000     0x7730
 *(.debug_info .gnu.linkonce.wi.*)
 .debug_info    0x0000000000000000       0x82 C:/Users/ldu08/OneDrive/Documents/Github/FPGAAudio/software/FPGAAudio_app_bsp//obj/HAL/src/crt0.o
 .debug_info    0x0000000000000082       0x73 obj/default/main.o
 .debug_info    0x00000000000000f5      0x145 C:/Users/ldu08/OneDrive/Documents/Github/FPGAAudio/software/FPGAAudio_app_bsp/\libhal_bsp.a(alt_load.o)
 .debug_info    0x000000000000023a      0x131 C:/Users/ldu08/OneDrive/Documents/Github/FPGAAudio/software/FPGAAudio_app_bsp/\libhal_bsp.a(alt_main.o)
 .debug_info    0x000000000000036b      0x4d9 C:/Users/ldu08/OneDrive/Documents/Github/FPGAAudio/software/FPGAAudio_app_bsp/\libhal_bsp.a(alt_sys_init.o)
 .debug_info    0x0000000000000844      0x52e C:/Users/ldu08/OneDrive/Documents/Github/FPGAAudio/software/FPGAAudio_app_bsp/\libhal_bsp.a(altera_avalon_jtag_uart_fd.o)
 .debug_info    0x0000000000000d72      0x3a0 C:/Users/ldu08/OneDrive/Documents/Github/FPGAAudio/software/FPGAAudio_app_bsp/\libhal_bsp.a(altera_avalon_jtag_uart_init.o)
 .debug_info    0x0000000000001112      0x280 C:/Users/ldu08/OneDrive/Documents/Github/FPGAAudio/software/FPGAAudio_app_bsp/\libhal_bsp.a(altera_avalon_jtag_uart_ioctl.o)
 .debug_info    0x0000000000001392      0x345 C:/Users/ldu08/OneDrive/Documents/Github/FPGAAudio/software/FPGAAudio_app_bsp/\libhal_bsp.a(altera_avalon_jtag_uart_read.o)
 .debug_info    0x00000000000016d7      0x340 C:/Users/ldu08/OneDrive/Documents/Github/FPGAAudio/software/FPGAAudio_app_bsp/\libhal_bsp.a(altera_avalon_jtag_uart_write.o)
 .debug_info    0x0000000000001a17      0x226 C:/Users/ldu08/OneDrive/Documents/Github/FPGAAudio/software/FPGAAudio_app_bsp/\libhal_bsp.a(altera_avalon_timer_sc.o)
 .debug_info    0x0000000000001c3d      0x2cc C:/Users/ldu08/OneDrive/Documents/Github/FPGAAudio/software/FPGAAudio_app_bsp/\libhal_bsp.a(alt_alarm_start.o)
 .debug_info    0x0000000000001f09      0x321 C:/Users/ldu08/OneDrive/Documents/Github/FPGAAudio/software/FPGAAudio_app_bsp/\libhal_bsp.a(alt_close.o)
 .debug_info    0x000000000000222a       0x92 C:/Users/ldu08/OneDrive/Documents/Github/FPGAAudio/software/FPGAAudio_app_bsp/\libhal_bsp.a(alt_dcache_flush_all.o)
 .debug_info    0x00000000000022bc      0x49c C:/Users/ldu08/OneDrive/Documents/Github/FPGAAudio/software/FPGAAudio_app_bsp/\libhal_bsp.a(alt_dev.o)
 .debug_info    0x0000000000002758      0x1a9 C:/Users/ldu08/OneDrive/Documents/Github/FPGAAudio/software/FPGAAudio_app_bsp/\libhal_bsp.a(alt_dev_llist_insert.o)
 .debug_info    0x0000000000002901       0x83 C:/Users/ldu08/OneDrive/Documents/Github/FPGAAudio/software/FPGAAudio_app_bsp/\libhal_bsp.a(alt_do_ctors.o)
 .debug_info    0x0000000000002984       0x83 C:/Users/ldu08/OneDrive/Documents/Github/FPGAAudio/software/FPGAAudio_app_bsp/\libhal_bsp.a(alt_do_dtors.o)
 .debug_info    0x0000000000002a07       0xa6 C:/Users/ldu08/OneDrive/Documents/Github/FPGAAudio/software/FPGAAudio_app_bsp/\libhal_bsp.a(alt_errno.o)
 .debug_info    0x0000000000002aad       0x92 C:/Users/ldu08/OneDrive/Documents/Github/FPGAAudio/software/FPGAAudio_app_bsp/\libhal_bsp.a(alt_icache_flush_all.o)
 .debug_info    0x0000000000002b3f      0x350 C:/Users/ldu08/OneDrive/Documents/Github/FPGAAudio/software/FPGAAudio_app_bsp/\libhal_bsp.a(alt_iic.o)
 .debug_info    0x0000000000002e8f      0x1ef C:/Users/ldu08/OneDrive/Documents/Github/FPGAAudio/software/FPGAAudio_app_bsp/\libhal_bsp.a(alt_iic_isr_register.o)
 .debug_info    0x000000000000307e      0x4a5 C:/Users/ldu08/OneDrive/Documents/Github/FPGAAudio/software/FPGAAudio_app_bsp/\libhal_bsp.a(alt_io_redirect.o)
 .debug_info    0x0000000000003523       0x8b C:/Users/ldu08/OneDrive/Documents/Github/FPGAAudio/software/FPGAAudio_app_bsp/\libhal_bsp.a(alt_irq_entry.o)
 .debug_info    0x00000000000035ae      0x187 C:/Users/ldu08/OneDrive/Documents/Github/FPGAAudio/software/FPGAAudio_app_bsp/\libhal_bsp.a(alt_irq_handler.o)
 .debug_info    0x0000000000003735       0x88 C:/Users/ldu08/OneDrive/Documents/Github/FPGAAudio/software/FPGAAudio_app_bsp/\libhal_bsp.a(alt_irq_vars.o)
 .debug_info    0x00000000000037bd      0x3bb C:/Users/ldu08/OneDrive/Documents/Github/FPGAAudio/software/FPGAAudio_app_bsp/\libhal_bsp.a(alt_open.o)
 .debug_info    0x0000000000003b78      0x2b0 C:/Users/ldu08/OneDrive/Documents/Github/FPGAAudio/software/FPGAAudio_app_bsp/\libhal_bsp.a(alt_release_fd.o)
 .debug_info    0x0000000000003e28      0x299 C:/Users/ldu08/OneDrive/Documents/Github/FPGAAudio/software/FPGAAudio_app_bsp/\libhal_bsp.a(alt_tick.o)
 .debug_info    0x00000000000040c1       0x92 C:/Users/ldu08/OneDrive/Documents/Github/FPGAAudio/software/FPGAAudio_app_bsp/\libhal_bsp.a(altera_nios2_gen2_irq.o)
 .debug_info    0x0000000000004153       0x91 C:/Users/ldu08/OneDrive/Documents/Github/FPGAAudio/software/FPGAAudio_app_bsp/\libhal_bsp.a(alt_exception_entry.o)
 .debug_info    0x00000000000041e4      0x2e9 C:/Users/ldu08/OneDrive/Documents/Github/FPGAAudio/software/FPGAAudio_app_bsp/\libhal_bsp.a(alt_find_dev.o)
 .debug_info    0x00000000000044cd      0x2e6 C:/Users/ldu08/OneDrive/Documents/Github/FPGAAudio/software/FPGAAudio_app_bsp/\libhal_bsp.a(alt_find_file.o)
 .debug_info    0x00000000000047b3      0x310 C:/Users/ldu08/OneDrive/Documents/Github/FPGAAudio/software/FPGAAudio_app_bsp/\libhal_bsp.a(alt_get_fd.o)
 .debug_info    0x0000000000004ac3      0x1e7 C:/Users/ldu08/OneDrive/Documents/Github/FPGAAudio/software/FPGAAudio_app_bsp/\libhal_bsp.a(alt_instruction_exception_entry.o)
 .debug_info    0x0000000000004caa       0xfe c:/intelfpga_lite/18.1/nios2eds/bin/gnu/h-x86_64-mingw32/bin/../lib/gcc/nios2-elf/5.3.0/../../../../../H-x86_64-mingw32/nios2-elf/lib/mno-hw-mul\libc.a(lib_a-atexit.o)
 .debug_info    0x0000000000004da8      0x8e4 c:/intelfpga_lite/18.1/nios2eds/bin/gnu/h-x86_64-mingw32/bin/../lib/gcc/nios2-elf/5.3.0/../../../../../H-x86_64-mingw32/nios2-elf/lib/mno-hw-mul\libc.a(lib_a-exit.o)
 .debug_info    0x000000000000568c      0x8a1 c:/intelfpga_lite/18.1/nios2eds/bin/gnu/h-x86_64-mingw32/bin/../lib/gcc/nios2-elf/5.3.0/../../../../../H-x86_64-mingw32/nios2-elf/lib/mno-hw-mul\libc.a(lib_a-impure.o)
 .debug_info    0x0000000000005f2d       0x8a c:/intelfpga_lite/18.1/nios2eds/bin/gnu/h-x86_64-mingw32/bin/../lib/gcc/nios2-elf/5.3.0/../../../../../H-x86_64-mingw32/nios2-elf/lib/mno-hw-mul\libc.a(lib_a-int_errno.o)
 .debug_info    0x0000000000005fb7      0x11a c:/intelfpga_lite/18.1/nios2eds/bin/gnu/h-x86_64-mingw32/bin/../lib/gcc/nios2-elf/5.3.0/../../../../../H-x86_64-mingw32/nios2-elf/lib/mno-hw-mul\libc.a(lib_a-memcmp.o)
 .debug_info    0x00000000000060d1      0x144 c:/intelfpga_lite/18.1/nios2eds/bin/gnu/h-x86_64-mingw32/bin/../lib/gcc/nios2-elf/5.3.0/../../../../../H-x86_64-mingw32/nios2-elf/lib/mno-hw-mul\libc.a(lib_a-memcpy.o)
 .debug_info    0x0000000000006215       0xe2 c:/intelfpga_lite/18.1/nios2eds/bin/gnu/h-x86_64-mingw32/bin/../lib/gcc/nios2-elf/5.3.0/../../../../../H-x86_64-mingw32/nios2-elf/lib/mno-hw-mul\libc.a(lib_a-strlen.o)
 .debug_info    0x00000000000062f7      0x934 c:/intelfpga_lite/18.1/nios2eds/bin/gnu/h-x86_64-mingw32/bin/../lib/gcc/nios2-elf/5.3.0/../../../../../H-x86_64-mingw32/nios2-elf/lib/mno-hw-mul\libc.a(lib_a-__atexit.o)
 .debug_info    0x0000000000006c2b      0x965 c:/intelfpga_lite/18.1/nios2eds/bin/gnu/h-x86_64-mingw32/bin/../lib/gcc/nios2-elf/5.3.0/../../../../../H-x86_64-mingw32/nios2-elf/lib/mno-hw-mul\libc.a(lib_a-__call_atexit.o)
 .debug_info    0x0000000000007590       0xb4 c:/intelfpga_lite/18.1/nios2eds/bin/gnu/h-x86_64-mingw32/bin/../lib/gcc/nios2-elf/5.3.0/mno-hw-mul\libgcc.a(lib2-mul.o)
 .debug_info    0x0000000000007644       0xec C:/Users/ldu08/OneDrive/Documents/Github/FPGAAudio/software/FPGAAudio_app_bsp/\libhal_bsp.a(alt_exit.o)

.debug_abbrev   0x0000000000000000     0x2a7b
 *(.debug_abbrev)
 .debug_abbrev  0x0000000000000000       0x12 C:/Users/ldu08/OneDrive/Documents/Github/FPGAAudio/software/FPGAAudio_app_bsp//obj/HAL/src/crt0.o
 .debug_abbrev  0x0000000000000012       0x72 obj/default/main.o
 .debug_abbrev  0x0000000000000084       0x9f C:/Users/ldu08/OneDrive/Documents/Github/FPGAAudio/software/FPGAAudio_app_bsp/\libhal_bsp.a(alt_load.o)
 .debug_abbrev  0x0000000000000123       0xba C:/Users/ldu08/OneDrive/Documents/Github/FPGAAudio/software/FPGAAudio_app_bsp/\libhal_bsp.a(alt_main.o)
 .debug_abbrev  0x00000000000001dd      0x187 C:/Users/ldu08/OneDrive/Documents/Github/FPGAAudio/software/FPGAAudio_app_bsp/\libhal_bsp.a(alt_sys_init.o)
 .debug_abbrev  0x0000000000000364      0x127 C:/Users/ldu08/OneDrive/Documents/Github/FPGAAudio/software/FPGAAudio_app_bsp/\libhal_bsp.a(altera_avalon_jtag_uart_fd.o)
 .debug_abbrev  0x000000000000048b      0x19e C:/Users/ldu08/OneDrive/Documents/Github/FPGAAudio/software/FPGAAudio_app_bsp/\libhal_bsp.a(altera_avalon_jtag_uart_init.o)
 .debug_abbrev  0x0000000000000629      0x111 C:/Users/ldu08/OneDrive/Documents/Github/FPGAAudio/software/FPGAAudio_app_bsp/\libhal_bsp.a(altera_avalon_jtag_uart_ioctl.o)
 .debug_abbrev  0x000000000000073a      0x1aa C:/Users/ldu08/OneDrive/Documents/Github/FPGAAudio/software/FPGAAudio_app_bsp/\libhal_bsp.a(altera_avalon_jtag_uart_read.o)
 .debug_abbrev  0x00000000000008e4      0x1a8 C:/Users/ldu08/OneDrive/Documents/Github/FPGAAudio/software/FPGAAudio_app_bsp/\libhal_bsp.a(altera_avalon_jtag_uart_write.o)
 .debug_abbrev  0x0000000000000a8c      0x155 C:/Users/ldu08/OneDrive/Documents/Github/FPGAAudio/software/FPGAAudio_app_bsp/\libhal_bsp.a(altera_avalon_timer_sc.o)
 .debug_abbrev  0x0000000000000be1      0x162 C:/Users/ldu08/OneDrive/Documents/Github/FPGAAudio/software/FPGAAudio_app_bsp/\libhal_bsp.a(alt_alarm_start.o)
 .debug_abbrev  0x0000000000000d43      0x11f C:/Users/ldu08/OneDrive/Documents/Github/FPGAAudio/software/FPGAAudio_app_bsp/\libhal_bsp.a(alt_close.o)
 .debug_abbrev  0x0000000000000e62       0x42 C:/Users/ldu08/OneDrive/Documents/Github/FPGAAudio/software/FPGAAudio_app_bsp/\libhal_bsp.a(alt_dcache_flush_all.o)
 .debug_abbrev  0x0000000000000ea4       0xd9 C:/Users/ldu08/OneDrive/Documents/Github/FPGAAudio/software/FPGAAudio_app_bsp/\libhal_bsp.a(alt_dev.o)
 .debug_abbrev  0x0000000000000f7d      0x114 C:/Users/ldu08/OneDrive/Documents/Github/FPGAAudio/software/FPGAAudio_app_bsp/\libhal_bsp.a(alt_dev_llist_insert.o)
 .debug_abbrev  0x0000000000001091       0x79 C:/Users/ldu08/OneDrive/Documents/Github/FPGAAudio/software/FPGAAudio_app_bsp/\libhal_bsp.a(alt_do_ctors.o)
 .debug_abbrev  0x000000000000110a       0x79 C:/Users/ldu08/OneDrive/Documents/Github/FPGAAudio/software/FPGAAudio_app_bsp/\libhal_bsp.a(alt_do_dtors.o)
 .debug_abbrev  0x0000000000001183       0x5a C:/Users/ldu08/OneDrive/Documents/Github/FPGAAudio/software/FPGAAudio_app_bsp/\libhal_bsp.a(alt_errno.o)
 .debug_abbrev  0x00000000000011dd       0x42 C:/Users/ldu08/OneDrive/Documents/Github/FPGAAudio/software/FPGAAudio_app_bsp/\libhal_bsp.a(alt_icache_flush_all.o)
 .debug_abbrev  0x000000000000121f      0x163 C:/Users/ldu08/OneDrive/Documents/Github/FPGAAudio/software/FPGAAudio_app_bsp/\libhal_bsp.a(alt_iic.o)
 .debug_abbrev  0x0000000000001382      0x169 C:/Users/ldu08/OneDrive/Documents/Github/FPGAAudio/software/FPGAAudio_app_bsp/\libhal_bsp.a(alt_iic_isr_register.o)
 .debug_abbrev  0x00000000000014eb      0x114 C:/Users/ldu08/OneDrive/Documents/Github/FPGAAudio/software/FPGAAudio_app_bsp/\libhal_bsp.a(alt_io_redirect.o)
 .debug_abbrev  0x00000000000015ff       0x12 C:/Users/ldu08/OneDrive/Documents/Github/FPGAAudio/software/FPGAAudio_app_bsp/\libhal_bsp.a(alt_irq_entry.o)
 .debug_abbrev  0x0000000000001611      0x122 C:/Users/ldu08/OneDrive/Documents/Github/FPGAAudio/software/FPGAAudio_app_bsp/\libhal_bsp.a(alt_irq_handler.o)
 .debug_abbrev  0x0000000000001733       0x40 C:/Users/ldu08/OneDrive/Documents/Github/FPGAAudio/software/FPGAAudio_app_bsp/\libhal_bsp.a(alt_irq_vars.o)
 .debug_abbrev  0x0000000000001773      0x148 C:/Users/ldu08/OneDrive/Documents/Github/FPGAAudio/software/FPGAAudio_app_bsp/\libhal_bsp.a(alt_open.o)
 .debug_abbrev  0x00000000000018bb       0xde C:/Users/ldu08/OneDrive/Documents/Github/FPGAAudio/software/FPGAAudio_app_bsp/\libhal_bsp.a(alt_release_fd.o)
 .debug_abbrev  0x0000000000001999      0x15a C:/Users/ldu08/OneDrive/Documents/Github/FPGAAudio/software/FPGAAudio_app_bsp/\libhal_bsp.a(alt_tick.o)
 .debug_abbrev  0x0000000000001af3       0x42 C:/Users/ldu08/OneDrive/Documents/Github/FPGAAudio/software/FPGAAudio_app_bsp/\libhal_bsp.a(altera_nios2_gen2_irq.o)
 .debug_abbrev  0x0000000000001b35       0x12 C:/Users/ldu08/OneDrive/Documents/Github/FPGAAudio/software/FPGAAudio_app_bsp/\libhal_bsp.a(alt_exception_entry.o)
 .debug_abbrev  0x0000000000001b47       0xf0 C:/Users/ldu08/OneDrive/Documents/Github/FPGAAudio/software/FPGAAudio_app_bsp/\libhal_bsp.a(alt_find_dev.o)
 .debug_abbrev  0x0000000000001c37       0xf0 C:/Users/ldu08/OneDrive/Documents/Github/FPGAAudio/software/FPGAAudio_app_bsp/\libhal_bsp.a(alt_find_file.o)
 .debug_abbrev  0x0000000000001d27      0x10d C:/Users/ldu08/OneDrive/Documents/Github/FPGAAudio/software/FPGAAudio_app_bsp/\libhal_bsp.a(alt_get_fd.o)
 .debug_abbrev  0x0000000000001e34       0xdc C:/Users/ldu08/OneDrive/Documents/Github/FPGAAudio/software/FPGAAudio_app_bsp/\libhal_bsp.a(alt_instruction_exception_entry.o)
 .debug_abbrev  0x0000000000001f10       0xaa c:/intelfpga_lite/18.1/nios2eds/bin/gnu/h-x86_64-mingw32/bin/../lib/gcc/nios2-elf/5.3.0/../../../../../H-x86_64-mingw32/nios2-elf/lib/mno-hw-mul\libc.a(lib_a-atexit.o)
 .debug_abbrev  0x0000000000001fba      0x1e5 c:/intelfpga_lite/18.1/nios2eds/bin/gnu/h-x86_64-mingw32/bin/../lib/gcc/nios2-elf/5.3.0/../../../../../H-x86_64-mingw32/nios2-elf/lib/mno-hw-mul\libc.a(lib_a-exit.o)
 .debug_abbrev  0x000000000000219f      0x18f c:/intelfpga_lite/18.1/nios2eds/bin/gnu/h-x86_64-mingw32/bin/../lib/gcc/nios2-elf/5.3.0/../../../../../H-x86_64-mingw32/nios2-elf/lib/mno-hw-mul\libc.a(lib_a-impure.o)
 .debug_abbrev  0x000000000000232e       0x37 c:/intelfpga_lite/18.1/nios2eds/bin/gnu/h-x86_64-mingw32/bin/../lib/gcc/nios2-elf/5.3.0/../../../../../H-x86_64-mingw32/nios2-elf/lib/mno-hw-mul\libc.a(lib_a-int_errno.o)
 .debug_abbrev  0x0000000000002365       0x7f c:/intelfpga_lite/18.1/nios2eds/bin/gnu/h-x86_64-mingw32/bin/../lib/gcc/nios2-elf/5.3.0/../../../../../H-x86_64-mingw32/nios2-elf/lib/mno-hw-mul\libc.a(lib_a-memcmp.o)
 .debug_abbrev  0x00000000000023e4       0xa3 c:/intelfpga_lite/18.1/nios2eds/bin/gnu/h-x86_64-mingw32/bin/../lib/gcc/nios2-elf/5.3.0/../../../../../H-x86_64-mingw32/nios2-elf/lib/mno-hw-mul\libc.a(lib_a-memcpy.o)
 .debug_abbrev  0x0000000000002487       0x90 c:/intelfpga_lite/18.1/nios2eds/bin/gnu/h-x86_64-mingw32/bin/../lib/gcc/nios2-elf/5.3.0/../../../../../H-x86_64-mingw32/nios2-elf/lib/mno-hw-mul\libc.a(lib_a-strlen.o)
 .debug_abbrev  0x0000000000002517      0x21e c:/intelfpga_lite/18.1/nios2eds/bin/gnu/h-x86_64-mingw32/bin/../lib/gcc/nios2-elf/5.3.0/../../../../../H-x86_64-mingw32/nios2-elf/lib/mno-hw-mul\libc.a(lib_a-__atexit.o)
 .debug_abbrev  0x0000000000002735      0x22e c:/intelfpga_lite/18.1/nios2eds/bin/gnu/h-x86_64-mingw32/bin/../lib/gcc/nios2-elf/5.3.0/../../../../../H-x86_64-mingw32/nios2-elf/lib/mno-hw-mul\libc.a(lib_a-__call_atexit.o)
 .debug_abbrev  0x0000000000002963       0x6f c:/intelfpga_lite/18.1/nios2eds/bin/gnu/h-x86_64-mingw32/bin/../lib/gcc/nios2-elf/5.3.0/mno-hw-mul\libgcc.a(lib2-mul.o)
 .debug_abbrev  0x00000000000029d2       0xa9 C:/Users/ldu08/OneDrive/Documents/Github/FPGAAudio/software/FPGAAudio_app_bsp/\libhal_bsp.a(alt_exit.o)

.debug_line     0x0000000000000000     0x2a83
 *(.debug_line)
 .debug_line    0x0000000000000000       0x66 C:/Users/ldu08/OneDrive/Documents/Github/FPGAAudio/software/FPGAAudio_app_bsp//obj/HAL/src/crt0.o
 .debug_line    0x0000000000000066       0x56 obj/default/main.o
 .debug_line    0x00000000000000bc       0x8e C:/Users/ldu08/OneDrive/Documents/Github/FPGAAudio/software/FPGAAudio_app_bsp/\libhal_bsp.a(alt_load.o)
 .debug_line    0x000000000000014a       0xa4 C:/Users/ldu08/OneDrive/Documents/Github/FPGAAudio/software/FPGAAudio_app_bsp/\libhal_bsp.a(alt_main.o)
 .debug_line    0x00000000000001ee      0x153 C:/Users/ldu08/OneDrive/Documents/Github/FPGAAudio/software/FPGAAudio_app_bsp/\libhal_bsp.a(alt_sys_init.o)
 .debug_line    0x0000000000000341      0x12f C:/Users/ldu08/OneDrive/Documents/Github/FPGAAudio/software/FPGAAudio_app_bsp/\libhal_bsp.a(altera_avalon_jtag_uart_fd.o)
 .debug_line    0x0000000000000470      0x18b C:/Users/ldu08/OneDrive/Documents/Github/FPGAAudio/software/FPGAAudio_app_bsp/\libhal_bsp.a(altera_avalon_jtag_uart_init.o)
 .debug_line    0x00000000000005fb      0x131 C:/Users/ldu08/OneDrive/Documents/Github/FPGAAudio/software/FPGAAudio_app_bsp/\libhal_bsp.a(altera_avalon_jtag_uart_ioctl.o)
 .debug_line    0x000000000000072c      0x171 C:/Users/ldu08/OneDrive/Documents/Github/FPGAAudio/software/FPGAAudio_app_bsp/\libhal_bsp.a(altera_avalon_jtag_uart_read.o)
 .debug_line    0x000000000000089d      0x170 C:/Users/ldu08/OneDrive/Documents/Github/FPGAAudio/software/FPGAAudio_app_bsp/\libhal_bsp.a(altera_avalon_jtag_uart_write.o)
 .debug_line    0x0000000000000a0d       0xfd C:/Users/ldu08/OneDrive/Documents/Github/FPGAAudio/software/FPGAAudio_app_bsp/\libhal_bsp.a(altera_avalon_timer_sc.o)
 .debug_line    0x0000000000000b0a       0xf9 C:/Users/ldu08/OneDrive/Documents/Github/FPGAAudio/software/FPGAAudio_app_bsp/\libhal_bsp.a(alt_alarm_start.o)
 .debug_line    0x0000000000000c03      0x165 C:/Users/ldu08/OneDrive/Documents/Github/FPGAAudio/software/FPGAAudio_app_bsp/\libhal_bsp.a(alt_close.o)
 .debug_line    0x0000000000000d68       0x51 C:/Users/ldu08/OneDrive/Documents/Github/FPGAAudio/software/FPGAAudio_app_bsp/\libhal_bsp.a(alt_dcache_flush_all.o)
 .debug_line    0x0000000000000db9       0xf8 C:/Users/ldu08/OneDrive/Documents/Github/FPGAAudio/software/FPGAAudio_app_bsp/\libhal_bsp.a(alt_dev.o)
 .debug_line    0x0000000000000eb1       0xcf C:/Users/ldu08/OneDrive/Documents/Github/FPGAAudio/software/FPGAAudio_app_bsp/\libhal_bsp.a(alt_dev_llist_insert.o)
 .debug_line    0x0000000000000f80       0x59 C:/Users/ldu08/OneDrive/Documents/Github/FPGAAudio/software/FPGAAudio_app_bsp/\libhal_bsp.a(alt_do_ctors.o)
 .debug_line    0x0000000000000fd9       0x59 C:/Users/ldu08/OneDrive/Documents/Github/FPGAAudio/software/FPGAAudio_app_bsp/\libhal_bsp.a(alt_do_dtors.o)
 .debug_line    0x0000000000001032       0x51 C:/Users/ldu08/OneDrive/Documents/Github/FPGAAudio/software/FPGAAudio_app_bsp/\libhal_bsp.a(alt_errno.o)
 .debug_line    0x0000000000001083       0x4f C:/Users/ldu08/OneDrive/Documents/Github/FPGAAudio/software/FPGAAudio_app_bsp/\libhal_bsp.a(alt_icache_flush_all.o)
 .debug_line    0x00000000000010d2       0xeb C:/Users/ldu08/OneDrive/Documents/Github/FPGAAudio/software/FPGAAudio_app_bsp/\libhal_bsp.a(alt_iic.o)
 .debug_line    0x00000000000011bd       0xdb C:/Users/ldu08/OneDrive/Documents/Github/FPGAAudio/software/FPGAAudio_app_bsp/\libhal_bsp.a(alt_iic_isr_register.o)
 .debug_line    0x0000000000001298      0x135 C:/Users/ldu08/OneDrive/Documents/Github/FPGAAudio/software/FPGAAudio_app_bsp/\libhal_bsp.a(alt_io_redirect.o)
 .debug_line    0x00000000000013cd       0x6b C:/Users/ldu08/OneDrive/Documents/Github/FPGAAudio/software/FPGAAudio_app_bsp/\libhal_bsp.a(alt_irq_entry.o)
 .debug_line    0x0000000000001438       0xaa C:/Users/ldu08/OneDrive/Documents/Github/FPGAAudio/software/FPGAAudio_app_bsp/\libhal_bsp.a(alt_irq_handler.o)
 .debug_line    0x00000000000014e2       0x50 C:/Users/ldu08/OneDrive/Documents/Github/FPGAAudio/software/FPGAAudio_app_bsp/\libhal_bsp.a(alt_irq_vars.o)
 .debug_line    0x0000000000001532      0x12b C:/Users/ldu08/OneDrive/Documents/Github/FPGAAudio/software/FPGAAudio_app_bsp/\libhal_bsp.a(alt_open.o)
 .debug_line    0x000000000000165d       0xb0 C:/Users/ldu08/OneDrive/Documents/Github/FPGAAudio/software/FPGAAudio_app_bsp/\libhal_bsp.a(alt_release_fd.o)
 .debug_line    0x000000000000170d       0xff C:/Users/ldu08/OneDrive/Documents/Github/FPGAAudio/software/FPGAAudio_app_bsp/\libhal_bsp.a(alt_tick.o)
 .debug_line    0x000000000000180c       0x51 C:/Users/ldu08/OneDrive/Documents/Github/FPGAAudio/software/FPGAAudio_app_bsp/\libhal_bsp.a(altera_nios2_gen2_irq.o)
 .debug_line    0x000000000000185d       0xb3 C:/Users/ldu08/OneDrive/Documents/Github/FPGAAudio/software/FPGAAudio_app_bsp/\libhal_bsp.a(alt_exception_entry.o)
 .debug_line    0x0000000000001910       0xb5 C:/Users/ldu08/OneDrive/Documents/Github/FPGAAudio/software/FPGAAudio_app_bsp/\libhal_bsp.a(alt_find_dev.o)
 .debug_line    0x00000000000019c5       0xd1 C:/Users/ldu08/OneDrive/Documents/Github/FPGAAudio/software/FPGAAudio_app_bsp/\libhal_bsp.a(alt_find_file.o)
 .debug_line    0x0000000000001a96       0xd7 C:/Users/ldu08/OneDrive/Documents/Github/FPGAAudio/software/FPGAAudio_app_bsp/\libhal_bsp.a(alt_get_fd.o)
 .debug_line    0x0000000000001b6d       0xb9 C:/Users/ldu08/OneDrive/Documents/Github/FPGAAudio/software/FPGAAudio_app_bsp/\libhal_bsp.a(alt_instruction_exception_entry.o)
 .debug_line    0x0000000000001c26       0xe7 c:/intelfpga_lite/18.1/nios2eds/bin/gnu/h-x86_64-mingw32/bin/../lib/gcc/nios2-elf/5.3.0/../../../../../H-x86_64-mingw32/nios2-elf/lib/mno-hw-mul\libc.a(lib_a-atexit.o)
 .debug_line    0x0000000000001d0d      0x1fc c:/intelfpga_lite/18.1/nios2eds/bin/gnu/h-x86_64-mingw32/bin/../lib/gcc/nios2-elf/5.3.0/../../../../../H-x86_64-mingw32/nios2-elf/lib/mno-hw-mul\libc.a(lib_a-exit.o)
 .debug_line    0x0000000000001f09      0x160 c:/intelfpga_lite/18.1/nios2eds/bin/gnu/h-x86_64-mingw32/bin/../lib/gcc/nios2-elf/5.3.0/../../../../../H-x86_64-mingw32/nios2-elf/lib/mno-hw-mul\libc.a(lib_a-impure.o)
 .debug_line    0x0000000000002069       0x5f c:/intelfpga_lite/18.1/nios2eds/bin/gnu/h-x86_64-mingw32/bin/../lib/gcc/nios2-elf/5.3.0/../../../../../H-x86_64-mingw32/nios2-elf/lib/mno-hw-mul\libc.a(lib_a-int_errno.o)
 .debug_line    0x00000000000020c8      0x176 c:/intelfpga_lite/18.1/nios2eds/bin/gnu/h-x86_64-mingw32/bin/../lib/gcc/nios2-elf/5.3.0/../../../../../H-x86_64-mingw32/nios2-elf/lib/mno-hw-mul\libc.a(lib_a-memcmp.o)
 .debug_line    0x000000000000223e      0x18c c:/intelfpga_lite/18.1/nios2eds/bin/gnu/h-x86_64-mingw32/bin/../lib/gcc/nios2-elf/5.3.0/../../../../../H-x86_64-mingw32/nios2-elf/lib/mno-hw-mul\libc.a(lib_a-memcpy.o)
 .debug_line    0x00000000000023ca      0x16f c:/intelfpga_lite/18.1/nios2eds/bin/gnu/h-x86_64-mingw32/bin/../lib/gcc/nios2-elf/5.3.0/../../../../../H-x86_64-mingw32/nios2-elf/lib/mno-hw-mul\libc.a(lib_a-strlen.o)
 .debug_line    0x0000000000002539      0x21f c:/intelfpga_lite/18.1/nios2eds/bin/gnu/h-x86_64-mingw32/bin/../lib/gcc/nios2-elf/5.3.0/../../../../../H-x86_64-mingw32/nios2-elf/lib/mno-hw-mul\libc.a(lib_a-__atexit.o)
 .debug_line    0x0000000000002758      0x23a c:/intelfpga_lite/18.1/nios2eds/bin/gnu/h-x86_64-mingw32/bin/../lib/gcc/nios2-elf/5.3.0/../../../../../H-x86_64-mingw32/nios2-elf/lib/mno-hw-mul\libc.a(lib_a-__call_atexit.o)
 .debug_line    0x0000000000002992       0x80 c:/intelfpga_lite/18.1/nios2eds/bin/gnu/h-x86_64-mingw32/bin/../lib/gcc/nios2-elf/5.3.0/mno-hw-mul\libgcc.a(lib2-mul.o)
 .debug_line    0x0000000000002a12       0x71 C:/Users/ldu08/OneDrive/Documents/Github/FPGAAudio/software/FPGAAudio_app_bsp/\libhal_bsp.a(alt_exit.o)

.debug_frame    0x0000000000000000      0xb04
 *(.debug_frame)
 .debug_frame   0x0000000000000000       0x2c obj/default/main.o
 .debug_frame   0x000000000000002c       0x5c C:/Users/ldu08/OneDrive/Documents/Github/FPGAAudio/software/FPGAAudio_app_bsp/\libhal_bsp.a(alt_load.o)
 .debug_frame   0x0000000000000088       0x2c C:/Users/ldu08/OneDrive/Documents/Github/FPGAAudio/software/FPGAAudio_app_bsp/\libhal_bsp.a(alt_main.o)
 .debug_frame   0x00000000000000b4       0x88 C:/Users/ldu08/OneDrive/Documents/Github/FPGAAudio/software/FPGAAudio_app_bsp/\libhal_bsp.a(alt_sys_init.o)
 .debug_frame   0x000000000000013c       0xb0 C:/Users/ldu08/OneDrive/Documents/Github/FPGAAudio/software/FPGAAudio_app_bsp/\libhal_bsp.a(altera_avalon_jtag_uart_fd.o)
 .debug_frame   0x00000000000001ec       0xa4 C:/Users/ldu08/OneDrive/Documents/Github/FPGAAudio/software/FPGAAudio_app_bsp/\libhal_bsp.a(altera_avalon_jtag_uart_init.o)
 .debug_frame   0x0000000000000290       0x34 C:/Users/ldu08/OneDrive/Documents/Github/FPGAAudio/software/FPGAAudio_app_bsp/\libhal_bsp.a(altera_avalon_jtag_uart_ioctl.o)
 .debug_frame   0x00000000000002c4       0x38 C:/Users/ldu08/OneDrive/Documents/Github/FPGAAudio/software/FPGAAudio_app_bsp/\libhal_bsp.a(altera_avalon_jtag_uart_read.o)
 .debug_frame   0x00000000000002fc       0x38 C:/Users/ldu08/OneDrive/Documents/Github/FPGAAudio/software/FPGAAudio_app_bsp/\libhal_bsp.a(altera_avalon_jtag_uart_write.o)
 .debug_frame   0x0000000000000334       0x60 C:/Users/ldu08/OneDrive/Documents/Github/FPGAAudio/software/FPGAAudio_app_bsp/\libhal_bsp.a(altera_avalon_timer_sc.o)
 .debug_frame   0x0000000000000394       0x34 C:/Users/ldu08/OneDrive/Documents/Github/FPGAAudio/software/FPGAAudio_app_bsp/\libhal_bsp.a(alt_alarm_start.o)
 .debug_frame   0x00000000000003c8       0x60 C:/Users/ldu08/OneDrive/Documents/Github/FPGAAudio/software/FPGAAudio_app_bsp/\libhal_bsp.a(alt_close.o)
 .debug_frame   0x0000000000000428       0x34 C:/Users/ldu08/OneDrive/Documents/Github/FPGAAudio/software/FPGAAudio_app_bsp/\libhal_bsp.a(alt_dcache_flush_all.o)
 .debug_frame   0x000000000000045c       0x34 C:/Users/ldu08/OneDrive/Documents/Github/FPGAAudio/software/FPGAAudio_app_bsp/\libhal_bsp.a(alt_dev.o)
 .debug_frame   0x0000000000000490       0x60 C:/Users/ldu08/OneDrive/Documents/Github/FPGAAudio/software/FPGAAudio_app_bsp/\libhal_bsp.a(alt_dev_llist_insert.o)
 .debug_frame   0x00000000000004f0       0x38 C:/Users/ldu08/OneDrive/Documents/Github/FPGAAudio/software/FPGAAudio_app_bsp/\libhal_bsp.a(alt_do_ctors.o)
 .debug_frame   0x0000000000000528       0x38 C:/Users/ldu08/OneDrive/Documents/Github/FPGAAudio/software/FPGAAudio_app_bsp/\libhal_bsp.a(alt_do_dtors.o)
 .debug_frame   0x0000000000000560       0x34 C:/Users/ldu08/OneDrive/Documents/Github/FPGAAudio/software/FPGAAudio_app_bsp/\libhal_bsp.a(alt_icache_flush_all.o)
 .debug_frame   0x0000000000000594       0xa4 C:/Users/ldu08/OneDrive/Documents/Github/FPGAAudio/software/FPGAAudio_app_bsp/\libhal_bsp.a(alt_iic.o)
 .debug_frame   0x0000000000000638       0x38 C:/Users/ldu08/OneDrive/Documents/Github/FPGAAudio/software/FPGAAudio_app_bsp/\libhal_bsp.a(alt_iic_isr_register.o)
 .debug_frame   0x0000000000000670       0x64 C:/Users/ldu08/OneDrive/Documents/Github/FPGAAudio/software/FPGAAudio_app_bsp/\libhal_bsp.a(alt_io_redirect.o)
 .debug_frame   0x00000000000006d4       0x38 C:/Users/ldu08/OneDrive/Documents/Github/FPGAAudio/software/FPGAAudio_app_bsp/\libhal_bsp.a(alt_irq_handler.o)
 .debug_frame   0x000000000000070c       0x8c C:/Users/ldu08/OneDrive/Documents/Github/FPGAAudio/software/FPGAAudio_app_bsp/\libhal_bsp.a(alt_open.o)
 .debug_frame   0x0000000000000798       0x3c C:/Users/ldu08/OneDrive/Documents/Github/FPGAAudio/software/FPGAAudio_app_bsp/\libhal_bsp.a(alt_release_fd.o)
 .debug_frame   0x00000000000007d4       0x5c C:/Users/ldu08/OneDrive/Documents/Github/FPGAAudio/software/FPGAAudio_app_bsp/\libhal_bsp.a(alt_tick.o)
 .debug_frame   0x0000000000000830       0x34 C:/Users/ldu08/OneDrive/Documents/Github/FPGAAudio/software/FPGAAudio_app_bsp/\libhal_bsp.a(altera_nios2_gen2_irq.o)
 .debug_frame   0x0000000000000864       0x38 C:/Users/ldu08/OneDrive/Documents/Github/FPGAAudio/software/FPGAAudio_app_bsp/\libhal_bsp.a(alt_find_dev.o)
 .debug_frame   0x000000000000089c       0x38 C:/Users/ldu08/OneDrive/Documents/Github/FPGAAudio/software/FPGAAudio_app_bsp/\libhal_bsp.a(alt_find_file.o)
 .debug_frame   0x00000000000008d4       0x3c C:/Users/ldu08/OneDrive/Documents/Github/FPGAAudio/software/FPGAAudio_app_bsp/\libhal_bsp.a(alt_get_fd.o)
 .debug_frame   0x0000000000000910       0x5c C:/Users/ldu08/OneDrive/Documents/Github/FPGAAudio/software/FPGAAudio_app_bsp/\libhal_bsp.a(alt_instruction_exception_entry.o)
 .debug_frame   0x000000000000096c       0x20 c:/intelfpga_lite/18.1/nios2eds/bin/gnu/h-x86_64-mingw32/bin/../lib/gcc/nios2-elf/5.3.0/../../../../../H-x86_64-mingw32/nios2-elf/lib/mno-hw-mul\libc.a(lib_a-atexit.o)
 .debug_frame   0x000000000000098c       0x28 c:/intelfpga_lite/18.1/nios2eds/bin/gnu/h-x86_64-mingw32/bin/../lib/gcc/nios2-elf/5.3.0/../../../../../H-x86_64-mingw32/nios2-elf/lib/mno-hw-mul\libc.a(lib_a-exit.o)
 .debug_frame   0x00000000000009b4       0x20 c:/intelfpga_lite/18.1/nios2eds/bin/gnu/h-x86_64-mingw32/bin/../lib/gcc/nios2-elf/5.3.0/../../../../../H-x86_64-mingw32/nios2-elf/lib/mno-hw-mul\libc.a(lib_a-memcmp.o)
 .debug_frame   0x00000000000009d4       0x38 c:/intelfpga_lite/18.1/nios2eds/bin/gnu/h-x86_64-mingw32/bin/../lib/gcc/nios2-elf/5.3.0/../../../../../H-x86_64-mingw32/nios2-elf/lib/mno-hw-mul\libc.a(lib_a-memcpy.o)
 .debug_frame   0x0000000000000a0c       0x20 c:/intelfpga_lite/18.1/nios2eds/bin/gnu/h-x86_64-mingw32/bin/../lib/gcc/nios2-elf/5.3.0/../../../../../H-x86_64-mingw32/nios2-elf/lib/mno-hw-mul\libc.a(lib_a-strlen.o)
 .debug_frame   0x0000000000000a2c       0x38 c:/intelfpga_lite/18.1/nios2eds/bin/gnu/h-x86_64-mingw32/bin/../lib/gcc/nios2-elf/5.3.0/../../../../../H-x86_64-mingw32/nios2-elf/lib/mno-hw-mul\libc.a(lib_a-__atexit.o)
 .debug_frame   0x0000000000000a64       0x54 c:/intelfpga_lite/18.1/nios2eds/bin/gnu/h-x86_64-mingw32/bin/../lib/gcc/nios2-elf/5.3.0/../../../../../H-x86_64-mingw32/nios2-elf/lib/mno-hw-mul\libc.a(lib_a-__call_atexit.o)
 .debug_frame   0x0000000000000ab8       0x20 c:/intelfpga_lite/18.1/nios2eds/bin/gnu/h-x86_64-mingw32/bin/../lib/gcc/nios2-elf/5.3.0/mno-hw-mul\libgcc.a(lib2-mul.o)
 .debug_frame   0x0000000000000ad8       0x2c C:/Users/ldu08/OneDrive/Documents/Github/FPGAAudio/software/FPGAAudio_app_bsp/\libhal_bsp.a(alt_exit.o)

.debug_str      0x0000000000000000     0x1c18
 *(.debug_str)
 .debug_str     0x0000000000000000       0x9b obj/default/main.o
                                         0xb4 (size before relaxing)
 .debug_str     0x000000000000009b      0x1a4 C:/Users/ldu08/OneDrive/Documents/Github/FPGAAudio/software/FPGAAudio_app_bsp/\libhal_bsp.a(alt_load.o)
                                        0x226 (size before relaxing)
 .debug_str     0x000000000000023f       0x70 C:/Users/ldu08/OneDrive/Documents/Github/FPGAAudio/software/FPGAAudio_app_bsp/\libhal_bsp.a(alt_main.o)
                                        0x1b1 (size before relaxing)
 .debug_str     0x00000000000002af      0x1da C:/Users/ldu08/OneDrive/Documents/Github/FPGAAudio/software/FPGAAudio_app_bsp/\libhal_bsp.a(alt_sys_init.o)
                                        0x3a4 (size before relaxing)
 .debug_str     0x0000000000000489       0xb9 C:/Users/ldu08/OneDrive/Documents/Github/FPGAAudio/software/FPGAAudio_app_bsp/\libhal_bsp.a(altera_avalon_jtag_uart_fd.o)
                                        0x3b8 (size before relaxing)
 .debug_str     0x0000000000000542       0xd1 C:/Users/ldu08/OneDrive/Documents/Github/FPGAAudio/software/FPGAAudio_app_bsp/\libhal_bsp.a(altera_avalon_jtag_uart_init.o)
                                        0x34c (size before relaxing)
 .debug_str     0x0000000000000613       0x4a C:/Users/ldu08/OneDrive/Documents/Github/FPGAAudio/software/FPGAAudio_app_bsp/\libhal_bsp.a(altera_avalon_jtag_uart_ioctl.o)
                                        0x2a7 (size before relaxing)
 .debug_str     0x000000000000065d       0x7f C:/Users/ldu08/OneDrive/Documents/Github/FPGAAudio/software/FPGAAudio_app_bsp/\libhal_bsp.a(altera_avalon_jtag_uart_read.o)
                                        0x2fc (size before relaxing)
 .debug_str     0x00000000000006dc       0x4a C:/Users/ldu08/OneDrive/Documents/Github/FPGAAudio/software/FPGAAudio_app_bsp/\libhal_bsp.a(altera_avalon_jtag_uart_write.o)
                                        0x2fd (size before relaxing)
 .debug_str     0x0000000000000726       0x6d C:/Users/ldu08/OneDrive/Documents/Github/FPGAAudio/software/FPGAAudio_app_bsp/\libhal_bsp.a(altera_avalon_timer_sc.o)
                                        0x25f (size before relaxing)
 .debug_str     0x0000000000000793       0x59 C:/Users/ldu08/OneDrive/Documents/Github/FPGAAudio/software/FPGAAudio_app_bsp/\libhal_bsp.a(alt_alarm_start.o)
                                        0x292 (size before relaxing)
 .debug_str     0x00000000000007ec       0x44 C:/Users/ldu08/OneDrive/Documents/Github/FPGAAudio/software/FPGAAudio_app_bsp/\libhal_bsp.a(alt_close.o)
                                        0x21f (size before relaxing)
 .debug_str     0x0000000000000830       0x34 C:/Users/ldu08/OneDrive/Documents/Github/FPGAAudio/software/FPGAAudio_app_bsp/\libhal_bsp.a(alt_dcache_flush_all.o)
                                        0x169 (size before relaxing)
 .debug_str     0x0000000000000864      0x120 C:/Users/ldu08/OneDrive/Documents/Github/FPGAAudio/software/FPGAAudio_app_bsp/\libhal_bsp.a(alt_dev.o)
                                        0x319 (size before relaxing)
 .debug_str     0x0000000000000984       0x34 C:/Users/ldu08/OneDrive/Documents/Github/FPGAAudio/software/FPGAAudio_app_bsp/\libhal_bsp.a(alt_dev_llist_insert.o)
                                        0x1e0 (size before relaxing)
 .debug_str     0x00000000000009b8       0x48 C:/Users/ldu08/OneDrive/Documents/Github/FPGAAudio/software/FPGAAudio_app_bsp/\libhal_bsp.a(alt_do_ctors.o)
                                         0xe4 (size before relaxing)
 .debug_str     0x0000000000000a00       0x4c C:/Users/ldu08/OneDrive/Documents/Github/FPGAAudio/software/FPGAAudio_app_bsp/\libhal_bsp.a(alt_do_dtors.o)
                                         0xe3 (size before relaxing)
 .debug_str     0x0000000000000a4c       0x14 C:/Users/ldu08/OneDrive/Documents/Github/FPGAAudio/software/FPGAAudio_app_bsp/\libhal_bsp.a(alt_errno.o)
                                        0x159 (size before relaxing)
 .debug_str     0x0000000000000a60       0x34 C:/Users/ldu08/OneDrive/Documents/Github/FPGAAudio/software/FPGAAudio_app_bsp/\libhal_bsp.a(alt_icache_flush_all.o)
                                        0x169 (size before relaxing)
 .debug_str     0x0000000000000a94       0xc4 C:/Users/ldu08/OneDrive/Documents/Github/FPGAAudio/software/FPGAAudio_app_bsp/\libhal_bsp.a(alt_iic.o)
                                        0x252 (size before relaxing)