Archive member included to satisfy reference by file (symbol)

C:/Users/ldu08/OneDrive/Documents/Github/FPGAAudio/software/usb_kb_bsp/\libhal_bsp.a(alt_load.o)
                              C:/Users/ldu08/OneDrive/Documents/Github/FPGAAudio/software/usb_kb_bsp//obj/HAL/src/crt0.o (alt_load)
C:/Users/ldu08/OneDrive/Documents/Github/FPGAAudio/software/usb_kb_bsp/\libhal_bsp.a(alt_main.o)
                              C:/Users/ldu08/OneDrive/Documents/Github/FPGAAudio/software/usb_kb_bsp//obj/HAL/src/crt0.o (alt_main)
C:/Users/ldu08/OneDrive/Documents/Github/FPGAAudio/software/usb_kb_bsp/\libhal_bsp.a(alt_sys_init.o)
                              C:/Users/ldu08/OneDrive/Documents/Github/FPGAAudio/software/usb_kb_bsp/\libhal_bsp.a(alt_main.o) (alt_irq_init)
C:/Users/ldu08/OneDrive/Documents/Github/FPGAAudio/software/usb_kb_bsp/\libhal_bsp.a(altera_avalon_jtag_uart_fd.o)
                              C:/Users/ldu08/OneDrive/Documents/Github/FPGAAudio/software/usb_kb_bsp/\libhal_bsp.a(alt_sys_init.o) (altera_avalon_jtag_uart_read_fd)
C:/Users/ldu08/OneDrive/Documents/Github/FPGAAudio/software/usb_kb_bsp/\libhal_bsp.a(altera_avalon_jtag_uart_init.o)
                              C:/Users/ldu08/OneDrive/Documents/Github/FPGAAudio/software/usb_kb_bsp/\libhal_bsp.a(alt_sys_init.o) (altera_avalon_jtag_uart_init)
C:/Users/ldu08/OneDrive/Documents/Github/FPGAAudio/software/usb_kb_bsp/\libhal_bsp.a(altera_avalon_jtag_uart_ioctl.o)
                              C:/Users/ldu08/OneDrive/Documents/Github/FPGAAudio/software/usb_kb_bsp/\libhal_bsp.a(altera_avalon_jtag_uart_fd.o) (altera_avalon_jtag_uart_ioctl)
C:/Users/ldu08/OneDrive/Documents/Github/FPGAAudio/software/usb_kb_bsp/\libhal_bsp.a(altera_avalon_jtag_uart_read.o)
                              C:/Users/ldu08/OneDrive/Documents/Github/FPGAAudio/software/usb_kb_bsp/\libhal_bsp.a(altera_avalon_jtag_uart_fd.o) (altera_avalon_jtag_uart_read)
C:/Users/ldu08/OneDrive/Documents/Github/FPGAAudio/software/usb_kb_bsp/\libhal_bsp.a(altera_avalon_jtag_uart_write.o)
                              C:/Users/ldu08/OneDrive/Documents/Github/FPGAAudio/software/usb_kb_bsp/\libhal_bsp.a(altera_avalon_jtag_uart_fd.o) (altera_avalon_jtag_uart_write)
C:/Users/ldu08/OneDrive/Documents/Github/FPGAAudio/software/usb_kb_bsp/\libhal_bsp.a(altera_avalon_timer_sc.o)
                              C:/Users/ldu08/OneDrive/Documents/Github/FPGAAudio/software/usb_kb_bsp/\libhal_bsp.a(alt_sys_init.o) (alt_avalon_timer_sc_init)
C:/Users/ldu08/OneDrive/Documents/Github/FPGAAudio/software/usb_kb_bsp/\libhal_bsp.a(alt_alarm_start.o)
                              C:/Users/ldu08/OneDrive/Documents/Github/FPGAAudio/software/usb_kb_bsp/\libhal_bsp.a(altera_avalon_jtag_uart_init.o) (alt_alarm_start)
C:/Users/ldu08/OneDrive/Documents/Github/FPGAAudio/software/usb_kb_bsp/\libhal_bsp.a(alt_close.o)
                              C:/Users/ldu08/OneDrive/Documents/Github/FPGAAudio/software/usb_kb_bsp/\libhal_bsp.a(alt_main.o) (close)
C:/Users/ldu08/OneDrive/Documents/Github/FPGAAudio/software/usb_kb_bsp/\libhal_bsp.a(alt_dcache_flush_all.o)
                              C:/Users/ldu08/OneDrive/Documents/Github/FPGAAudio/software/usb_kb_bsp/\libhal_bsp.a(alt_load.o) (alt_dcache_flush_all)
C:/Users/ldu08/OneDrive/Documents/Github/FPGAAudio/software/usb_kb_bsp/\libhal_bsp.a(alt_dev.o)
                              C:/Users/ldu08/OneDrive/Documents/Github/FPGAAudio/software/usb_kb_bsp/\libhal_bsp.a(alt_sys_init.o) (alt_dev_list)
C:/Users/ldu08/OneDrive/Documents/Github/FPGAAudio/software/usb_kb_bsp/\libhal_bsp.a(alt_dev_llist_insert.o)
                              C:/Users/ldu08/OneDrive/Documents/Github/FPGAAudio/software/usb_kb_bsp/\libhal_bsp.a(alt_sys_init.o) (alt_dev_llist_insert)
C:/Users/ldu08/OneDrive/Documents/Github/FPGAAudio/software/usb_kb_bsp/\libhal_bsp.a(alt_do_ctors.o)
                              C:/Users/ldu08/OneDrive/Documents/Github/FPGAAudio/software/usb_kb_bsp/\libhal_bsp.a(alt_main.o) (_do_ctors)
C:/Users/ldu08/OneDrive/Documents/Github/FPGAAudio/software/usb_kb_bsp/\libhal_bsp.a(alt_do_dtors.o)
                              C:/Users/ldu08/OneDrive/Documents/Github/FPGAAudio/software/usb_kb_bsp/\libhal_bsp.a(alt_main.o) (_do_dtors)
C:/Users/ldu08/OneDrive/Documents/Github/FPGAAudio/software/usb_kb_bsp/\libhal_bsp.a(alt_errno.o)
                              C:/Users/ldu08/OneDrive/Documents/Github/FPGAAudio/software/usb_kb_bsp/\libhal_bsp.a(alt_close.o) (alt_errno)
C:/Users/ldu08/OneDrive/Documents/Github/FPGAAudio/software/usb_kb_bsp/\libhal_bsp.a(alt_icache_flush_all.o)
                              C:/Users/ldu08/OneDrive/Documents/Github/FPGAAudio/software/usb_kb_bsp/\libhal_bsp.a(alt_load.o) (alt_icache_flush_all)
C:/Users/ldu08/OneDrive/Documents/Github/FPGAAudio/software/usb_kb_bsp/\libhal_bsp.a(alt_iic.o)
                              C:/Users/ldu08/OneDrive/Documents/Github/FPGAAudio/software/usb_kb_bsp/\libhal_bsp.a(altera_avalon_jtag_uart_init.o) (alt_ic_isr_register)
[...]
Memory Configuration

Name             Origin             Length             Attributes
onchip_memory2_0 0x0000000000000000 0x0000000000000010
reset            0x0000000008000000 0x0000000000000020
sdram            0x0000000008000020 0x0000000003ffffe0
*default*        0x0000000000000000 0xffffffffffffffff

Linker script and memory map

LOAD C:/Users/ldu08/OneDrive/Documents/Github/FPGAAudio/software/usb_kb_bsp//obj/HAL/src/crt0.o
LOAD c:/intelfpga_lite/18.1/nios2eds/bin/gnu/h-x86_64-mingw32/bin/../lib/gcc/nios2-elf/5.3.0/../../../../../H-x86_64-mingw32/nios2-elf/lib/mno-hw-mul\libstdc++.a
LOAD c:/intelfpga_lite/18.1/nios2eds/bin/gnu/h-x86_64-mingw32/bin/../lib/gcc/nios2-elf/5.3.0/../../../../../H-x86_64-mingw32/nios2-elf/lib/mno-hw-mul\libm.a
LOAD c:/intelfpga_lite/18.1/nios2eds/bin/gnu/h-x86_64-mingw32/bin/../lib/gcc/nios2-elf/5.3.0/mno-hw-mul\libgcc.a
START GROUP
LOAD c:/intelfpga_lite/18.1/nios2eds/bin/gnu/h-x86_64-mingw32/bin/../lib/gcc/nios2-elf/5.3.0/../../../../../H-x86_64-mingw32/nios2-elf/lib/mno-hw-mul\libc.a
LOAD c:/intelfpga_lite/18.1/nios2eds/bin/gnu/h-x86_64-mingw32/bin/../lib/gcc/nios2-elf/5.3.0/mno-hw-mul\libgcc.a
LOAD C:/Users/ldu08/OneDrive/Documents/Github/FPGAAudio/software/usb_kb_bsp/\libhal_bsp.a
LOAD c:/intelfpga_lite/18.1/nios2eds/bin/gnu/h-x86_64-mingw32/bin/../lib/gcc/nios2-elf/5.3.0/../../../../../H-x86_64-mingw32/nios2-elf/lib/mno-hw-mul\libm.a
END GROUP
LOAD c:/intelfpga_lite/18.1/nios2eds/bin/gnu/h-x86_64-mingw32/bin/../lib/gcc/nios2-elf/5.3.0/mno-hw-mul\libgcc.a
                0x0000000000000000                __alt_mem_onchip_memory2_0 = 0x0
                0x0000000008000000                __alt_mem_sdram = 0x8000000

.entry          0x0000000008000000       0x20
 *(.entry)
 .entry         0x0000000008000000       0x20 C:/Users/ldu08/OneDrive/Documents/Github/FPGAAudio/software/usb_kb_bsp//obj/HAL/src/crt0.o
                0x0000000008000000                __reset

.exceptions     0x0000000008000020      0x210
                0x0000000008000020                PROVIDE (__ram_exceptions_start, ABSOLUTE (.))
                0x0000000008000020                . = ALIGN (0x20)
 *(.irq)
 *(.exceptions.entry.label)
 .exceptions.entry.label
                0x0000000008000020        0x0 C:/Users/ldu08/OneDrive/Documents/Github/FPGAAudio/software/usb_kb_bsp/\libhal_bsp.a(alt_irq_entry.o)
                0x0000000008000020                alt_irq_entry
 .exceptions.entry.label
                0x0000000008000020        0x0 C:/Users/ldu08/OneDrive/Documents/Github/FPGAAudio/software/usb_kb_bsp/\libhal_bsp.a(alt_exception_entry.o)
                0x0000000008000020                alt_exception
 *(.exceptions.entry.user)
 *(.exceptions.entry.ecc_fatal)
 *(.exceptions.entry)
 .exceptions.entry
                0x0000000008000020       0x54 C:/Users/ldu08/OneDrive/Documents/Github/FPGAAudio/software/usb_kb_bsp/\libhal_bsp.a(alt_exception_entry.o)
 *(.exceptions.irqtest.user)
 *(.exceptions.irqtest)
 .exceptions.irqtest
                0x0000000008000074       0x10 C:/Users/ldu08/OneDrive/Documents/Github/FPGAAudio/software/usb_kb_bsp/\libhal_bsp.a(alt_irq_entry.o)
 *(.exceptions.irqhandler.user)
 *(.exceptions.irqhandler)
 .exceptions.irqhandler
                0x0000000008000084        0x4 C:/Users/ldu08/OneDrive/Documents/Github/FPGAAudio/software/usb_kb_bsp/\libhal_bsp.a(alt_irq_entry.o)
 *(.exceptions.irqreturn.user)
 *(.exceptions.irqreturn)
 .exceptions.irqreturn
                0x0000000008000088        0x4 C:/Users/ldu08/OneDrive/Documents/Github/FPGAAudio/software/usb_kb_bsp/\libhal_bsp.a(alt_irq_entry.o)
 *(.exceptions.notirq.label)
 .exceptions.notirq.label
                0x000000000800008c        0x0 C:/Users/ldu08/OneDrive/Documents/Github/FPGAAudio/software/usb_kb_bsp/\libhal_bsp.a(alt_irq_entry.o)
 *(.exceptions.notirq.user)
 *(.exceptions.notirq)
 .exceptions.notirq
                0x000000000800008c        0x8 C:/Users/ldu08/OneDrive/Documents/Github/FPGAAudio/software/usb_kb_bsp/\libhal_bsp.a(alt_exception_entry.o)
 *(.exceptions.soft.user)
 *(.exceptions.soft)
 *(.exceptions.unknown.user)
 *(.exceptions.unknown)
 .exceptions.unknown
                0x0000000008000094       0x14 C:/Users/ldu08/OneDrive/Documents/Github/FPGAAudio/software/usb_kb_bsp/\libhal_bsp.a(alt_exception_entry.o)
 *(.exceptions.exit.label)
 .exceptions.exit.label
                0x00000000080000a8        0x0 C:/Users/ldu08/OneDrive/Documents/Github/FPGAAudio/software/usb_kb_bsp/\libhal_bsp.a(alt_irq_entry.o)
 .exceptions.exit.label
                0x00000000080000a8        0x0 C:/Users/ldu08/OneDrive/Documents/Github/FPGAAudio/software/usb_kb_bsp/\libhal_bsp.a(alt_exception_entry.o)
 *(.exceptions.exit.user)
 *(.exceptions.exit)
 .exceptions.exit
                0x00000000080000a8       0x54 C:/Users/ldu08/OneDrive/Documents/Github/FPGAAudio/software/usb_kb_bsp/\libhal_bsp.a(alt_exception_entry.o)
 *(.exceptions)
 .exceptions    0x00000000080000fc       0xd4 C:/Users/ldu08/OneDrive/Documents/Github/FPGAAudio/software/usb_kb_bsp/\libhal_bsp.a(alt_irq_handler.o)
                0x00000000080000fc                alt_irq_handler
 .exceptions    0x00000000080001d0       0x60 C:/Users/ldu08/OneDrive/Documents/Github/FPGAAudio/software/usb_kb_bsp/\libhal_bsp.a(alt_instruction_exception_entry.o)
                0x00000000080001d0                alt_instruction_exception_entry
                0x0000000008000230                PROVIDE (__ram_exceptions_end, ABSOLUTE (.))
                0x0000000008000020                PROVIDE (__flash_exceptions_start, LOADADDR (.exceptions))

.text           0x0000000008000230     0x2380
                [!provide]                        PROVIDE (stext, ABSOLUTE (.))
 *(.interp)
 *(.hash)
 *(.dynsym)
 *(.dynstr)
 *(.gnu.version)
 *(.gnu.version_d)
 *(.gnu.version_r)
 *(.rel.init)
 *(.rela.init)
 *(.rel.text .rel.text.* .rel.gnu.linkonce.t.*)
 *(.rela.text .rela.text.* .rela.gnu.linkonce.t.*)
 *(.rel.fini)
 *(.rela.fini)
 *(.rel.rodata .rel.rodata.* .rel.gnu.linkonce.r.*)
 *(.rela.rodata .rela.rodata.* .rela.gnu.linkonce.r.*)
 *(.rel.data .rel.data.* .rel.gnu.linkonce.d.*)
 *(.rela.data .rela.data.* .rela.gnu.linkonce.d.*)
 *(.rel.tdata .rel.tdata.* .rel.gnu.linkonce.td.*)
 *(.rela.tdata .rela.tdata.* .rela.gnu.linkonce.td.*)
 *(.rel.tbss .rel.tbss.* .rel.gnu.linkonce.tb.*)
 *(.rela.tbss .rela.tbss.* .rela.gnu.linkonce.tb.*)
 *(.rel.ctors)
 *(.rela.ctors)
 *(.rel.dtors)
 *(.rela.dtors)
 *(.rel.got)
 *(.rela.got)
 *(.rel.sdata .rel.sdata.* .rel.gnu.linkonce.s.*)
 *(.rela.sdata .rela.sdata.* .rela.gnu.linkonce.s.*)
 *(.rel.sbss .rel.sbss.* .rel.gnu.linkonce.sb.*)
 *(.rela.sbss .rela.sbss.* .rela.gnu.linkonce.sb.*)
 *(.rel.sdata2 .rel.sdata2.* .rel.gnu.linkonce.s2.*)
 *(.rela.sdata2 .rela.sdata2.* .rela.gnu.linkonce.s2.*)
 *(.rel.sbss2 .rel.sbss2.* .rel.gnu.linkonce.sb2.*)
 *(.rela.sbss2 .rela.sbss2.* .rela.gnu.linkonce.sb2.*)
 *(.rel.bss .rel.bss.* .rel.gnu.linkonce.b.*)
 *(.rela.bss .rela.bss.* .rela.gnu.linkonce.b.*)
 *(.rel.plt)
 *(.rela.plt)
 *(.rel.dyn)
 *(.init)
 *(.plt)
 *(.text .stub .text.* .gnu.linkonce.t.*)
 .text          0x0000000008000230       0x3c C:/Users/ldu08/OneDrive/Documents/Github/FPGAAudio/software/usb_kb_bsp//obj/HAL/src/crt0.o
                0x0000000008000230                _start
 .text          0x000000000800026c       0xec C:/Users/ldu08/OneDrive/Documents/Github/FPGAAudio/software/usb_kb_bsp/\libhal_bsp.a(alt_load.o)
                0x00000000080002d4                alt_load
 .text          0x0000000008000358       0x7c C:/Users/ldu08/OneDrive/Documents/Github/FPGAAudio/software/usb_kb_bsp/\libhal_bsp.a(alt_main.o)
                0x0000000008000358                alt_main
 .text          0x00000000080003d4       0xd0 C:/Users/ldu08/OneDrive/Documents/Github/FPGAAudio/software/usb_kb_bsp/\libhal_bsp.a(alt_sys_init.o)
                0x0000000008000408                alt_irq_init
                0x0000000008000440                alt_sys_init
 .text          0x00000000080004a4      0x164 C:/Users/ldu08/OneDrive/Documents/Github/FPGAAudio/software/usb_kb_bsp/\libhal_bsp.a(altera_avalon_jtag_uart_fd.o)
                0x00000000080004a4                altera_avalon_jtag_uart_read_fd
                0x0000000008000504                altera_avalon_jtag_uart_write_fd
                0x0000000008000564                altera_avalon_jtag_uart_close_fd
                0x00000000080005b4                altera_avalon_jtag_uart_ioctl_fd
 .text          0x0000000008000608      0x3d4 C:/Users/ldu08/OneDrive/Documents/Github/FPGAAudio/software/usb_kb_bsp/\libhal_bsp.a(altera_avalon_jtag_uart_init.o)
                0x0000000008000608                altera_avalon_jtag_uart_init
                0x0000000008000974                altera_avalon_jtag_uart_close
 .text          0x00000000080009dc       0xf0 C:/Users/ldu08/OneDrive/Documents/Github/FPGAAudio/software/usb_kb_bsp/\libhal_bsp.a(altera_avalon_jtag_uart_ioctl.o)
                0x00000000080009dc                altera_avalon_jtag_uart_ioctl
 .text          0x0000000008000acc      0x21c C:/Users/ldu08/OneDrive/Documents/Github/FPGAAudio/software/usb_kb_bsp/\libhal_bsp.a(altera_avalon_jtag_uart_read.o)
                0x0000000008000acc                altera_avalon_jtag_uart_read
 .text          0x0000000008000ce8      0x224 C:/Users/ldu08/OneDrive/Documents/Github/FPGAAudio/software/usb_kb_bsp/\libhal_bsp.a(altera_avalon_jtag_uart_write.o)
                0x0000000008000ce8                altera_avalon_jtag_uart_write
 .text          0x0000000008000f0c       0xf4 C:/Users/ldu08/OneDrive/Documents/Github/FPGAAudio/software/usb_kb_bsp/\libhal_bsp.a(altera_avalon_timer_sc.o)
                0x0000000008000f84                alt_avalon_timer_sc_init
 .text          0x0000000008001000      0x12c C:/Users/ldu08/OneDrive/Documents/Github/FPGAAudio/software/usb_kb_bsp/\libhal_bsp.a(alt_alarm_start.o)
                0x0000000008001000                alt_alarm_start
 .text          0x000000000800112c      0x114 C:/Users/ldu08/OneDrive/Documents/Github/FPGAAudio/software/usb_kb_bsp/\libhal_bsp.a(alt_close.o)
                0x0000000008001168                close
 .text          0x0000000008001240       0x20 C:/Users/ldu08/OneDrive/Documents/Github/FPGAAudio/software/usb_kb_bsp/\libhal_bsp.a(alt_dcache_flush_all.o)
                0x0000000008001240                alt_dcache_flush_all
 .text          0x0000000008001260       0x2c C:/Users/ldu08/OneDrive/Documents/Github/FPGAAudio/software/usb_kb_bsp/\libhal_bsp.a(alt_dev.o)
 .text          0x000000000800128c       0xe0 C:/Users/ldu08/OneDrive/Documents/Github/FPGAAudio/software/usb_kb_bsp/\libhal_bsp.a(alt_dev_llist_insert.o)
                0x00000000080012c8                alt_dev_llist_insert
 .text          0x000000000800136c       0x60 C:/Users/ldu08/OneDrive/Documents/Github/FPGAAudio/software/usb_kb_bsp/\libhal_bsp.a(alt_do_ctors.o)
                0x000000000800136c                _do_ctors
 .text          0x00000000080013cc       0x60 C:/Users/ldu08/OneDrive/Documents/Github/FPGAAudio/software/usb_kb_bsp/\libhal_bsp.a(alt_do_dtors.o)
                0x00000000080013cc                _do_dtors
 .text          0x000000000800142c        0x0 C:/Users/ldu08/OneDrive/Documents/Github/FPGAAudio/software/usb_kb_bsp/\libhal_bsp.a(alt_errno.o)
 .text          0x000000000800142c       0x20 C:/Users/ldu08/OneDrive/Documents/Github/FPGAAudio/software/usb_kb_bsp/\libhal_bsp.a(alt_icache_flush_all.o)
                0x000000000800142c                alt_icache_flush_all
 .text          0x000000000800144c      0x1b0 C:/Users/ldu08/OneDrive/Documents/Github/FPGAAudio/software/usb_kb_bsp/\libhal_bsp.a(alt_iic.o)
                0x000000000800144c                alt_ic_isr_register
                0x000000000800149c                alt_ic_irq_enable
                0x0000000008001524                alt_ic_irq_disable
                0x00000000080015b0                alt_ic_irq_enabled
 .text          0x00000000080015fc       0xf0 C:/Users/ldu08/OneDrive/Documents/Github/FPGAAudio/software/usb_kb_bsp/\libhal_bsp.a(alt_iic_isr_register.o)
                0x00000000080015fc                alt_iic_isr_register
 .text          0x00000000080016ec      0x160 C:/Users/ldu08/OneDrive/Documents/Github/FPGAAudio/software/usb_kb_bsp/\libhal_bsp.a(alt_io_redirect.o)
                0x00000000080017d0                alt_io_redirect
 .text          0x000000000800184c        0x0 C:/Users/ldu08/OneDrive/Documents/Github/FPGAAudio/software/usb_kb_bsp/\libhal_bsp.a(alt_irq_entry.o)
 .text          0x000000000800184c        0x0 C:/Users/ldu08/OneDrive/Documents/Github/FPGAAudio/software/usb_kb_bsp/\libhal_bsp.a(alt_irq_handler.o)
 .text          0x000000000800184c        0x0 C:/Users/ldu08/OneDrive/Documents/Github/FPGAAudio/software/usb_kb_bsp/\libhal_bsp.a(alt_irq_vars.o)
 .text          0x000000000800184c      0x284 C:/Users/ldu08/OneDrive/Documents/Github/FPGAAudio/software/usb_kb_bsp/\libhal_bsp.a(alt_open.o)
                0x0000000008001974                open
 .text          0x0000000008001ad0       0x84 C:/Users/ldu08/OneDrive/Documents/Github/FPGAAudio/software/usb_kb_bsp/\libhal_bsp.a(alt_release_fd.o)
                0x0000000008001ad0                alt_release_fd
 .text          0x0000000008001b54      0x1a4 C:/Users/ldu08/OneDrive/Documents/Github/FPGAAudio/software/usb_kb_bsp/\libhal_bsp.a(alt_tick.o)
                0x0000000008001b54                alt_alarm_stop
                0x0000000008001bf0                alt_tick
 .text          0x0000000008001cf8       0x24 C:/Users/ldu08/OneDrive/Documents/Github/FPGAAudio/software/usb_kb_bsp/\libhal_bsp.a(altera_nios2_gen2_irq.o)
                0x0000000008001cf8                altera_nios2_gen2_irq_init
 .text          0x0000000008001d1c        0x0 C:/Users/ldu08/OneDrive/Documents/Github/FPGAAudio/software/usb_kb_bsp/\libhal_bsp.a(alt_exception_entry.o)
 .text          0x0000000008001d1c       0x90 C:/Users/ldu08/OneDrive/Documents/Github/FPGAAudio/software/usb_kb_bsp/\libhal_bsp.a(alt_find_dev.o)
                0x0000000008001d1c                alt_find_dev
 .text          0x0000000008001dac      0x108 C:/Users/ldu08/OneDrive/Documents/Github/FPGAAudio/software/usb_kb_bsp/\libhal_bsp.a(alt_find_file.o)
                0x0000000008001dac                alt_find_file
 .text          0x0000000008001eb4       0xc4 C:/Users/ldu08/OneDrive/Documents/Github/FPGAAudio/software/usb_kb_bsp/\libhal_bsp.a(alt_get_fd.o)
                0x0000000008001eb4                alt_get_fd
 .text          0x0000000008001f78       0x9c C:/Users/ldu08/OneDrive/Documents/Github/FPGAAudio/software/usb_kb_bsp/\libhal_bsp.a(alt_instruction_exception_entry.o)
                0x0000000008001f78                alt_exception_cause_generated_bad_addr
 .text          0x0000000008002014        0x0 c:/intelfpga_lite/18.1/nios2eds/bin/gnu/h-x86_64-mingw32/bin/../lib/gcc/nios2-elf/5.3.0/../../../../../H-x86_64-mingw32/nios2-elf/lib/mno-hw-mul\libc.a(lib_a-atexit.o)
 .text.atexit   0x0000000008002014       0x14 c:/intelfpga_lite/18.1/nios2eds/bin/gnu/h-x86_64-mingw32/bin/../lib/gcc/nios2-elf/5.3.0/../../../../../H-x86_64-mingw32/nios2-elf/lib/mno-hw-mul\libc.a(lib_a-atexit.o)
                0x0000000008002014                atexit
 .text          0x0000000008002028        0x0 c:/intelfpga_lite/18.1/nios2eds/bin/gnu/h-x86_64-mingw32/bin/../lib/gcc/nios2-elf/5.3.0/../../../../../H-x86_64-mingw32/nios2-elf/lib/mno-hw-mul\libc.a(lib_a-exit.o)
 .text.exit     0x0000000008002028       0x38 c:/intelfpga_lite/18.1/nios2eds/bin/gnu/h-x86_64-mingw32/bin/../lib/gcc/nios2-elf/5.3.0/../../../../../H-x86_64-mingw32/nios2-elf/lib/mno-hw-mul\libc.a(lib_a-exit.o)
                0x0000000008002028                exit
 .text          0x0000000008002060        0x0 c:/intelfpga_lite/18.1/nios2eds/bin/gnu/h-x86_64-mingw32/bin/../lib/gcc/nios2-elf/5.3.0/../../../../../H-x86_64-mingw32/nios2-elf/lib/mno-hw-mul\libc.a(lib_a-impure.o)
 .text          0x0000000008002060        0x0 c:/intelfpga_lite/18.1/nios2eds/bin/gnu/h-x86_64-mingw32/bin/../lib/gcc/nios2-elf/5.3.0/../../../../../H-x86_64-mingw32/nios2-elf/lib/mno-hw-mul\libc.a(lib_a-int_errno.o)
 .text          0x0000000008002060        0x0 c:/intelfpga_lite/18.1/nios2eds/bin/gnu/h-x86_64-mingw32/bin/../lib/gcc/nios2-elf/5.3.0/../../../../../H-x86_64-mingw32/nios2-elf/lib/mno-hw-mul\libc.a(lib_a-memcmp.o)
 .text.memcmp   0x0000000008002060       0x7c c:/intelfpga_lite/18.1/nios2eds/bin/gnu/h-x86_64-mingw32/bin/../lib/gcc/nios2-elf/5.3.0/../../../../../H-x86_64-mingw32/nios2-elf/lib/mno-hw-mul\libc.a(lib_a-memcmp.o)
                0x0000000008002060                memcmp
 .text          0x00000000080020dc        0x0 c:/intelfpga_lite/18.1/nios2eds/bin/gnu/h-x86_64-mingw32/bin/../lib/gcc/nios2-elf/5.3.0/../../../../../H-x86_64-mingw32/nios2-elf/lib/mno-hw-mul\libc.a(lib_a-memcpy.o)
 .text.memcpy   0x00000000080020dc      0x148 c:/intelfpga_lite/18.1/nios2eds/bin/gnu/h-x86_64-mingw32/bin/../lib/gcc/nios2-elf/5.3.0/../../../../../H-x86_64-mingw32/nios2-elf/lib/mno-hw-mul\libc.a(lib_a-memcpy.o)
                0x00000000080020dc                memcpy
 .text          0x0000000008002224        0x0 c:/intelfpga_lite/18.1/nios2eds/bin/gnu/h-x86_64-mingw32/bin/../lib/gcc/nios2-elf/5.3.0/../../../../../H-x86_64-mingw32/nios2-elf/lib/mno-hw-mul\libc.a(lib_a-strlen.o)
 .text.strlen   0x0000000008002224       0x98 c:/intelfpga_lite/18.1/nios2eds/bin/gnu/h-x86_64-mingw32/bin/../lib/gcc/nios2-elf/5.3.0/../../../../../H-x86_64-mingw32/nios2-elf/lib/mno-hw-mul\libc.a(lib_a-strlen.o)
                0x0000000008002224                strlen
 .text          0x00000000080022bc        0x0 c:/intelfpga_lite/18.1/nios2eds/bin/gnu/h-x86_64-mingw32/bin/../lib/gcc/nios2-elf/5.3.0/../../../../../H-x86_64-mingw32/nios2-elf/lib/mno-hw-mul\libc.a(lib_a-__atexit.o)
 .text.__register_exitproc
                0x00000000080022bc      0x118 c:/intelfpga_lite/18.1/nios2eds/bin/gnu/h-x86_64-mingw32/bin/../lib/gcc/nios2-elf/5.3.0/../../../../../H-x86_64-mingw32/nios2-elf/lib/mno-hw-mul\libc.a(lib_a-__atexit.o)
                0x00000000080022bc                __register_exitproc
 .text          0x00000000080023d4        0x0 c:/intelfpga_lite/18.1/nios2eds/bin/gnu/h-x86_64-mingw32/bin/../lib/gcc/nios2-elf/5.3.0/../../../../../H-x86_64-mingw32/nios2-elf/lib/mno-hw-mul\libc.a(lib_a-__call_atexit.o)
 .text.__call_exitprocs
                0x00000000080023d4      0x180 c:/intelfpga_lite/18.1/nios2eds/bin/gnu/h-x86_64-mingw32/bin/../lib/gcc/nios2-elf/5.3.0/../../../../../H-x86_64-mingw32/nios2-elf/lib/mno-hw-mul\libc.a(lib_a-__call_atexit.o)
                0x00000000080023d4                __call_exitprocs
 .text          0x0000000008002554       0x28 c:/intelfpga_lite/18.1/nios2eds/bin/gnu/h-x86_64-mingw32/bin/../lib/gcc/nios2-elf/5.3.0/mno-hw-mul\libgcc.a(lib2-mul.o)
                0x0000000008002554                __mulsi3
 .text          0x000000000800257c       0x34 C:/Users/ldu08/OneDrive/Documents/Github/FPGAAudio/software/usb_kb_bsp/\libhal_bsp.a(alt_exit.o)
                0x000000000800257c                _exit
 *(.gnu.warning.*)
 *(.fini)
                [!provide]                        PROVIDE (__etext, ABSOLUTE (.))
                [!provide]                        PROVIDE (_etext, ABSOLUTE (.))
                [!provide]                        PROVIDE (etext, ABSOLUTE (.))
 *(.eh_frame_hdr)
                0x00000000080025b0                . = ALIGN (0x4)
                [!provide]                        PROVIDE (__preinit_array_start, ABSOLUTE (.))
 *(.preinit_array)
                [!provide]                        PROVIDE (__preinit_array_end, ABSOLUTE (.))
                [!provide]                        PROVIDE (__init_array_start, ABSOLUTE (.))
 *(.init_array)
                [!provide]                        PROVIDE (__init_array_end, ABSOLUTE (.))
                [!provide]                        PROVIDE (__fini_array_start, ABSOLUTE (.))
 *(.fini_array)
                [!provide]                        PROVIDE (__fini_array_end, ABSOLUTE (.))
 *(.eh_frame)
 *(.gcc_except_table .gcc_except_table.*)
 *(.dynamic)
                0x00000000080025b0                PROVIDE (__CTOR_LIST__, ABSOLUTE (.))
 *(.ctors)
 *(SORT(.ctors.*))
                0x00000000080025b0                PROVIDE (__CTOR_END__, ABSOLUTE (.))
                0x00000000080025b0                PROVIDE (__DTOR_LIST__, ABSOLUTE (.))
 *(.dtors)
 *(SORT(.dtors.*))
                0x00000000080025b0                PROVIDE (__DTOR_END__, ABSOLUTE (.))
 *(.jcr)
                0x00000000080025b0                . = ALIGN (0x4)

.rodata         0x00000000080025b0       0x38
                0x00000000080025b0                PROVIDE (__ram_rodata_start, ABSOLUTE (.))
                0x00000000080025b0                . = ALIGN (0x4)
 *(.rodata .rodata.* .gnu.linkonce.r.*)
 .rodata        0x00000000080025b0       0x11 C:/Users/ldu08/OneDrive/Documents/Github/FPGAAudio/software/usb_kb_bsp/\libhal_bsp.a(alt_main.o)
 *fill*         0x00000000080025c1        0x3 
 .rodata        0x00000000080025c4       0x11 C:/Users/ldu08/OneDrive/Documents/Github/FPGAAudio/software/usb_kb_bsp/\libhal_bsp.a(alt_sys_init.o)
 *fill*         0x00000000080025d5        0x3 
 .rodata        0x00000000080025d8        0xa C:/Users/ldu08/OneDrive/Documents/Github/FPGAAudio/software/usb_kb_bsp/\libhal_bsp.a(alt_dev.o)
 *fill*         0x00000000080025e2        0x2 
 .rodata.str1.4
                0x00000000080025e4        0x4 c:/intelfpga_lite/18.1/nios2eds/bin/gnu/h-x86_64-mingw32/bin/../lib/gcc/nios2-elf/5.3.0/../../../../../H-x86_64-mingw32/nios2-elf/lib/mno-hw-mul\libc.a(lib_a-impure.o)
                                          0x2 (size before relaxing)
 *(.rodata1)
                0x00000000080025e8                . = ALIGN (0x4)
                0x00000000080025e8                PROVIDE (__ram_rodata_end, ABSOLUTE (.))
                0x00000000080025b0                PROVIDE (__flash_rodata_start, LOADADDR (.rodata))

.rwdata         0x00000000080025e8     0x1658 load address 0x0000000008003c40
                0x00000000080025e8                PROVIDE (__ram_rwdata_start, ABSOLUTE (.))
                0x00000000080025e8                . = ALIGN (0x4)
 *(.got.plt)
 *(.got)
 *(.data1)
 *(.data .data.* .gnu.linkonce.d.*)
 .data          0x00000000080025e8        0x0 C:/Users/ldu08/OneDrive/Documents/Github/FPGAAudio/software/usb_kb_bsp//obj/HAL/src/crt0.o
 .data          0x00000000080025e8        0x0 C:/Users/ldu08/OneDrive/Documents/Github/FPGAAudio/software/usb_kb_bsp/\libhal_bsp.a(alt_load.o)
 .data          0x00000000080025e8        0x0 C:/Users/ldu08/OneDrive/Documents/Github/FPGAAudio/software/usb_kb_bsp/\libhal_bsp.a(alt_main.o)
 .data          0x00000000080025e8     0x1060 C:/Users/ldu08/OneDrive/Documents/Github/FPGAAudio/software/usb_kb_bsp/\libhal_bsp.a(alt_sys_init.o)
 .data          0x0000000008003648        0x0 C:/Users/ldu08/OneDrive/Documents/Github/FPGAAudio/software/usb_kb_bsp/\libhal_bsp.a(altera_avalon_jtag_uart_fd.o)
 .data          0x0000000008003648        0x0 C:/Users/ldu08/OneDrive/Documents/Github/FPGAAudio/software/usb_kb_bsp/\libhal_bsp.a(altera_avalon_jtag_uart_init.o)
 .data          0x0000000008003648        0x0 C:/Users/ldu08/OneDrive/Documents/Github/FPGAAudio/software/usb_kb_bsp/\libhal_bsp.a(altera_avalon_jtag_uart_ioctl.o)
 .data          0x0000000008003648        0x0 C:/Users/ldu08/OneDrive/Documents/Github/FPGAAudio/software/usb_kb_bsp/\libhal_bsp.a(altera_avalon_jtag_uart_read.o)
 .data          0x0000000008003648        0x0 C:/Users/ldu08/OneDrive/Documents/Github/FPGAAudio/software/usb_kb_bsp/\libhal_bsp.a(altera_avalon_jtag_uart_write.o)
 .data          0x0000000008003648        0x0 C:/Users/ldu08/OneDrive/Documents/Github/FPGAAudio/software/usb_kb_bsp/\libhal_bsp.a(altera_avalon_timer_sc.o)
 .data          0x0000000008003648        0x0 C:/Users/ldu08/OneDrive/Documents/Github/FPGAAudio/software/usb_kb_bsp/\libhal_bsp.a(alt_alarm_start.o)
 .data          0x0000000008003648        0x0 C:/Users/ldu08/OneDrive/Documents/Github/FPGAAudio/software/usb_kb_bsp/\libhal_bsp.a(alt_close.o)
 .data          0x0000000008003648        0x0 C:/Users/ldu08/OneDrive/Documents/Github/FPGAAudio/software/usb_kb_bsp/\libhal_bsp.a(alt_dcache_flush_all.o)
 .data          0x0000000008003648      0x1a8 C:/Users/ldu08/OneDrive/Documents/Github/FPGAAudio/software/usb_kb_bsp/\libhal_bsp.a(alt_dev.o)
                0x0000000008003648                alt_dev_null
                0x0000000008003670                alt_fd_list
 .data          0x00000000080037f0        0x0 C:/Users/ldu08/OneDrive/Documents/Github/FPGAAudio/software/usb_kb_bsp/\libhal_bsp.a(alt_dev_llist_insert.o)
 .data          0x00000000080037f0        0x0 C:/Users/ldu08/OneDrive/Documents/Github/FPGAAudio/software/usb_kb_bsp/\libhal_bsp.a(alt_do_ctors.o)
 .data          0x00000000080037f0        0x0 C:/Users/ldu08/OneDrive/Documents/Github/FPGAAudio/software/usb_kb_bsp/\libhal_bsp.a(alt_do_dtors.o)
 .data          0x00000000080037f0        0x0 C:/Users/ldu08/OneDrive/Documents/Github/FPGAAudio/software/usb_kb_bsp/\libhal_bsp.a(alt_errno.o)
 .data          0x00000000080037f0        0x0 C:/Users/ldu08/OneDrive/Documents/Github/FPGAAudio/software/usb_kb_bsp/\libhal_bsp.a(alt_icache_flush_all.o)
 .data          0x00000000080037f0        0x0 C:/Users/ldu08/OneDrive/Documents/Github/FPGAAudio/software/usb_kb_bsp/\libhal_bsp.a(alt_iic.o)
 .data          0x00000000080037f0        0x0 C:/Users/ldu08/OneDrive/Documents/Github/FPGAAudio/software/usb_kb_bsp/\libhal_bsp.a(alt_iic_isr_register.o)
 .data          0x00000000080037f0        0x0 C:/Users/ldu08/OneDrive/Documents/Github/FPGAAudio/software/usb_kb_bsp/\libhal_bsp.a(alt_io_redirect.o)
 .data          0x00000000080037f0        0x0 C:/Users/ldu08/OneDrive/Documents/Github/FPGAAudio/software/usb_kb_bsp/\libhal_bsp.a(alt_irq_entry.o)
 .data          0x00000000080037f0        0x0 C:/Users/ldu08/OneDrive/Documents/Github/FPGAAudio/software/usb_kb_bsp/\libhal_bsp.a(alt_irq_handler.o)
 .data          0x00000000080037f0        0x0 C:/Users/ldu08/OneDrive/Documents/Github/FPGAAudio/software/usb_kb_bsp/\libhal_bsp.a(alt_irq_vars.o)
 .data          0x00000000080037f0        0x0 C:/Users/ldu08/OneDrive/Documents/Github/FPGAAudio/software/usb_kb_bsp/\libhal_bsp.a(alt_open.o)
 .data          0x00000000080037f0        0x0 C:/Users/ldu08/OneDrive/Documents/Github/FPGAAudio/software/usb_kb_bsp/\libhal_bsp.a(alt_release_fd.o)
 .data          0x00000000080037f0        0x0 C:/Users/ldu08/OneDrive/Documents/Github/FPGAAudio/software/usb_kb_bsp/\libhal_bsp.a(alt_tick.o)
 .data          0x00000000080037f0        0x0 C:/Users/ldu08/OneDrive/Documents/Github/FPGAAudio/software/usb_kb_bsp/\libhal_bsp.a(altera_nios2_gen2_irq.o)
 .data          0x00000000080037f0        0x0 C:/Users/ldu08/OneDrive/Documents/Github/FPGAAudio/software/usb_kb_bsp/\libhal_bsp.a(alt_exception_entry.o)
 .data          0x00000000080037f0        0x0 C:/Users/ldu08/OneDrive/Documents/Github/FPGAAudio/software/usb_kb_bsp/\libhal_bsp.a(alt_find_dev.o)
 .data          0x00000000080037f0        0x0 C:/Users/ldu08/OneDrive/Documents/Github/FPGAAudio/software/usb_kb_bsp/\libhal_bsp.a(alt_find_file.o)
 .data          0x00000000080037f0        0x0 C:/Users/ldu08/OneDrive/Documents/Github/FPGAAudio/software/usb_kb_bsp/\libhal_bsp.a(alt_get_fd.o)
 .data          0x00000000080037f0        0x0 C:/Users/ldu08/OneDrive/Documents/Github/FPGAAudio/software/usb_kb_bsp/\libhal_bsp.a(alt_instruction_exception_entry.o)
 .data          0x00000000080037f0        0x0 c:/intelfpga_lite/18.1/nios2eds/bin/gnu/h-x86_64-mingw32/bin/../lib/gcc/nios2-elf/5.3.0/../../../../../H-x86_64-mingw32/nios2-elf/lib/mno-hw-mul\libc.a(lib_a-atexit.o)
 .data          0x00000000080037f0        0x0 c:/intelfpga_lite/18.1/nios2eds/bin/gnu/h-x86_64-mingw32/bin/../lib/gcc/nios2-elf/5.3.0/../../../../../H-x86_64-mingw32/nios2-elf/lib/mno-hw-mul\libc.a(lib_a-exit.o)
 .data          0x00000000080037f0        0x0 c:/intelfpga_lite/18.1/nios2eds/bin/gnu/h-x86_64-mingw32/bin/../lib/gcc/nios2-elf/5.3.0/../../../../../H-x86_64-mingw32/nios2-elf/lib/mno-hw-mul\libc.a(lib_a-impure.o)
 .data.impure_data
                0x00000000080037f0      0x424 c:/intelfpga_lite/18.1/nios2eds/bin/gnu/h-x86_64-mingw32/bin/../lib/gcc/nios2-elf/5.3.0/../../../../../H-x86_64-mingw32/nios2-elf/lib/mno-hw-mul\libc.a(lib_a-impure.o)
 .data          0x0000000008003c14        0x0 c:/intelfpga_lite/18.1/nios2eds/bin/gnu/h-x86_64-mingw32/bin/../lib/gcc/nios2-elf/5.3.0/../../../../../H-x86_64-mingw32/nios2-elf/lib/mno-hw-mul\libc.a(lib_a-int_errno.o)
 .data          0x0000000008003c14        0x0 c:/intelfpga_lite/18.1/nios2eds/bin/gnu/h-x86_64-mingw32/bin/../lib/gcc/nios2-elf/5.3.0/../../../../../H-x86_64-mingw32/nios2-elf/lib/mno-hw-mul\libc.a(lib_a-memcmp.o)
 .data          0x0000000008003c14        0x0 c:/intelfpga_lite/18.1/nios2eds/bin/gnu/h-x86_64-mingw32/bin/../lib/gcc/nios2-elf/5.3.0/../../../../../H-x86_64-mingw32/nios2-elf/lib/mno-hw-mul\libc.a(lib_a-memcpy.o)
 .data          0x0000000008003c14        0x0 c:/intelfpga_lite/18.1/nios2eds/bin/gnu/h-x86_64-mingw32/bin/../lib/gcc/nios2-elf/5.3.0/../../../../../H-x86_64-mingw32/nios2-elf/lib/mno-hw-mul\libc.a(lib_a-strlen.o)
 .data          0x0000000008003c14        0x0 c:/intelfpga_lite/18.1/nios2eds/bin/gnu/h-x86_64-mingw32/bin/../lib/gcc/nios2-elf/5.3.0/../../../../../H-x86_64-mingw32/nios2-elf/lib/mno-hw-mul\libc.a(lib_a-__atexit.o)
 .data          0x0000000008003c14        0x0 c:/intelfpga_lite/18.1/nios2eds/bin/gnu/h-x86_64-mingw32/bin/../lib/gcc/nios2-elf/5.3.0/../../../../../H-x86_64-mingw32/nios2-elf/lib/mno-hw-mul\libc.a(lib_a-__call_atexit.o)
 .data          0x0000000008003c14        0x0 c:/intelfpga_lite/18.1/nios2eds/bin/gnu/h-x86_64-mingw32/bin/../lib/gcc/nios2-elf/5.3.0/mno-hw-mul\libgcc.a(lib2-mul.o)
 .data          0x0000000008003c14        0x0 C:/Users/ldu08/OneDrive/Documents/Github/FPGAAudio/software/usb_kb_bsp/\libhal_bsp.a(alt_exit.o)
                0x000000000800bc14                _gp = ABSOLUTE ((. + 0x8000))
                [!provide]                        PROVIDE (gp, _gp)
 *(.rwdata .rwdata.*)
 *(.sdata .sdata.* .gnu.linkonce.s.*)
 .sdata         0x0000000008003c14       0x14 C:/Users/ldu08/OneDrive/Documents/Github/FPGAAudio/software/usb_kb_bsp/\libhal_bsp.a(alt_dev.o)
                0x0000000008003c14                alt_fs_list
                0x0000000008003c1c                alt_dev_list
                0x0000000008003c24                alt_max_fd
 .sdata         0x0000000008003c28        0x4 C:/Users/ldu08/OneDrive/Documents/Github/FPGAAudio/software/usb_kb_bsp/\libhal_bsp.a(alt_errno.o)
                0x0000000008003c28                alt_errno
 .sdata         0x0000000008003c2c        0x4 C:/Users/ldu08/OneDrive/Documents/Github/FPGAAudio/software/usb_kb_bsp/\libhal_bsp.a(alt_irq_vars.o)
                0x0000000008003c2c                alt_priority_mask
 .sdata         0x0000000008003c30        0x8 C:/Users/ldu08/OneDrive/Documents/Github/FPGAAudio/software/usb_kb_bsp/\libhal_bsp.a(alt_tick.o)
                0x0000000008003c30                alt_alarm_list
 .sdata._global_impure_ptr
                0x0000000008003c38        0x4 c:/intelfpga_lite/18.1/nios2eds/bin/gnu/h-x86_64-mingw32/bin/../lib/gcc/nios2-elf/5.3.0/../../../../../H-x86_64-mingw32/nios2-elf/lib/mno-hw-mul\libc.a(lib_a-impure.o)
                0x0000000008003c38                _global_impure_ptr
 .sdata._impure_ptr
                0x0000000008003c3c        0x4 c:/intelfpga_lite/18.1/nios2eds/bin/gnu/h-x86_64-mingw32/bin/../lib/gcc/nios2-elf/5.3.0/../../../../../H-x86_64-mingw32/nios2-elf/lib/mno-hw-mul\libc.a(lib_a-impure.o)
                0x0000000008003c3c                _impure_ptr
 *(.sdata2 .sdata2.* .gnu.linkonce.s2.*)
                0x0000000008003c40                . = ALIGN (0x4)
                0x0000000008003c40                _edata = ABSOLUTE (.)
                [!provide]                        PROVIDE (edata, ABSOLUTE (.))
                0x0000000008003c40                PROVIDE (__ram_rwdata_end, ABSOLUTE (.))
                0x0000000008003c40                PROVIDE (__flash_rwdata_start, LOADADDR (.rwdata))

.bss            0x0000000008005298      0x120
                0x0000000008005298                __bss_start = ABSOLUTE (.)
                [!provide]                        PROVIDE (__sbss_start, ABSOLUTE (.))
                [!provide]                        PROVIDE (___sbss_start, ABSOLUTE (.))
 *(.dynsbss)
 *(.sbss .sbss.* .gnu.linkonce.sb.*)
 .sbss          0x0000000008005298        0xc C:/Users/ldu08/OneDrive/Documents/Github/FPGAAudio/software/usb_kb_bsp/\libhal_bsp.a(alt_main.o)
                0x0000000008005298                alt_argc
                0x000000000800529c                alt_argv
                0x00000000080052a0                alt_envp
 .sbss          0x00000000080052a4        0x4 C:/Users/ldu08/OneDrive/Documents/Github/FPGAAudio/software/usb_kb_bsp/\libhal_bsp.a(alt_irq_vars.o)
                0x00000000080052a4                alt_irq_active
 .sbss          0x00000000080052a8        0x8 C:/Users/ldu08/OneDrive/Documents/Github/FPGAAudio/software/usb_kb_bsp/\libhal_bsp.a(alt_tick.o)
                0x00000000080052a8                _alt_tick_rate
                0x00000000080052ac                _alt_nticks
 .sbss          0x00000000080052b0        0x4 C:/Users/ldu08/OneDrive/Documents/Github/FPGAAudio/software/usb_kb_bsp/\libhal_bsp.a(alt_instruction_exception_entry.o)
                0x00000000080052b0                alt_instruction_exception_handler
 .sbss          0x00000000080052b4        0x4 c:/intelfpga_lite/18.1/nios2eds/bin/gnu/h-x86_64-mingw32/bin/../lib/gcc/nios2-elf/5.3.0/../../../../../H-x86_64-mingw32/nios2-elf/lib/mno-hw-mul\libc.a(lib_a-int_errno.o)
                0x00000000080052b4                errno
 *(.sbss2 .sbss2.* .gnu.linkonce.sb2.*)
 *(.scommon)
                [!provide]                        PROVIDE (__sbss_end, ABSOLUTE (.))
                [!provide]                        PROVIDE (___sbss_end, ABSOLUTE (.))
 *(.dynbss)
 *(.bss .bss.* .gnu.linkonce.b.*)
 .bss           0x00000000080052b8        0x0 C:/Users/ldu08/OneDrive/Documents/Github/FPGAAudio/software/usb_kb_bsp//obj/HAL/src/crt0.o
 .bss           0x00000000080052b8        0x0 C:/Users/ldu08/OneDrive/Documents/Github/FPGAAudio/software/usb_kb_bsp/\libhal_bsp.a(alt_load.o)
 .bss           0x00000000080052b8        0x0 C:/Users/ldu08/OneDrive/Documents/Github/FPGAAudio/software/usb_kb_bsp/\libhal_bsp.a(alt_main.o)
 .bss           0x00000000080052b8        0x0 C:/Users/ldu08/OneDrive/Documents/Github/FPGAAudio/software/usb_kb_bsp/\libhal_bsp.a(alt_sys_init.o)
 .bss           0x00000000080052b8        0x0 C:/Users/ldu08/OneDrive/Documents/Github/FPGAAudio/software/usb_kb_bsp/\libhal_bsp.a(altera_avalon_jtag_uart_fd.o)
 .bss           0x00000000080052b8        0x0 C:/Users/ldu08/OneDrive/Documents/Github/FPGAAudio/software/usb_kb_bsp/\libhal_bsp.a(altera_avalon_jtag_uart_init.o)
 .bss           0x00000000080052b8        0x0 C:/Users/ldu08/OneDrive/Documents/Github/FPGAAudio/software/usb_kb_bsp/\libhal_bsp.a(altera_avalon_jtag_uart_ioctl.o)
 .bss           0x00000000080052b8        0x0 C:/Users/ldu08/OneDrive/Documents/Github/FPGAAudio/software/usb_kb_bsp/\libhal_bsp.a(altera_avalon_jtag_uart_read.o)
 .bss           0x00000000080052b8        0x0 C:/Users/ldu08/OneDrive/Documents/Github/FPGAAudio/software/usb_kb_bsp/\libhal_bsp.a(altera_avalon_jtag_uart_write.o)
 .bss           0x00000000080052b8        0x0 C:/Users/ldu08/OneDrive/Documents/Github/FPGAAudio/software/usb_kb_bsp/\libhal_bsp.a(altera_avalon_timer_sc.o)
 .bss           0x00000000080052b8        0x0 C:/Users/ldu08/OneDrive/Documents/Github/FPGAAudio/software/usb_kb_bsp/\libhal_bsp.a(alt_alarm_start.o)
 .bss           0x00000000080052b8        0x0 C:/Users/ldu08/OneDrive/Documents/Github/FPGAAudio/software/usb_kb_bsp/\libhal_bsp.a(alt_close.o)
 .bss           0x00000000080052b8        0x0 C:/Users/ldu08/OneDrive/Documents/Github/FPGAAudio/software/usb_kb_bsp/\libhal_bsp.a(alt_dcache_flush_all.o)
 .bss           0x00000000080052b8        0x0 C:/Users/ldu08/OneDrive/Documents/Github/FPGAAudio/software/usb_kb_bsp/\libhal_bsp.a(alt_dev.o)
 .bss           0x00000000080052b8        0x0 C:/Users/ldu08/OneDrive/Documents/Github/FPGAAudio/software/usb_kb_bsp/\libhal_bsp.a(alt_dev_llist_insert.o)
 .bss           0x00000000080052b8        0x0 C:/Users/ldu08/OneDrive/Documents/Github/FPGAAudio/software/usb_kb_bsp/\libhal_bsp.a(alt_do_ctors.o)
 .bss           0x00000000080052b8        0x0 C:/Users/ldu08/OneDrive/Documents/Github/FPGAAudio/software/usb_kb_bsp/\libhal_bsp.a(alt_do_dtors.o)
 .bss           0x00000000080052b8        0x0 C:/Users/ldu08/OneDrive/Documents/Github/FPGAAudio/software/usb_kb_bsp/\libhal_bsp.a(alt_errno.o)
 .bss           0x00000000080052b8        0x0 C:/Users/ldu08/OneDrive/Documents/Github/FPGAAudio/software/usb_kb_bsp/\libhal_bsp.a(alt_icache_flush_all.o)
 .bss           0x00000000080052b8        0x0 C:/Users/ldu08/OneDrive/Documents/Github/FPGAAudio/software/usb_kb_bsp/\libhal_bsp.a(alt_iic.o)
 .bss           0x00000000080052b8        0x0 C:/Users/ldu08/OneDrive/Documents/Github/FPGAAudio/software/usb_kb_bsp/\libhal_bsp.a(alt_iic_isr_register.o)
 .bss           0x00000000080052b8        0x0 C:/Users/ldu08/OneDrive/Documents/Github/FPGAAudio/software/usb_kb_bsp/\libhal_bsp.a(alt_io_redirect.o)
 .bss           0x00000000080052b8        0x0 C:/Users/ldu08/OneDrive/Documents/Github/FPGAAudio/software/usb_kb_bsp/\libhal_bsp.a(alt_irq_entry.o)
 .bss           0x00000000080052b8        0x0 C:/Users/ldu08/OneDrive/Documents/Github/FPGAAudio/software/usb_kb_bsp/\libhal_bsp.a(alt_irq_handler.o)
 .bss           0x00000000080052b8        0x0 C:/Users/ldu08/OneDrive/Documents/Github/FPGAAudio/software/usb_kb_bsp/\libhal_bsp.a(alt_irq_vars.o)
 .bss           0x00000000080052b8        0x0 C:/Users/ldu08/OneDrive/Documents/Github/FPGAAudio/software/usb_kb_bsp/\libhal_bsp.a(alt_open.o)
 .bss           0x00000000080052b8        0x0 C:/Users/ldu08/OneDrive/Documents/Github/FPGAAudio/software/usb_kb_bsp/\libhal_bsp.a(alt_release_fd.o)
 .bss           0x00000000080052b8        0x0 C:/Users/ldu08/OneDrive/Documents/Github/FPGAAudio/software/usb_kb_bsp/\libhal_bsp.a(alt_tick.o)
 .bss           0x00000000080052b8        0x0 C:/Users/ldu08/OneDrive/Documents/Github/FPGAAudio/software/usb_kb_bsp/\libhal_bsp.a(altera_nios2_gen2_irq.o)
 .bss           0x00000000080052b8        0x0 C:/Users/ldu08/OneDrive/Documents/Github/FPGAAudio/software/usb_kb_bsp/\libhal_bsp.a(alt_exception_entry.o)
 .bss           0x00000000080052b8        0x0 C:/Users/ldu08/OneDrive/Documents/Github/FPGAAudio/software/usb_kb_bsp/\libhal_bsp.a(alt_find_dev.o)
 .bss           0x00000000080052b8        0x0 C:/Users/ldu08/OneDrive/Documents/Github/FPGAAudio/software/usb_kb_bsp/\libhal_bsp.a(alt_find_file.o)
 .bss           0x00000000080052b8        0x0 C:/Users/ldu08/OneDrive/Documents/Github/FPGAAudio/software/usb_kb_bsp/\libhal_bsp.a(alt_get_fd.o)
 .bss           0x00000000080052b8        0x0 C:/Users/ldu08/OneDrive/Documents/Github/FPGAAudio/software/usb_kb_bsp/\libhal_bsp.a(alt_instruction_exception_entry.o)
 .bss           0x00000000080052b8        0x0 c:/intelfpga_lite/18.1/nios2eds/bin/gnu/h-x86_64-mingw32/bin/../lib/gcc/nios2-elf/5.3.0/../../../../../H-x86_64-mingw32/nios2-elf/lib/mno-hw-mul\libc.a(lib_a-atexit.o)
 .bss           0x00000000080052b8        0x0 c:/intelfpga_lite/18.1/nios2eds/bin/gnu/h-x86_64-mingw32/bin/../lib/gcc/nios2-elf/5.3.0/../../../../../H-x86_64-mingw32/nios2-elf/lib/mno-hw-mul\libc.a(lib_a-exit.o)
 .bss           0x00000000080052b8        0x0 c:/intelfpga_lite/18.1/nios2eds/bin/gnu/h-x86_64-mingw32/bin/../lib/gcc/nios2-elf/5.3.0/../../../../../H-x86_64-mingw32/nios2-elf/lib/mno-hw-mul\libc.a(lib_a-impure.o)
 .bss           0x00000000080052b8        0x0 c:/intelfpga_lite/18.1/nios2eds/bin/gnu/h-x86_64-mingw32/bin/../lib/gcc/nios2-elf/5.3.0/../../../../../H-x86_64-mingw32/nios2-elf/lib/mno-hw-mul\libc.a(lib_a-int_errno.o)
 .bss           0x00000000080052b8        0x0 c:/intelfpga_lite/18.1/nios2eds/bin/gnu/h-x86_64-mingw32/bin/../lib/gcc/nios2-elf/5.3.0/../../../../../H-x86_64-mingw32/nios2-elf/lib/mno-hw-mul\libc.a(lib_a-memcmp.o)
 .bss           0x00000000080052b8        0x0 c:/intelfpga_lite/18.1/nios2eds/bin/gnu/h-x86_64-mingw32/bin/../lib/gcc/nios2-elf/5.3.0/../../../../../H-x86_64-mingw32/nios2-elf/lib/mno-hw-mul\libc.a(lib_a-memcpy.o)
 .bss           0x00000000080052b8        0x0 c:/intelfpga_lite/18.1/nios2eds/bin/gnu/h-x86_64-mingw32/bin/../lib/gcc/nios2-elf/5.3.0/../../../../../H-x86_64-mingw32/nios2-elf/lib/mno-hw-mul\libc.a(lib_a-strlen.o)
 .bss           0x00000000080052b8        0x0 c:/intelfpga_lite/18.1/nios2eds/bin/gnu/h-x86_64-mingw32/bin/../lib/gcc/nios2-elf/5.3.0/../../../../../H-x86_64-mingw32/nios2-elf/lib/mno-hw-mul\libc.a(lib_a-__atexit.o)
 .bss           0x00000000080052b8        0x0 c:/intelfpga_lite/18.1/nios2eds/bin/gnu/h-x86_64-mingw32/bin/../lib/gcc/nios2-elf/5.3.0/../../../../../H-x86_64-mingw32/nios2-elf/lib/mno-hw-mul\libc.a(lib_a-__call_atexit.o)
 .bss           0x00000000080052b8        0x0 c:/intelfpga_lite/18.1/nios2eds/bin/gnu/h-x86_64-mingw32/bin/../lib/gcc/nios2-elf/5.3.0/mno-hw-mul\libgcc.a(lib2-mul.o)
 .bss           0x00000000080052b8        0x0 C:/Users/ldu08/OneDrive/Documents/Github/FPGAAudio/software/usb_kb_bsp/\libhal_bsp.a(alt_exit.o)
 *(COMMON)
 COMMON         0x00000000080052b8      0x100 C:/Users/ldu08/OneDrive/Documents/Github/FPGAAudio/software/usb_kb_bsp/\libhal_bsp.a(alt_irq_handler.o)
                0x00000000080052b8                alt_irq
                0x00000000080053b8                . = ALIGN (0x4)
                0x00000000080053b8                __bss_end = ABSOLUTE (.)

.onchip_memory2_0
                0x0000000000000000        0x0 load address 0x00000000080053b8
                [!provide]                        PROVIDE (_alt_partition_onchip_memory2_0_start, ABSOLUTE (.))
 *(.onchip_memory2_0 .onchip_memory2_0. onchip_memory2_0.*)
                0x0000000000000000                . = ALIGN (0x4)
                [!provide]                        PROVIDE (_alt_partition_onchip_memory2_0_end, ABSOLUTE (.))
                [!provide]                        PROVIDE (_alt_partition_onchip_memory2_0_load_addr, LOADADDR (.onchip_memory2_0))

.sdram          0x00000000080053b8        0x0
                [!provide]                        PROVIDE (_alt_partition_sdram_start, ABSOLUTE (.))
 *(.sdram .sdram. sdram.*)
                0x00000000080053b8                . = ALIGN (0x4)
                [!provide]                        PROVIDE (_alt_partition_sdram_end, ABSOLUTE (.))
                0x00000000080053b8                _end = ABSOLUTE (.)
                0x00000000080053b8                end = ABSOLUTE (.)
                0x00000000080053b8                __alt_stack_base = ABSOLUTE (.)
                [!provide]                        PROVIDE (_alt_partition_sdram_load_addr, LOADADDR (.sdram))

.stab
 *(.stab)

.stabstr
 *(.stabstr)

.stab.excl
 *(.stab.excl)

.stab.exclstr
 *(.stab.exclstr)

.stab.index
 *(.stab.index)

.stab.indexstr
 *(.stab.indexstr)

.comment        0x0000000000000000       0x23
 *(.comment)
 .comment       0x0000000000000000       0x23 C:/Users/ldu08/OneDrive/Documents/Github/FPGAAudio/software/usb_kb_bsp/\libhal_bsp.a(alt_load.o)
                                         0x24 (size before relaxing)
 .comment       0x0000000000000023       0x24 C:/Users/ldu08/OneDrive/Documents/Github/FPGAAudio/software/usb_kb_bsp/\libhal_bsp.a(alt_main.o)
 .comment       0x0000000000000023       0x24 C:/Users/ldu08/OneDrive/Documents/Github/FPGAAudio/software/usb_kb_bsp/\libhal_bsp.a(alt_sys_init.o)
 .comment       0x0000000000000023       0x24 C:/Users/ldu08/OneDrive/Documents/Github/FPGAAudio/software/usb_kb_bsp/\libhal_bsp.a(altera_avalon_jtag_uart_fd.o)
 .comment       0x0000000000000023       0x24 C:/Users/ldu08/OneDrive/Documents/Github/FPGAAudio/software/usb_kb_bsp/\libhal_bsp.a(altera_avalon_jtag_uart_init.o)
 .comment       0x0000000000000023       0x24 C:/Users/ldu08/OneDrive/Documents/Github/FPGAAudio/software/usb_kb_bsp/\libhal_bsp.a(altera_avalon_jtag_uart_ioctl.o)
 .comment       0x0000000000000023       0x24 C:/Users/ldu08/OneDrive/Documents/Github/FPGAAudio/software/usb_kb_bsp/\libhal_bsp.a(altera_avalon_jtag_uart_read.o)
 .comment       0x0000000000000023       0x24 C:/Users/ldu08/OneDrive/Documents/Github/FPGAAudio/software/usb_kb_bsp/\libhal_bsp.a(altera_avalon_jtag_uart_write.o)
 .comment       0x0000000000000023       0x24 C:/Users/ldu08/OneDrive/Documents/Github/FPGAAudio/software/usb_kb_bsp/\libhal_bsp.a(altera_avalon_timer_sc.o)
 .comment       0x0000000000000023       0x24 C:/Users/ldu08/OneDrive/Documents/Github/FPGAAudio/software/usb_kb_bsp/\libhal_bsp.a(alt_alarm_start.o)
 .comment       0x0000000000000023       0x24 C:/Users/ldu08/OneDrive/Documents/Github/FPGAAudio/software/usb_kb_bsp/\libhal_bsp.a(alt_close.o)
 .comment       0x0000000000000023       0x24 C:/Users/ldu08/OneDrive/Documents/Github/FPGAAudio/software/usb_kb_bsp/\libhal_bsp.a(alt_dcache_flush_all.o)
 .comment       0x0000000000000023       0x24 C:/Users/ldu08/OneDrive/Documents/Github/FPGAAudio/software/usb_kb_bsp/\libhal_bsp.a(alt_dev.o)
 .comment       0x0000000000000023       0x24 C:/Users/ldu08/OneDrive/Documents/Github/FPGAAudio/software/usb_kb_bsp/\libhal_bsp.a(alt_dev_llist_insert.o)
 .comment       0x0000000000000023       0x24 C:/Users/ldu08/OneDrive/Documents/Github/FPGAAudio/software/usb_kb_bsp/\libhal_bsp.a(alt_do_ctors.o)
 .comment       0x0000000000000023       0x24 C:/Users/ldu08/OneDrive/Documents/Github/FPGAAudio/software/usb_kb_bsp/\libhal_bsp.a(alt_do_dtors.o)
 .comment       0x0000000000000023       0x24 C:/Users/ldu08/OneDrive/Documents/Github/FPGAAudio/software/usb_kb_bsp/\libhal_bsp.a(alt_errno.o)
 .comment       0x0000000000000023       0x24 C:/Users/ldu08/OneDrive/Documents/Github/FPGAAudio/software/usb_kb_bsp/\libhal_bsp.a(alt_icache_flush_all.o)
 .comment       0x0000000000000023       0x24 C:/Users/ldu08/OneDrive/Documents/Github/FPGAAudio/software/usb_kb_bsp/\libhal_bsp.a(alt_iic.o)
 .comment       0x0000000000000023       0x24 C:/Users/ldu08/OneDrive/Documents/Github/FPGAAudio/software/usb_kb_bsp/\libhal_bsp.a(alt_iic_isr_register.o)
 .comment       0x0000000000000023       0x24 C:/Users/ldu08/OneDrive/Documents/Github/FPGAAudio/software/usb_kb_bsp/\libhal_bsp.a(alt_io_redirect.o)
 .comment       0x0000000000000023       0x24 C:/Users/ldu08/OneDrive/Documents/Github/FPGAAudio/software/usb_kb_bsp/\libhal_bsp.a(alt_irq_handler.o)
 .comment       0x0000000000000023       0x24 C:/Users/ldu08/OneDrive/Documents/Github/FPGAAudio/software/usb_kb_bsp/\libhal_bsp.a(alt_irq_vars.o)
 .comment       0x0000000000000023       0x24 C:/Users/ldu08/OneDrive/Documents/Github/FPGAAudio/software/usb_kb_bsp/\libhal_bsp.a(alt_open.o)
 .comment       0x0000000000000023       0x24 C:/Users/ldu08/OneDrive/Documents/Github/FPGAAudio/software/usb_kb_bsp/\libhal_bsp.a(alt_release_fd.o)
 .comment       0x0000000000000023       0x24 C:/Users/ldu08/OneDrive/Documents/Github/FPGAAudio/software/usb_kb_bsp/\libhal_bsp.a(alt_tick.o)
 .comment       0x0000000000000023       0x24 C:/Users/ldu08/OneDrive/Documents/Github/FPGAAudio/software/usb_kb_bsp/\libhal_bsp.a(altera_nios2_gen2_irq.o)
 .comment       0x0000000000000023       0x24 C:/Users/ldu08/OneDrive/Documents/Github/FPGAAudio/software/usb_kb_bsp/\libhal_bsp.a(alt_find_dev.o)
 .comment       0x0000000000000023       0x24 C:/Users/ldu08/OneDrive/Documents/Github/FPGAAudio/software/usb_kb_bsp/\libhal_bsp.a(alt_find_file.o)
 .comment       0x0000000000000023       0x24 C:/Users/ldu08/OneDrive/Documents/Github/FPGAAudio/software/usb_kb_bsp/\libhal_bsp.a(alt_get_fd.o)
 .comment       0x0000000000000023       0x24 C:/Users/ldu08/OneDrive/Documents/Github/FPGAAudio/software/usb_kb_bsp/\libhal_bsp.a(alt_instruction_exception_entry.o)
 .comment       0x0000000000000023       0x24 c:/intelfpga_lite/18.1/nios2eds/bin/gnu/h-x86_64-mingw32/bin/../lib/gcc/nios2-elf/5.3.0/../../../../../H-x86_64-mingw32/nios2-elf/lib/mno-hw-mul\libc.a(lib_a-atexit.o)
 .comment       0x0000000000000023       0x24 c:/intelfpga_lite/18.1/nios2eds/bin/gnu/h-x86_64-mingw32/bin/../lib/gcc/nios2-elf/5.3.0/../../../../../H-x86_64-mingw32/nios2-elf/lib/mno-hw-mul\libc.a(lib_a-exit.o)
 .comment       0x0000000000000023       0x24 c:/intelfpga_lite/18.1/nios2eds/bin/gnu/h-x86_64-mingw32/bin/../lib/gcc/nios2-elf/5.3.0/../../../../../H-x86_64-mingw32/nios2-elf/lib/mno-hw-mul\libc.a(lib_a-impure.o)
 .comment       0x0000000000000023       0x24 c:/intelfpga_lite/18.1/nios2eds/bin/gnu/h-x86_64-mingw32/bin/../lib/gcc/nios2-elf/5.3.0/../../../../../H-x86_64-mingw32/nios2-elf/lib/mno-hw-mul\libc.a(lib_a-int_errno.o)
 .comment       0x0000000000000023       0x24 c:/intelfpga_lite/18.1/nios2eds/bin/gnu/h-x86_64-mingw32/bin/../lib/gcc/nios2-elf/5.3.0/../../../../../H-x86_64-mingw32/nios2-elf/lib/mno-hw-mul\libc.a(lib_a-memcmp.o)
 .comment       0x0000000000000023       0x24 c:/intelfpga_lite/18.1/nios2eds/bin/gnu/h-x86_64-mingw32/bin/../lib/gcc/nios2-elf/5.3.0/../../../../../H-x86_64-mingw32/nios2-elf/lib/mno-hw-mul\libc.a(lib_a-memcpy.o)
 .comment       0x0000000000000023       0x24 c:/intelfpga_lite/18.1/nios2eds/bin/gnu/h-x86_64-mingw32/bin/../lib/gcc/nios2-elf/5.3.0/../../../../../H-x86_64-mingw32/nios2-elf/lib/mno-hw-mul\libc.a(lib_a-strlen.o)
 .comment       0x0000000000000023       0x24 c:/intelfpga_lite/18.1/nios2eds/bin/gnu/h-x86_64-mingw32/bin/../lib/gcc/nios2-elf/5.3.0/../../../../../H-x86_64-mingw32/nios2-elf/lib/mno-hw-mul\libc.a(lib_a-__atexit.o)
 .comment       0x0000000000000023       0x24 c:/intelfpga_lite/18.1/nios2eds/bin/gnu/h-x86_64-mingw32/bin/../lib/gcc/nios2-elf/5.3.0/../../../../../H-x86_64-mingw32/nios2-elf/lib/mno-hw-mul\libc.a(lib_a-__call_atexit.o)
 .comment       0x0000000000000023       0x24 c:/intelfpga_lite/18.1/nios2eds/bin/gnu/h-x86_64-mingw32/bin/../lib/gcc/nios2-elf/5.3.0/mno-hw-mul\libgcc.a(lib2-mul.o)
 .comment       0x0000000000000023       0x24 C:/Users/ldu08/OneDrive/Documents/Github/FPGAAudio/software/usb_kb_bsp/\libhal_bsp.a(alt_exit.o)

.debug
 *(.debug)

.line
 *(.line)

.debug_srcinfo
 *(.debug_srcinfo)

.debug_sfnames
 *(.debug_sfnames)

.debug_aranges  0x0000000000000000      0x5b8
 *(.debug_aranges)
 .debug_aranges
                0x0000000000000000       0x28 C:/Users/ldu08/OneDrive/Documents/Github/FPGAAudio/software/usb_kb_bsp//obj/HAL/src/crt0.o
 .debug_aranges
                0x0000000000000028       0x20 C:/Users/ldu08/OneDrive/Documents/Github/FPGAAudio/software/usb_kb_bsp/\libhal_bsp.a(alt_load.o)
 .debug_aranges
                0x0000000000000048       0x20 C:/Users/ldu08/OneDrive/Documents/Github/FPGAAudio/software/usb_kb_bsp/\libhal_bsp.a(alt_main.o)
 .debug_aranges
                0x0000000000000068       0x20 C:/Users/ldu08/OneDrive/Documents/Github/FPGAAudio/software/usb_kb_bsp/\libhal_bsp.a(alt_sys_init.o)
 .debug_aranges
                0x0000000000000088       0x20 C:/Users/ldu08/OneDrive/Documents/Github/FPGAAudio/software/usb_kb_bsp/\libhal_bsp.a(altera_avalon_jtag_uart_fd.o)
 .debug_aranges
                0x00000000000000a8       0x20 C:/Users/ldu08/OneDrive/Documents/Github/FPGAAudio/software/usb_kb_bsp/\libhal_bsp.a(altera_avalon_jtag_uart_init.o)
 .debug_aranges
                0x00000000000000c8       0x20 C:/Users/ldu08/OneDrive/Documents/Github/FPGAAudio/software/usb_kb_bsp/\libhal_bsp.a(altera_avalon_jtag_uart_ioctl.o)
 .debug_aranges
                0x00000000000000e8       0x20 C:/Users/ldu08/OneDrive/Documents/Github/FPGAAudio/software/usb_kb_bsp/\libhal_bsp.a(altera_avalon_jtag_uart_read.o)
 .debug_aranges
                0x0000000000000108       0x20 C:/Users/ldu08/OneDrive/Documents/Github/FPGAAudio/software/usb_kb_bsp/\libhal_bsp.a(altera_avalon_jtag_uart_write.o)
 .debug_aranges
                0x0000000000000128       0x20 C:/Users/ldu08/OneDrive/Documents/Github/FPGAAudio/software/usb_kb_bsp/\libhal_bsp.a(altera_avalon_timer_sc.o)
 .debug_aranges
                0x0000000000000148       0x20 C:/Users/ldu08/OneDrive/Documents/Github/FPGAAudio/software/usb_kb_bsp/\libhal_bsp.a(alt_alarm_start.o)
 .debug_aranges
                0x0000000000000168       0x20 C:/Users/ldu08/OneDrive/Documents/Github/FPGAAudio/software/usb_kb_bsp/\libhal_bsp.a(alt_close.o)
 .debug_aranges
                0x0000000000000188       0x20 C:/Users/ldu08/OneDrive/Documents/Github/FPGAAudio/software/usb_kb_bsp/\libhal_bsp.a(alt_dcache_flush_all.o)
 .debug_aranges
                0x00000000000001a8       0x20 C:/Users/ldu08/OneDrive/Documents/Github/FPGAAudio/software/usb_kb_bsp/\libhal_bsp.a(alt_dev.o)
 .debug_aranges
                0x00000000000001c8       0x20 C:/Users/ldu08/OneDrive/Documents/Github/FPGAAudio/software/usb_kb_bsp/\libhal_bsp.a(alt_dev_llist_insert.o)
 .debug_aranges
                0x00000000000001e8       0x20 C:/Users/ldu08/OneDrive/Documents/Github/FPGAAudio/software/usb_kb_bsp/\libhal_bsp.a(alt_do_ctors.o)
 .debug_aranges
                0x0000000000000208       0x20 C:/Users/ldu08/OneDrive/Documents/Github/FPGAAudio/software/usb_kb_bsp/\libhal_bsp.a(alt_do_dtors.o)
 .debug_aranges
                0x0000000000000228       0x18 C:/Users/ldu08/OneDrive/Documents/Github/FPGAAudio/software/usb_kb_bsp/\libhal_bsp.a(alt_errno.o)
 .debug_aranges
                0x0000000000000240       0x20 C:/Users/ldu08/OneDrive/Documents/Github/FPGAAudio/software/usb_kb_bsp/\libhal_bsp.a(alt_icache_flush_all.o)
 .debug_aranges
                0x0000000000000260       0x20 C:/Users/ldu08/OneDrive/Documents/Github/FPGAAudio/software/usb_kb_bsp/\libhal_bsp.a(alt_iic.o)
 .debug_aranges
                0x0000000000000280       0x20 C:/Users/ldu08/OneDrive/Documents/Github/FPGAAudio/software/usb_kb_bsp/\libhal_bsp.a(alt_iic_isr_register.o)
 .debug_aranges
                0x00000000000002a0       0x20 C:/Users/ldu08/OneDrive/Documents/Github/FPGAAudio/software/usb_kb_bsp/\libhal_bsp.a(alt_io_redirect.o)
 .debug_aranges
                0x00000000000002c0       0x30 C:/Users/ldu08/OneDrive/Documents/Github/FPGAAudio/software/usb_kb_bsp/\libhal_bsp.a(alt_irq_entry.o)
 .debug_aranges
                0x00000000000002f0       0x20 C:/Users/ldu08/OneDrive/Documents/Github/FPGAAudio/software/usb_kb_bsp/\libhal_bsp.a(alt_irq_handler.o)
 .debug_aranges
                0x0000000000000310       0x18 C:/Users/ldu08/OneDrive/Documents/Github/FPGAAudio/software/usb_kb_bsp/\libhal_bsp.a(alt_irq_vars.o)
 .debug_aranges
                0x0000000000000328       0x20 C:/Users/ldu08/OneDrive/Documents/Github/FPGAAudio/software/usb_kb_bsp/\libhal_bsp.a(alt_open.o)
 .debug_aranges
                0x0000000000000348       0x20 C:/Users/ldu08/OneDrive/Documents/Github/FPGAAudio/software/usb_kb_bsp/\libhal_bsp.a(alt_release_fd.o)
 .debug_aranges
                0x0000000000000368       0x20 C:/Users/ldu08/OneDrive/Documents/Github/FPGAAudio/software/usb_kb_bsp/\libhal_bsp.a(alt_tick.o)
 .debug_aranges
                0x0000000000000388       0x20 C:/Users/ldu08/OneDrive/Documents/Github/FPGAAudio/software/usb_kb_bsp/\libhal_bsp.a(altera_nios2_gen2_irq.o)
 .debug_aranges
                0x00000000000003a8       0x38 C:/Users/ldu08/OneDrive/Documents/Github/FPGAAudio/software/usb_kb_bsp/\libhal_bsp.a(alt_exception_entry.o)
 .debug_aranges
                0x00000000000003e0       0x20 C:/Users/ldu08/OneDrive/Documents/Github/FPGAAudio/software/usb_kb_bsp/\libhal_bsp.a(alt_find_dev.o)
 .debug_aranges
                0x0000000000000400       0x20 C:/Users/ldu08/OneDrive/Documents/Github/FPGAAudio/software/usb_kb_bsp/\libhal_bsp.a(alt_find_file.o)
 .debug_aranges
                0x0000000000000420       0x20 C:/Users/ldu08/OneDrive/Documents/Github/FPGAAudio/software/usb_kb_bsp/\libhal_bsp.a(alt_get_fd.o)
 .debug_aranges
                0x0000000000000440       0x28 C:/Users/ldu08/OneDrive/Documents/Github/FPGAAudio/software/usb_kb_bsp/\libhal_bsp.a(alt_instruction_exception_entry.o)
 .debug_aranges
                0x0000000000000468       0x20 c:/intelfpga_lite/18.1/nios2eds/bin/gnu/h-x86_64-mingw32/bin/../lib/gcc/nios2-elf/5.3.0/../../../../../H-x86_64-mingw32/nios2-elf/lib/mno-hw-mul\libc.a(lib_a-atexit.o)
 .debug_aranges
                0x0000000000000488       0x20 c:/intelfpga_lite/18.1/nios2eds/bin/gnu/h-x86_64-mingw32/bin/../lib/gcc/nios2-elf/5.3.0/../../../../../H-x86_64-mingw32/nios2-elf/lib/mno-hw-mul\libc.a(lib_a-exit.o)
 .debug_aranges
                0x00000000000004a8       0x18 c:/intelfpga_lite/18.1/nios2eds/bin/gnu/h-x86_64-mingw32/bin/../lib/gcc/nios2-elf/5.3.0/../../../../../H-x86_64-mingw32/nios2-elf/lib/mno-hw-mul\libc.a(lib_a-impure.o)
 .debug_aranges
                0x00000000000004c0       0x18 c:/intelfpga_lite/18.1/nios2eds/bin/gnu/h-x86_64-mingw32/bin/../lib/gcc/nios2-elf/5.3.0/../../../../../H-x86_64-mingw32/nios2-elf/lib/mno-hw-mul\libc.a(lib_a-int_errno.o)
 .debug_aranges
                0x00000000000004d8       0x20 c:/intelfpga_lite/18.1/nios2eds/bin/gnu/h-x86_64-mingw32/bin/../lib/gcc/nios2-elf/5.3.0/../../../../../H-x86_64-mingw32/nios2-elf/lib/mno-hw-mul\libc.a(lib_a-memcmp.o)
 .debug_aranges
                0x00000000000004f8       0x20 c:/intelfpga_lite/18.1/nios2eds/bin/gnu/h-x86_64-mingw32/bin/../lib/gcc/nios2-elf/5.3.0/../../../../../H-x86_64-mingw32/nios2-elf/lib/mno-hw-mul\libc.a(lib_a-memcpy.o)
 .debug_aranges
                0x0000000000000518       0x20 c:/intelfpga_lite/18.1/nios2eds/bin/gnu/h-x86_64-mingw32/bin/../lib/gcc/nios2-elf/5.3.0/../../../../../H-x86_64-mingw32/nios2-elf/lib/mno-hw-mul\libc.a(lib_a-strlen.o)
 .debug_aranges
                0x0000000000000538       0x20 c:/intelfpga_lite/18.1/nios2eds/bin/gnu/h-x86_64-mingw32/bin/../lib/gcc/nios2-elf/5.3.0/../../../../../H-x86_64-mingw32/nios2-elf/lib/mno-hw-mul\libc.a(lib_a-__atexit.o)
 .debug_aranges
                0x0000000000000558       0x20 c:/intelfpga_lite/18.1/nios2eds/bin/gnu/h-x86_64-mingw32/bin/../lib/gcc/nios2-elf/5.3.0/../../../../../H-x86_64-mingw32/nios2-elf/lib/mno-hw-mul\libc.a(lib_a-__call_atexit.o)
 .debug_aranges
                0x0000000000000578       0x20 c:/intelfpga_lite/18.1/nios2eds/bin/gnu/h-x86_64-mingw32/bin/../lib/gcc/nios2-elf/5.3.0/mno-hw-mul\libgcc.a(lib2-mul.o)
 .debug_aranges
                0x0000000000000598       0x20 C:/Users/ldu08/OneDrive/Documents/Github/FPGAAudio/software/usb_kb_bsp/\libhal_bsp.a(alt_exit.o)

.debug_pubnames
 *(.debug_pubnames)

.debug_info     0x0000000000000000     0x76a8
 *(.debug_info .gnu.linkonce.wi.*)
 .debug_info    0x0000000000000000       0x7b C:/Users/ldu08/OneDrive/Documents/Github/FPGAAudio/software/usb_kb_bsp//obj/HAL/src/crt0.o
 .debug_info    0x000000000000007b      0x145 C:/Users/ldu08/OneDrive/Documents/Github/FPGAAudio/software/usb_kb_bsp/\libhal_bsp.a(alt_load.o)
 .debug_info    0x00000000000001c0      0x131 C:/Users/ldu08/OneDrive/Documents/Github/FPGAAudio/software/usb_kb_bsp/\libhal_bsp.a(alt_main.o)
 .debug_info    0x00000000000002f1      0x4d9 C:/Users/ldu08/OneDrive/Documents/Github/FPGAAudio/software/usb_kb_bsp/\libhal_bsp.a(alt_sys_init.o)
 .debug_info    0x00000000000007ca      0x52e C:/Users/ldu08/OneDrive/Documents/Github/FPGAAudio/software/usb_kb_bsp/\libhal_bsp.a(altera_avalon_jtag_uart_fd.o)
 .debug_info    0x0000000000000cf8      0x3a0 C:/Users/ldu08/OneDrive/Documents/Github/FPGAAudio/software/usb_kb_bsp/\libhal_bsp.a(altera_avalon_jtag_uart_init.o)
 .debug_info    0x0000000000001098      0x280 C:/Users/ldu08/OneDrive/Documents/Github/FPGAAudio/software/usb_kb_bsp/\libhal_bsp.a(altera_avalon_jtag_uart_ioctl.o)
 .debug_info    0x0000000000001318      0x345 C:/Users/ldu08/OneDrive/Documents/Github/FPGAAudio/software/usb_kb_bsp/\libhal_bsp.a(altera_avalon_jtag_uart_read.o)
 .debug_info    0x000000000000165d      0x340 C:/Users/ldu08/OneDrive/Documents/Github/FPGAAudio/software/usb_kb_bsp/\libhal_bsp.a(altera_avalon_jtag_uart_write.o)
 .debug_info    0x000000000000199d      0x226 C:/Users/ldu08/OneDrive/Documents/Github/FPGAAudio/software/usb_kb_bsp/\libhal_bsp.a(altera_avalon_timer_sc.o)
 .debug_info    0x0000000000001bc3      0x2cc C:/Users/ldu08/OneDrive/Documents/Github/FPGAAudio/software/usb_kb_bsp/\libhal_bsp.a(alt_alarm_start.o)
 .debug_info    0x0000000000001e8f      0x321 C:/Users/ldu08/OneDrive/Documents/Github/FPGAAudio/software/usb_kb_bsp/\libhal_bsp.a(alt_close.o)
 .debug_info    0x00000000000021b0       0x92 C:/Users/ldu08/OneDrive/Documents/Github/FPGAAudio/software/usb_kb_bsp/\libhal_bsp.a(alt_dcache_flush_all.o)
 .debug_info    0x0000000000002242      0x49c C:/Users/ldu08/OneDrive/Documents/Github/FPGAAudio/software/usb_kb_bsp/\libhal_bsp.a(alt_dev.o)
 .debug_info    0x00000000000026de      0x1a9 C:/Users/ldu08/OneDrive/Documents/Github/FPGAAudio/software/usb_kb_bsp/\libhal_bsp.a(alt_dev_llist_insert.o)
 .debug_info    0x0000000000002887       0x83 C:/Users/ldu08/OneDrive/Documents/Github/FPGAAudio/software/usb_kb_bsp/\libhal_bsp.a(alt_do_ctors.o)
 .debug_info    0x000000000000290a       0x83 C:/Users/ldu08/OneDrive/Documents/Github/FPGAAudio/software/usb_kb_bsp/\libhal_bsp.a(alt_do_dtors.o)
 .debug_info    0x000000000000298d       0xa6 C:/Users/ldu08/OneDrive/Documents/Github/FPGAAudio/software/usb_kb_bsp/\libhal_bsp.a(alt_errno.o)
 .debug_info    0x0000000000002a33       0x92 C:/Users/ldu08/OneDrive/Documents/Github/FPGAAudio/software/usb_kb_bsp/\libhal_bsp.a(alt_icache_flush_all.o)
 .debug_info    0x0000000000002ac5      0x350 C:/Users/ldu08/OneDrive/Documents/Github/FPGAAudio/software/usb_kb_bsp/\libhal_bsp.a(alt_iic.o)
 .debug_info    0x0000000000002e15      0x1ef C:/Users/ldu08/OneDrive/Documents/Github/FPGAAudio/software/usb_kb_bsp/\libhal_bsp.a(alt_iic_isr_register.o)
 .debug_info    0x0000000000003004      0x4a5 C:/Users/ldu08/OneDrive/Documents/Github/FPGAAudio/software/usb_kb_bsp/\libhal_bsp.a(alt_io_redirect.o)
 .debug_info    0x00000000000034a9       0x84 C:/Users/ldu08/OneDrive/Documents/Github/FPGAAudio/software/usb_kb_bsp/\libhal_bsp.a(alt_irq_entry.o)
 .debug_info    0x000000000000352d      0x187 C:/Users/ldu08/OneDrive/Documents/Github/FPGAAudio/software/usb_kb_bsp/\libhal_bsp.a(alt_irq_handler.o)
 .debug_info    0x00000000000036b4       0x88 C:/Users/ldu08/OneDrive/Documents/Github/FPGAAudio/software/usb_kb_bsp/\libhal_bsp.a(alt_irq_vars.o)
 .debug_info    0x000000000000373c      0x3bb C:/Users/ldu08/OneDrive/Documents/Github/FPGAAudio/software/usb_kb_bsp/\libhal_bsp.a(alt_open.o)
 .debug_info    0x0000000000003af7      0x2b0 C:/Users/ldu08/OneDrive/Documents/Github/FPGAAudio/software/usb_kb_bsp/\libhal_bsp.a(alt_release_fd.o)
 .debug_info    0x0000000000003da7      0x299 C:/Users/ldu08/OneDrive/Documents/Github/FPGAAudio/software/usb_kb_bsp/\libhal_bsp.a(alt_tick.o)
 .debug_info    0x0000000000004040       0x92 C:/Users/ldu08/OneDrive/Documents/Github/FPGAAudio/software/usb_kb_bsp/\libhal_bsp.a(altera_nios2_gen2_irq.o)
 .debug_info    0x00000000000040d2       0x8a C:/Users/ldu08/OneDrive/Documents/Github/FPGAAudio/software/usb_kb_bsp/\libhal_bsp.a(alt_exception_entry.o)
 .debug_info    0x000000000000415c      0x2e9 C:/Users/ldu08/OneDrive/Documents/Github/FPGAAudio/software/usb_kb_bsp/\libhal_bsp.a(alt_find_dev.o)
 .debug_info    0x0000000000004445      0x2e6 C:/Users/ldu08/OneDrive/Documents/Github/FPGAAudio/software/usb_kb_bsp/\libhal_bsp.a(alt_find_file.o)
 .debug_info    0x000000000000472b      0x310 C:/Users/ldu08/OneDrive/Documents/Github/FPGAAudio/software/usb_kb_bsp/\libhal_bsp.a(alt_get_fd.o)
 .debug_info    0x0000000000004a3b      0x1e7 C:/Users/ldu08/OneDrive/Documents/Github/FPGAAudio/software/usb_kb_bsp/\libhal_bsp.a(alt_instruction_exception_entry.o)
 .debug_info    0x0000000000004c22       0xfe c:/intelfpga_lite/18.1/nios2eds/bin/gnu/h-x86_64-mingw32/bin/../lib/gcc/nios2-elf/5.3.0/../../../../../H-x86_64-mingw32/nios2-elf/lib/mno-hw-mul\libc.a(lib_a-atexit.o)
 .debug_info    0x0000000000004d20      0x8e4 c:/intelfpga_lite/18.1/nios2eds/bin/gnu/h-x86_64-mingw32/bin/../lib/gcc/nios2-elf/5.3.0/../../../../../H-x86_64-mingw32/nios2-elf/lib/mno-hw-mul\libc.a(lib_a-exit.o)
 .debug_info    0x0000000000005604      0x8a1 c:/intelfpga_lite/18.1/nios2eds/bin/gnu/h-x86_64-mingw32/bin/../lib/gcc/nios2-elf/5.3.0/../../../../../H-x86_64-mingw32/nios2-elf/lib/mno-hw-mul\libc.a(lib_a-impure.o)
 .debug_info    0x0000000000005ea5       0x8a c:/intelfpga_lite/18.1/nios2eds/bin/gnu/h-x86_64-mingw32/bin/../lib/gcc/nios2-elf/5.3.0/../../../../../H-x86_64-mingw32/nios2-elf/lib/mno-hw-mul\libc.a(lib_a-int_errno.o)
 .debug_info    0x0000000000005f2f      0x11a c:/intelfpga_lite/18.1/nios2eds/bin/gnu/h-x86_64-mingw32/bin/../lib/gcc/nios2-elf/5.3.0/../../../../../H-x86_64-mingw32/nios2-elf/lib/mno-hw-mul\libc.a(lib_a-memcmp.o)
 .debug_info    0x0000000000006049      0x144 c:/intelfpga_lite/18.1/nios2eds/bin/gnu/h-x86_64-mingw32/bin/../lib/gcc/nios2-elf/5.3.0/../../../../../H-x86_64-mingw32/nios2-elf/lib/mno-hw-mul\libc.a(lib_a-memcpy.o)
 .debug_info    0x000000000000618d       0xe2 c:/intelfpga_lite/18.1/nios2eds/bin/gnu/h-x86_64-mingw32/bin/../lib/gcc/nios2-elf/5.3.0/../../../../../H-x86_64-mingw32/nios2-elf/lib/mno-hw-mul\libc.a(lib_a-strlen.o)
 .debug_info    0x000000000000626f      0x934 c:/intelfpga_lite/18.1/nios2eds/bin/gnu/h-x86_64-mingw32/bin/../lib/gcc/nios2-elf/5.3.0/../../../../../H-x86_64-mingw32/nios2-elf/lib/mno-hw-mul\libc.a(lib_a-__atexit.o)
 .debug_info    0x0000000000006ba3      0x965 c:/intelfpga_lite/18.1/nios2eds/bin/gnu/h-x86_64-mingw32/bin/../lib/gcc/nios2-elf/5.3.0/../../../../../H-x86_64-mingw32/nios2-elf/lib/mno-hw-mul\libc.a(lib_a-__call_atexit.o)
 .debug_info    0x0000000000007508       0xb4 c:/intelfpga_lite/18.1/nios2eds/bin/gnu/h-x86_64-mingw32/bin/../lib/gcc/nios2-elf/5.3.0/mno-hw-mul\libgcc.a(lib2-mul.o)
 .debug_info    0x00000000000075bc       0xec C:/Users/ldu08/OneDrive/Documents/Github/FPGAAudio/software/usb_kb_bsp/\libhal_bsp.a(alt_exit.o)

.debug_abbrev   0x0000000000000000     0x2a09
 *(.debug_abbrev)
 .debug_abbrev  0x0000000000000000       0x12 C:/Users/ldu08/OneDrive/Documents/Github/FPGAAudio/software/usb_kb_bsp//obj/HAL/src/crt0.o
 .debug_abbrev  0x0000000000000012       0x9f C:/Users/ldu08/OneDrive/Documents/Github/FPGAAudio/software/usb_kb_bsp/\libhal_bsp.a(alt_load.o)
 .debug_abbrev  0x00000000000000b1       0xba C:/Users/ldu08/OneDrive/Documents/Github/FPGAAudio/software/usb_kb_bsp/\libhal_bsp.a(alt_main.o)
 .debug_abbrev  0x000000000000016b      0x187 C:/Users/ldu08/OneDrive/Documents/Github/FPGAAudio/software/usb_kb_bsp/\libhal_bsp.a(alt_sys_init.o)
 .debug_abbrev  0x00000000000002f2      0x127 C:/Users/ldu08/OneDrive/Documents/Github/FPGAAudio/software/usb_kb_bsp/\libhal_bsp.a(altera_avalon_jtag_uart_fd.o)
 .debug_abbrev  0x0000000000000419      0x19e C:/Users/ldu08/OneDrive/Documents/Github/FPGAAudio/software/usb_kb_bsp/\libhal_bsp.a(altera_avalon_jtag_uart_init.o)
 .debug_abbrev  0x00000000000005b7      0x111 C:/Users/ldu08/OneDrive/Documents/Github/FPGAAudio/software/usb_kb_bsp/\libhal_bsp.a(altera_avalon_jtag_uart_ioctl.o)
 .debug_abbrev  0x00000000000006c8      0x1aa C:/Users/ldu08/OneDrive/Documents/Github/FPGAAudio/software/usb_kb_bsp/\libhal_bsp.a(altera_avalon_jtag_uart_read.o)
 .debug_abbrev  0x0000000000000872      0x1a8 C:/Users/ldu08/OneDrive/Documents/Github/FPGAAudio/software/usb_kb_bsp/\libhal_bsp.a(altera_avalon_jtag_uart_write.o)
 .debug_abbrev  0x0000000000000a1a      0x155 C:/Users/ldu08/OneDrive/Documents/Github/FPGAAudio/software/usb_kb_bsp/\libhal_bsp.a(altera_avalon_timer_sc.o)
 .debug_abbrev  0x0000000000000b6f      0x162 C:/Users/ldu08/OneDrive/Documents/Github/FPGAAudio/software/usb_kb_bsp/\libhal_bsp.a(alt_alarm_start.o)
 .debug_abbrev  0x0000000000000cd1      0x11f C:/Users/ldu08/OneDrive/Documents/Github/FPGAAudio/software/usb_kb_bsp/\libhal_bsp.a(alt_close.o)
 .debug_abbrev  0x0000000000000df0       0x42 C:/Users/ldu08/OneDrive/Documents/Github/FPGAAudio/software/usb_kb_bsp/\libhal_bsp.a(alt_dcache_flush_all.o)
 .debug_abbrev  0x0000000000000e32       0xd9 C:/Users/ldu08/OneDrive/Documents/Github/FPGAAudio/software/usb_kb_bsp/\libhal_bsp.a(alt_dev.o)
 .debug_abbrev  0x0000000000000f0b      0x114 C:/Users/ldu08/OneDrive/Documents/Github/FPGAAudio/software/usb_kb_bsp/\libhal_bsp.a(alt_dev_llist_insert.o)
 .debug_abbrev  0x000000000000101f       0x79 C:/Users/ldu08/OneDrive/Documents/Github/FPGAAudio/software/usb_kb_bsp/\libhal_bsp.a(alt_do_ctors.o)
 .debug_abbrev  0x0000000000001098       0x79 C:/Users/ldu08/OneDrive/Documents/Github/FPGAAudio/software/usb_kb_bsp/\libhal_bsp.a(alt_do_dtors.o)
 .debug_abbrev  0x0000000000001111       0x5a C:/Users/ldu08/OneDrive/Documents/Github/FPGAAudio/software/usb_kb_bsp/\libhal_bsp.a(alt_errno.o)
 .debug_abbrev  0x000000000000116b       0x42 C:/Users/ldu08/OneDrive/Documents/Github/FPGAAudio/software/usb_kb_bsp/\libhal_bsp.a(alt_icache_flush_all.o)
 .debug_abbrev  0x00000000000011ad      0x163 C:/Users/ldu08/OneDrive/Documents/Github/FPGAAudio/software/usb_kb_bsp/\libhal_bsp.a(alt_iic.o)
 .debug_abbrev  0x0000000000001310      0x169 C:/Users/ldu08/OneDrive/Documents/Github/FPGAAudio/software/usb_kb_bsp/\libhal_bsp.a(alt_iic_isr_register.o)
 .debug_abbrev  0x0000000000001479      0x114 C:/Users/ldu08/OneDrive/Documents/Github/FPGAAudio/software/usb_kb_bsp/\libhal_bsp.a(alt_io_redirect.o)
 .debug_abbrev  0x000000000000158d       0x12 C:/Users/ldu08/OneDrive/Documents/Github/FPGAAudio/software/usb_kb_bsp/\libhal_bsp.a(alt_irq_entry.o)
 .debug_abbrev  0x000000000000159f      0x122 C:/Users/ldu08/OneDrive/Documents/Github/FPGAAudio/software/usb_kb_bsp/\libhal_bsp.a(alt_irq_handler.o)
 .debug_abbrev  0x00000000000016c1       0x40 C:/Users/ldu08/OneDrive/Documents/Github/FPGAAudio/software/usb_kb_bsp/\libhal_bsp.a(alt_irq_vars.o)
 .debug_abbrev  0x0000000000001701      0x148 C:/Users/ldu08/OneDrive/Documents/Github/FPGAAudio/software/usb_kb_bsp/\libhal_bsp.a(alt_open.o)
 .debug_abbrev  0x0000000000001849       0xde C:/Users/ldu08/OneDrive/Documents/Github/FPGAAudio/software/usb_kb_bsp/\libhal_bsp.a(alt_release_fd.o)
 .debug_abbrev  0x0000000000001927      0x15a C:/Users/ldu08/OneDrive/Documents/Github/FPGAAudio/software/usb_kb_bsp/\libhal_bsp.a(alt_tick.o)
 .debug_abbrev  0x0000000000001a81       0x42 C:/Users/ldu08/OneDrive/Documents/Github/FPGAAudio/software/usb_kb_bsp/\libhal_bsp.a(altera_nios2_gen2_irq.o)
 .debug_abbrev  0x0000000000001ac3       0x12 C:/Users/ldu08/OneDrive/Documents/Github/FPGAAudio/software/usb_kb_bsp/\libhal_bsp.a(alt_exception_entry.o)
 .debug_abbrev  0x0000000000001ad5       0xf0 C:/Users/ldu08/OneDrive/Documents/Github/FPGAAudio/software/usb_kb_bsp/\libhal_bsp.a(alt_find_dev.o)
 .debug_abbrev  0x0000000000001bc5       0xf0 C:/Users/ldu08/OneDrive/Documents/Github/FPGAAudio/software/usb_kb_bsp/\libhal_bsp.a(alt_find_file.o)
 .debug_abbrev  0x0000000000001cb5      0x10d C:/Users/ldu08/OneDrive/Documents/Github/FPGAAudio/software/usb_kb_bsp/\libhal_bsp.a(alt_get_fd.o)
 .debug_abbrev  0x0000000000001dc2       0xdc C:/Users/ldu08/OneDrive/Documents/Github/FPGAAudio/software/usb_kb_bsp/\libhal_bsp.a(alt_instruction_exception_entry.o)
 .debug_abbrev  0x0000000000001e9e       0xaa c:/intelfpga_lite/18.1/nios2eds/bin/gnu/h-x86_64-mingw32/bin/../lib/gcc/nios2-elf/5.3.0/../../../../../H-x86_64-mingw32/nios2-elf/lib/mno-hw-mul\libc.a(lib_a-atexit.o)
 .debug_abbrev  0x0000000000001f48      0x1e5 c:/intelfpga_lite/18.1/nios2eds/bin/gnu/h-x86_64-mingw32/bin/../lib/gcc/nios2-elf/5.3.0/../../../../../H-x86_64-mingw32/nios2-elf/lib/mno-hw-mul\libc.a(lib_a-exit.o)
 .debug_abbrev  0x000000000000212d      0x18f c:/intelfpga_lite/18.1/nios2eds/bin/gnu/h-x86_64-mingw32/bin/../lib/gcc/nios2-elf/5.3.0/../../../../../H-x86_64-mingw32/nios2-elf/lib/mno-hw-mul\libc.a(lib_a-impure.o)
 .debug_abbrev  0x00000000000022bc       0x37 c:/intelfpga_lite/18.1/nios2eds/bin/gnu/h-x86_64-mingw32/bin/../lib/gcc/nios2-elf/5.3.0/../../../../../H-x86_64-mingw32/nios2-elf/lib/mno-hw-mul\libc.a(lib_a-int_errno.o)
 .debug_abbrev  0x00000000000022f3       0x7f c:/intelfpga_lite/18.1/nios2eds/bin/gnu/h-x86_64-mingw32/bin/../lib/gcc/nios2-elf/5.3.0/../../../../../H-x86_64-mingw32/nios2-elf/lib/mno-hw-mul\libc.a(lib_a-memcmp.o)
 .debug_abbrev  0x0000000000002372       0xa3 c:/intelfpga_lite/18.1/nios2eds/bin/gnu/h-x86_64-mingw32/bin/../lib/gcc/nios2-elf/5.3.0/../../../../../H-x86_64-mingw32/nios2-elf/lib/mno-hw-mul\libc.a(lib_a-memcpy.o)
 .debug_abbrev  0x0000000000002415       0x90 c:/intelfpga_lite/18.1/nios2eds/bin/gnu/h-x86_64-mingw32/bin/../lib/gcc/nios2-elf/5.3.0/../../../../../H-x86_64-mingw32/nios2-elf/lib/mno-hw-mul\libc.a(lib_a-strlen.o)
 .debug_abbrev  0x00000000000024a5      0x21e c:/intelfpga_lite/18.1/nios2eds/bin/gnu/h-x86_64-mingw32/bin/../lib/gcc/nios2-elf/5.3.0/../../../../../H-x86_64-mingw32/nios2-elf/lib/mno-hw-mul\libc.a(lib_a-__atexit.o)
 .debug_abbrev  0x00000000000026c3      0x22e c:/intelfpga_lite/18.1/nios2eds/bin/gnu/h-x86_64-mingw32/bin/../lib/gcc/nios2-elf/5.3.0/../../../../../H-x86_64-mingw32/nios2-elf/lib/mno-hw-mul\libc.a(lib_a-__call_atexit.o)
 .debug_abbrev  0x00000000000028f1       0x6f c:/intelfpga_lite/18.1/nios2eds/bin/gnu/h-x86_64-mingw32/bin/../lib/gcc/nios2-elf/5.3.0/mno-hw-mul\libgcc.a(lib2-mul.o)
 .debug_abbrev  0x0000000000002960       0xa9 C:/Users/ldu08/OneDrive/Documents/Github/FPGAAudio/software/usb_kb_bsp/\libhal_bsp.a(alt_exit.o)

.debug_line     0x0000000000000000     0x2a2d
 *(.debug_line)
 .debug_line    0x0000000000000000       0x66 C:/Users/ldu08/OneDrive/Documents/Github/FPGAAudio/software/usb_kb_bsp//obj/HAL/src/crt0.o
 .debug_line    0x0000000000000066       0x8e C:/Users/ldu08/OneDrive/Documents/Github/FPGAAudio/software/usb_kb_bsp/\libhal_bsp.a(alt_load.o)
 .debug_line    0x00000000000000f4       0xa4 C:/Users/ldu08/OneDrive/Documents/Github/FPGAAudio/software/usb_kb_bsp/\libhal_bsp.a(alt_main.o)
 .debug_line    0x0000000000000198      0x153 C:/Users/ldu08/OneDrive/Documents/Github/FPGAAudio/software/usb_kb_bsp/\libhal_bsp.a(alt_sys_init.o)
 .debug_line    0x00000000000002eb      0x12f C:/Users/ldu08/OneDrive/Documents/Github/FPGAAudio/software/usb_kb_bsp/\libhal_bsp.a(altera_avalon_jtag_uart_fd.o)
 .debug_line    0x000000000000041a      0x18b C:/Users/ldu08/OneDrive/Documents/Github/FPGAAudio/software/usb_kb_bsp/\libhal_bsp.a(altera_avalon_jtag_uart_init.o)
 .debug_line    0x00000000000005a5      0x131 C:/Users/ldu08/OneDrive/Documents/Github/FPGAAudio/software/usb_kb_bsp/\libhal_bsp.a(altera_avalon_jtag_uart_ioctl.o)
 .debug_line    0x00000000000006d6      0x171 C:/Users/ldu08/OneDrive/Documents/Github/FPGAAudio/software/usb_kb_bsp/\libhal_bsp.a(altera_avalon_jtag_uart_read.o)
 .debug_line    0x0000000000000847      0x170 C:/Users/ldu08/OneDrive/Documents/Github/FPGAAudio/software/usb_kb_bsp/\libhal_bsp.a(altera_avalon_jtag_uart_write.o)
 .debug_line    0x00000000000009b7       0xfd C:/Users/ldu08/OneDrive/Documents/Github/FPGAAudio/software/usb_kb_bsp/\libhal_bsp.a(altera_avalon_timer_sc.o)
 .debug_line    0x0000000000000ab4       0xf9 C:/Users/ldu08/OneDrive/Documents/Github/FPGAAudio/software/usb_kb_bsp/\libhal_bsp.a(alt_alarm_start.o)
 .debug_line    0x0000000000000bad      0x165 C:/Users/ldu08/OneDrive/Documents/Github/FPGAAudio/software/usb_kb_bsp/\libhal_bsp.a(alt_close.o)
 .debug_line    0x0000000000000d12       0x51 C:/Users/ldu08/OneDrive/Documents/Github/FPGAAudio/software/usb_kb_bsp/\libhal_bsp.a(alt_dcache_flush_all.o)
 .debug_line    0x0000000000000d63       0xf8 C:/Users/ldu08/OneDrive/Documents/Github/FPGAAudio/software/usb_kb_bsp/\libhal_bsp.a(alt_dev.o)
 .debug_line    0x0000000000000e5b       0xcf C:/Users/ldu08/OneDrive/Documents/Github/FPGAAudio/software/usb_kb_bsp/\libhal_bsp.a(alt_dev_llist_insert.o)
 .debug_line    0x0000000000000f2a       0x59 C:/Users/ldu08/OneDrive/Documents/Github/FPGAAudio/software/usb_kb_bsp/\libhal_bsp.a(alt_do_ctors.o)
 .debug_line    0x0000000000000f83       0x59 C:/Users/ldu08/OneDrive/Documents/Github/FPGAAudio/software/usb_kb_bsp/\libhal_bsp.a(alt_do_dtors.o)
 .debug_line    0x0000000000000fdc       0x51 C:/Users/ldu08/OneDrive/Documents/Github/FPGAAudio/software/usb_kb_bsp/\libhal_bsp.a(alt_errno.o)
 .debug_line    0x000000000000102d       0x4f C:/Users/ldu08/OneDrive/Documents/Github/FPGAAudio/software/usb_kb_bsp/\libhal_bsp.a(alt_icache_flush_all.o)
 .debug_line    0x000000000000107c       0xeb C:/Users/ldu08/OneDrive/Documents/Github/FPGAAudio/software/usb_kb_bsp/\libhal_bsp.a(alt_iic.o)
 .debug_line    0x0000000000001167       0xdb C:/Users/ldu08/OneDrive/Documents/Github/FPGAAudio/software/usb_kb_bsp/\libhal_bsp.a(alt_iic_isr_register.o)
 .debug_line    0x0000000000001242      0x135 C:/Users/ldu08/OneDrive/Documents/Github/FPGAAudio/software/usb_kb_bsp/\libhal_bsp.a(alt_io_redirect.o)
 .debug_line    0x0000000000001377       0x6b C:/Users/ldu08/OneDrive/Documents/Github/FPGAAudio/software/usb_kb_bsp/\libhal_bsp.a(alt_irq_entry.o)
 .debug_line    0x00000000000013e2       0xaa C:/Users/ldu08/OneDrive/Documents/Github/FPGAAudio/software/usb_kb_bsp/\libhal_bsp.a(alt_irq_handler.o)
 .debug_line    0x000000000000148c       0x50 C:/Users/ldu08/OneDrive/Documents/Github/FPGAAudio/software/usb_kb_bsp/\libhal_bsp.a(alt_irq_vars.o)
 .debug_line    0x00000000000014dc      0x12b C:/Users/ldu08/OneDrive/Documents/Github/FPGAAudio/software/usb_kb_bsp/\libhal_bsp.a(alt_open.o)
 .debug_line    0x0000000000001607       0xb0 C:/Users/ldu08/OneDrive/Documents/Github/FPGAAudio/software/usb_kb_bsp/\libhal_bsp.a(alt_release_fd.o)
 .debug_line    0x00000000000016b7       0xff C:/Users/ldu08/OneDrive/Documents/Github/FPGAAudio/software/usb_kb_bsp/\libhal_bsp.a(alt_tick.o)
 .debug_line    0x00000000000017b6       0x51 C:/Users/ldu08/OneDrive/Documents/Github/FPGAAudio/software/usb_kb_bsp/\libhal_bsp.a(altera_nios2_gen2_irq.o)
 .debug_line    0x0000000000001807       0xb3 C:/Users/ldu08/OneDrive/Documents/Github/FPGAAudio/software/usb_kb_bsp/\libhal_bsp.a(alt_exception_entry.o)
 .debug_line    0x00000000000018ba       0xb5 C:/Users/ldu08/OneDrive/Documents/Github/FPGAAudio/software/usb_kb_bsp/\libhal_bsp.a(alt_find_dev.o)
 .debug_line    0x000000000000196f       0xd1 C:/Users/ldu08/OneDrive/Documents/Github/FPGAAudio/software/usb_kb_bsp/\libhal_bsp.a(alt_find_file.o)
 .debug_line    0x0000000000001a40       0xd7 C:/Users/ldu08/OneDrive/Documents/Github/FPGAAudio/software/usb_kb_bsp/\libhal_bsp.a(alt_get_fd.o)
 .debug_line    0x0000000000001b17       0xb9 C:/Users/ldu08/OneDrive/Documents/Github/FPGAAudio/software/usb_kb_bsp/\libhal_bsp.a(alt_instruction_exception_entry.o)
 .debug_line    0x0000000000001bd0       0xe7 c:/intelfpga_lite/18.1/nios2eds/bin/gnu/h-x86_64-mingw32/bin/../lib/gcc/nios2-elf/5.3.0/../../../../../H-x86_64-mingw32/nios2-elf/lib/mno-hw-mul\libc.a(lib_a-atexit.o)
 .debug_line    0x0000000000001cb7      0x1fc c:/intelfpga_lite/18.1/nios2eds/bin/gnu/h-x86_64-mingw32/bin/../lib/gcc/nios2-elf/5.3.0/../../../../../H-x86_64-mingw32/nios2-elf/lib/mno-hw-mul\libc.a(lib_a-exit.o)
 .debug_line    0x0000000000001eb3      0x160 c:/intelfpga_lite/18.1/nios2eds/bin/gnu/h-x86_64-mingw32/bin/../lib/gcc/nios2-elf/5.3.0/../../../../../H-x86_64-mingw32/nios2-elf/lib/mno-hw-mul\libc.a(lib_a-impure.o)
 .debug_line    0x0000000000002013       0x5f c:/intelfpga_lite/18.1/nios2eds/bin/gnu/h-x86_64-mingw32/bin/../lib/gcc/nios2-elf/5.3.0/../../../../../H-x86_64-mingw32/nios2-elf/lib/mno-hw-mul\libc.a(lib_a-int_errno.o)
 .debug_line    0x0000000000002072      0x176 c:/intelfpga_lite/18.1/nios2eds/bin/gnu/h-x86_64-mingw32/bin/../lib/gcc/nios2-elf/5.3.0/../../../../../H-x86_64-mingw32/nios2-elf/lib/mno-hw-mul\libc.a(lib_a-memcmp.o)
 .debug_line    0x00000000000021e8      0x18c c:/intelfpga_lite/18.1/nios2eds/bin/gnu/h-x86_64-mingw32/bin/../lib/gcc/nios2-elf/5.3.0/../../../../../H-x86_64-mingw32/nios2-elf/lib/mno-hw-mul\libc.a(lib_a-memcpy.o)
 .debug_line    0x0000000000002374      0x16f c:/intelfpga_lite/18.1/nios2eds/bin/gnu/h-x86_64-mingw32/bin/../lib/gcc/nios2-elf/5.3.0/../../../../../H-x86_64-mingw32/nios2-elf/lib/mno-hw-mul\libc.a(lib_a-strlen.o)
 .debug_line    0x00000000000024e3      0x21f c:/intelfpga_lite/18.1/nios2eds/bin/gnu/h-x86_64-mingw32/bin/../lib/gcc/nios2-elf/5.3.0/../../../../../H-x86_64-mingw32/nios2-elf/lib/mno-hw-mul\libc.a(lib_a-__atexit.o)
 .debug_line    0x0000000000002702      0x23a c:/intelfpga_lite/18.1/nios2eds/bin/gnu/h-x86_64-mingw32/bin/../lib/gcc/nios2-elf/5.3.0/../../../../../H-x86_64-mingw32/nios2-elf/lib/mno-hw-mul\libc.a(lib_a-__call_atexit.o)
 .debug_line    0x000000000000293c       0x80 c:/intelfpga_lite/18.1/nios2eds/bin/gnu/h-x86_64-mingw32/bin/../lib/gcc/nios2-elf/5.3.0/mno-hw-mul\libgcc.a(lib2-mul.o)
 .debug_line    0x00000000000029bc       0x71 C:/Users/ldu08/OneDrive/Documents/Github/FPGAAudio/software/usb_kb_bsp/\libhal_bsp.a(alt_exit.o)

.debug_frame    0x0000000000000000      0xad8
 *(.debug_frame)
 .debug_frame   0x0000000000000000       0x5c C:/Users/ldu08/OneDrive/Documents/Github/FPGAAudio/software/usb_kb_bsp/\libhal_bsp.a(alt_load.o)
 .debug_frame   0x000000000000005c       0x2c C:/Users/ldu08/OneDrive/Documents/Github/FPGAAudio/software/usb_kb_bsp/\libhal_bsp.a(alt_main.o)
 .debug_frame   0x0000000000000088       0x88 C:/Users/ldu08/OneDrive/Documents/Github/FPGAAudio/software/usb_kb_bsp/\libhal_bsp.a(alt_sys_init.o)
 .debug_frame   0x0000000000000110       0xb0 C:/Users/ldu08/OneDrive/Documents/Github/FPGAAudio/software/usb_kb_bsp/\libhal_bsp.a(altera_avalon_jtag_uart_fd.o)
 .debug_frame   0x00000000000001c0       0xa4 C:/Users/ldu08/OneDrive/Documents/Github/FPGAAudio/software/usb_kb_bsp/\libhal_bsp.a(altera_avalon_jtag_uart_init.o)
 .debug_frame   0x0000000000000264       0x34 C:/Users/ldu08/OneDrive/Documents/Github/FPGAAudio/software/usb_kb_bsp/\libhal_bsp.a(altera_avalon_jtag_uart_ioctl.o)
 .debug_frame   0x0000000000000298       0x38 C:/Users/ldu08/OneDrive/Documents/Github/FPGAAudio/software/usb_kb_bsp/\libhal_bsp.a(altera_avalon_jtag_uart_read.o)
 .debug_frame   0x00000000000002d0       0x38 C:/Users/ldu08/OneDrive/Documents/Github/FPGAAudio/software/usb_kb_bsp/\libhal_bsp.a(altera_avalon_jtag_uart_write.o)
 .debug_frame   0x0000000000000308       0x60 C:/Users/ldu08/OneDrive/Documents/Github/FPGAAudio/software/usb_kb_bsp/\libhal_bsp.a(altera_avalon_timer_sc.o)
 .debug_frame   0x0000000000000368       0x34 C:/Users/ldu08/OneDrive/Documents/Github/FPGAAudio/software/usb_kb_bsp/\libhal_bsp.a(alt_alarm_start.o)
 .debug_frame   0x000000000000039c       0x60 C:/Users/ldu08/OneDrive/Documents/Github/FPGAAudio/software/usb_kb_bsp/\libhal_bsp.a(alt_close.o)
 .debug_frame   0x00000000000003fc       0x34 C:/Users/ldu08/OneDrive/Documents/Github/FPGAAudio/software/usb_kb_bsp/\libhal_bsp.a(alt_dcache_flush_all.o)
 .debug_frame   0x0000000000000430       0x34 C:/Users/ldu08/OneDrive/Documents/Github/FPGAAudio/software/usb_kb_bsp/\libhal_bsp.a(alt_dev.o)
 .debug_frame   0x0000000000000464       0x60 C:/Users/ldu08/OneDrive/Documents/Github/FPGAAudio/software/usb_kb_bsp/\libhal_bsp.a(alt_dev_llist_insert.o)
 .debug_frame   0x00000000000004c4       0x38 C:/Users/ldu08/OneDrive/Documents/Github/FPGAAudio/software/usb_kb_bsp/\libhal_bsp.a(alt_do_ctors.o)
 .debug_frame   0x00000000000004fc       0x38 C:/Users/ldu08/OneDrive/Documents/Github/FPGAAudio/software/usb_kb_bsp/\libhal_bsp.a(alt_do_dtors.o)
 .debug_frame   0x0000000000000534       0x34 C:/Users/ldu08/OneDrive/Documents/Github/FPGAAudio/software/usb_kb_bsp/\libhal_bsp.a(alt_icache_flush_all.o)
 .debug_frame   0x0000000000000568       0xa4 C:/Users/ldu08/OneDrive/Documents/Github/FPGAAudio/software/usb_kb_bsp/\libhal_bsp.a(alt_iic.o)
 .debug_frame   0x000000000000060c       0x38 C:/Users/ldu08/OneDrive/Documents/Github/FPGAAudio/software/usb_kb_bsp/\libhal_bsp.a(alt_iic_isr_register.o)
 .debug_frame   0x0000000000000644       0x64 C:/Users/ldu08/OneDrive/Documents/Github/FPGAAudio/software/usb_kb_bsp/\libhal_bsp.a(alt_io_redirect.o)
 .debug_frame   0x00000000000006a8       0x38 C:/Users/ldu08/OneDrive/Documents/Github/FPGAAudio/software/usb_kb_bsp/\libhal_bsp.a(alt_irq_handler.o)
 .debug_frame   0x00000000000006e0       0x8c C:/Users/ldu08/OneDrive/Documents/Github/FPGAAudio/software/usb_kb_bsp/\libhal_bsp.a(alt_open.o)
 .debug_frame   0x000000000000076c       0x3c C:/Users/ldu08/OneDrive/Documents/Github/FPGAAudio/software/usb_kb_bsp/\libhal_bsp.a(alt_release_fd.o)
 .debug_frame   0x00000000000007a8       0x5c C:/Users/ldu08/OneDrive/Documents/Github/FPGAAudio/software/usb_kb_bsp/\libhal_bsp.a(alt_tick.o)
 .debug_frame   0x0000000000000804       0x34 C:/Users/ldu08/OneDrive/Documents/Github/FPGAAudio/software/usb_kb_bsp/\libhal_bsp.a(altera_nios2_gen2_irq.o)
 .debug_frame   0x0000000000000838       0x38 C:/Users/ldu08/OneDrive/Documents/Github/FPGAAudio/software/usb_kb_bsp/\libhal_bsp.a(alt_find_dev.o)
 .debug_frame   0x0000000000000870       0x38 C:/Users/ldu08/OneDrive/Documents/Github/FPGAAudio/software/usb_kb_bsp/\libhal_bsp.a(alt_find_file.o)
 .debug_frame   0x00000000000008a8       0x3c C:/Users/ldu08/OneDrive/Documents/Github/FPGAAudio/software/usb_kb_bsp/\libhal_bsp.a(alt_get_fd.o)
 .debug_frame   0x00000000000008e4       0x5c C:/Users/ldu08/OneDrive/Documents/Github/FPGAAudio/software/usb_kb_bsp/\libhal_bsp.a(alt_instruction_exception_entry.o)
 .debug_frame   0x0000000000000940       0x20 c:/intelfpga_lite/18.1/nios2eds/bin/gnu/h-x86_64-mingw32/bin/../lib/gcc/nios2-elf/5.3.0/../../../../../H-x86_64-mingw32/nios2-elf/lib/mno-hw-mul\libc.a(lib_a-atexit.o)
 .debug_frame   0x0000000000000960       0x28 c:/intelfpga_lite/18.1/nios2eds/bin/gnu/h-x86_64-mingw32/bin/../lib/gcc/nios2-elf/5.3.0/../../../../../H-x86_64-mingw32/nios2-elf/lib/mno-hw-mul\libc.a(lib_a-exit.o)
 .debug_frame   0x0000000000000988       0x20 c:/intelfpga_lite/18.1/nios2eds/bin/gnu/h-x86_64-mingw32/bin/../lib/gcc/nios2-elf/5.3.0/../../../../../H-x86_64-mingw32/nios2-elf/lib/mno-hw-mul\libc.a(lib_a-memcmp.o)
 .debug_frame   0x00000000000009a8       0x38 c:/intelfpga_lite/18.1/nios2eds/bin/gnu/h-x86_64-mingw32/bin/../lib/gcc/nios2-elf/5.3.0/../../../../../H-x86_64-mingw32/nios2-elf/lib/mno-hw-mul\libc.a(lib_a-memcpy.o)
 .debug_frame   0x00000000000009e0       0x20 c:/intelfpga_lite/18.1/nios2eds/bin/gnu/h-x86_64-mingw32/bin/../lib/gcc/nios2-elf/5.3.0/../../../../../H-x86_64-mingw32/nios2-elf/lib/mno-hw-mul\libc.a(lib_a-strlen.o)
 .debug_frame   0x0000000000000a00       0x38 c:/intelfpga_lite/18.1/nios2eds/bin/gnu/h-x86_64-mingw32/bin/../lib/gcc/nios2-elf/5.3.0/../../../../../H-x86_64-mingw32/nios2-elf/lib/mno-hw-mul\libc.a(lib_a-__atexit.o)
 .debug_frame   0x0000000000000a38       0x54 c:/intelfpga_lite/18.1/nios2eds/bin/gnu/h-x86_64-mingw32/bin/../lib/gcc/nios2-elf/5.3.0/../../../../../H-x86_64-mingw32/nios2-elf/lib/mno-hw-mul\libc.a(lib_a-__call_atexit.o)
 .debug_frame   0x0000000000000a8c       0x20 c:/intelfpga_lite/18.1/nios2eds/bin/gnu/h-x86_64-mingw32/bin/../lib/gcc/nios2-elf/5.3.0/mno-hw-mul\libgcc.a(lib2-mul.o)
 .debug_frame   0x0000000000000aac       0x2c C:/Users/ldu08/OneDrive/Documents/Github/FPGAAudio/software/usb_kb_bsp/\libhal_bsp.a(alt_exit.o)

.debug_str      0x0000000000000000     0x1bbf
 *(.debug_str)
 .debug_str     0x0000000000000000      0x1e6 C:/Users/ldu08/OneDrive/Documents/Github/FPGAAudio/software/usb_kb_bsp/\libhal_bsp.a(alt_load.o)
                                        0x21f (size before relaxing)
 .debug_str     0x00000000000001e6       0x70 C:/Users/ldu08/OneDrive/Documents/Github/FPGAAudio/software/usb_kb_bsp/\libhal_bsp.a(alt_main.o)
                                        0x1aa (size before relaxing)
 .debug_str     0x0000000000000256      0x1da C:/Users/ldu08/OneDrive/Documents/Github/FPGAAudio/software/usb_kb_bsp/\libhal_bsp.a(alt_sys_init.o)
                                        0x39d (size before relaxing)
 .debug_str     0x0000000000000430       0xb9 C:/Users/ldu08/OneDrive/Documents/Github/FPGAAudio/software/usb_kb_bsp/\libhal_bsp.a(altera_avalon_jtag_uart_fd.o)
                                        0x3b1 (size before relaxing)
 .debug_str     0x00000000000004e9       0xd1 C:/Users/ldu08/OneDrive/Documents/Github/FPGAAudio/software/usb_kb_bsp/\libhal_bsp.a(altera_avalon_jtag_uart_init.o)
                                        0x345 (size before relaxing)
 .debug_str     0x00000000000005ba       0x4a C:/Users/ldu08/OneDrive/Documents/Github/FPGAAudio/software/usb_kb_bsp/\libhal_bsp.a(altera_avalon_jtag_uart_ioctl.o)
                                        0x2a0 (size before relaxing)
 .debug_str     0x0000000000000604       0x7f C:/Users/ldu08/OneDrive/Documents/Github/FPGAAudio/software/usb_kb_bsp/\libhal_bsp.a(altera_avalon_jtag_uart_read.o)
                                        0x2f5 (size before relaxing)
 .debug_str     0x0000000000000683       0x4a C:/Users/ldu08/OneDrive/Documents/Github/FPGAAudio/software/usb_kb_bsp/\libhal_bsp.a(altera_avalon_jtag_uart_write.o)
                                        0x2f6 (size before relaxing)
 .debug_str     0x00000000000006cd       0x6d C:/Users/ldu08/OneDrive/Documents/Github/FPGAAudio/software/usb_kb_bsp/\libhal_bsp.a(altera_avalon_timer_sc.o)
                                        0x258 (size before relaxing)
 .debug_str     0x000000000000073a       0x59 C:/Users/ldu08/OneDrive/Documents/Github/FPGAAudio/software/usb_kb_bsp/\libhal_bsp.a(alt_alarm_start.o)
                                        0x28b (size before relaxing)
 .debug_str     0x0000000000000793       0x44 C:/Users/ldu08/OneDrive/Documents/Github/FPGAAudio/software/usb_kb_bsp/\libhal_bsp.a(alt_close.o)
                                        0x218 (size before relaxing)
 .debug_str     0x00000000000007d7       0x34 C:/Users/ldu08/OneDrive/Documents/Github/FPGAAudio/software/usb_kb_bsp/\libhal_bsp.a(alt_dcache_flush_all.o)
                                        0x162 (size before relaxing)
 .debug_str     0x000000000000080b      0x120 C:/Users/ldu08/OneDrive/Documents/Github/FPGAAudio/software/usb_kb_bsp/\libhal_bsp.a(alt_dev.o)
                                        0x312 (size before relaxing)
 .debug_str     0x000000000000092b       0x34 C:/Users/ldu08/OneDrive/Documents/Github/FPGAAudio/software/usb_kb_bsp/\libhal_bsp.a(alt_dev_llist_insert.o)
                                        0x1d9 (size before relaxing)
 .debug_str     0x000000000000095f       0x48 C:/Users/ldu08/OneDrive/Documents/Github/FPGAAudio/software/usb_kb_bsp/\libhal_bsp.a(alt_do_ctors.o)
                                         0xdd (size before relaxing)
 .debug_str     0x00000000000009a7       0x4c C:/Users/ldu08/OneDrive/Documents/Github/FPGAAudio/software/usb_kb_bsp/\libhal_bsp.a(alt_do_dtors.o)
                                         0xdc (size before relaxing)
 .debug_str     0x00000000000009f3       0x14 C:/Users/ldu08/OneDrive/Documents/Github/FPGAAudio/software/usb_kb_bsp/\libhal_bsp.a(alt_errno.o)
                                        0x152 (size before relaxing)
 .debug_str     0x0000000000000a07       0x34 C:/Users/ldu08/OneDrive/Documents/Github/FPGAAudio/software/usb_kb_bsp/\libhal_bsp.a(alt_icache_flush_all.o)
                                        0x162 (size before relaxing)
 .debug_str     0x0000000000000a3b       0xc4 C:/Users/ldu08/OneDrive/Documents/Github/FPGAAudio/software/usb_kb_bsp/\libhal_bsp.a(alt_iic.o)
                                        0x24b (size before relaxing)
 .debug_str     0x0000000000000aff       0x4c C:/Users/ldu08/OneDrive/Documents/Github/FPGAAudio/software/usb_kb_bsp/\libhal_bsp.a(alt_iic_isr_register.o)
                                        0x1f5 (size before relaxing)
 .debug_str     0x0000000000000b4b       0x56 C:/Users/ldu08/OneDrive/Documents/Github/FPGAAudio/software/usb_kb_bsp/\libhal_bsp.a(alt_io_redirect.o)
                                        0x323 (size before relaxing)
 .debug_str     0x0000000000000ba1       0x3a C:/Users/ldu08/OneDrive/Documents/Github/FPGAAudio/software/usb_kb_bsp/\libhal_bsp.a(alt_irq_handler.o)
                                        0x1a4 (size before relaxing)
 .debug_str     0x0000000000000bdb       0x17 C:/Users/ldu08/OneDrive/Documents/Github/FPGAAudio/software/usb_kb_bsp/\libhal_bsp.a(alt_irq_vars.o)
                                        0x147 (size before relaxing)
 .debug_str     0x0000000000000bf2       0x2f C:/Users/ldu08/OneDrive/Documents/Github/FPGAAudio/software/usb_kb_bsp/\libhal_bsp.a(alt_open.o)
                                        0x258 (size before relaxing)
 .debug_str     0x0000000000000c21       0x28 C:/Users/ldu08/OneDrive/Documents/Github/FPGAAudio/software/usb_kb_bsp/\libhal_bsp.a(alt_release_fd.o)
                                        0x1e0 (size before relaxing)
 .debug_str     0x0000000000000c49       0x4a C:/Users/ldu08/OneDrive/Documents/Github/FPGAAudio/software/usb_kb_bsp/\libhal_bsp.a(alt_tick.o)
                                        0x25f (size before relaxing)
 .debug_str     0x0000000000000c93       0x3b C:/Users/ldu08/OneDrive/Documents/Github/FPGAAudio/software/usb_kb_bsp/\libhal_bsp.a(altera_nios2_gen2_irq.o)
                                        0x169 (size before relaxing)
 .debug_str     0x0000000000000cce       0x24 C:/Users/ldu08/OneDrive/Documents/Github/FPGAAudio/software/usb_kb_bsp/\libhal_bsp.a(alt_find_dev.o)
                                        0x1f9 (size before relaxing)
 .debug_str     0x0000000000000cf2       0x26 C:/Users/ldu08/OneDrive/Documents/Github/FPGAAudio/software/usb_kb_bsp/\libhal_bsp.a(alt_find_file.o)
                                        0x207 (size before relaxing)
 .debug_str     0x0000000000000d18       0x30 C:/Users/ldu08/OneDrive/Documents/Github/FPGAAudio/software/usb_kb_bsp/\libhal_bsp.a(alt_get_fd.o)
                                        0x229 (size before relaxing)
 .debug_str     0x0000000000000d48      0x48b C:/Users/ldu08/OneDrive/Documents/Github/FPGAAudio/software/usb_kb_bsp/\libhal_bsp.a(alt_instruction_exception_entry.o)
                                        0x5ad (size before relaxing)
 .debug_str     0x00000000000011d3      0x17c c:/intelfpga_lite/18.1/nios2eds/bin/gnu/h-x86_64-mingw32/bin/../lib/gcc/nios2-elf/5.3.0/../../../../../H-x86_64-mingw32/nios2-elf/lib/mno-hw-mul\libc.a(lib_a-atexit.o)
                                        0x221 (size before relaxing)
 .debug_str     0x000000000000134f      0x3af c:/intelfpga_lite/18.1/nios2eds/bin/gnu/h-x86_64-mingw32/bin/../lib/gcc/nios2-elf/5.3.0/../../../../../H-x86_64-mingw32/nios2-elf/lib/mno-hw-mul\libc.a(lib_a-exit.o)
                                        0x5be (size before relaxing)
 .debug_str     0x00000000000016fe       0xd6 c:/intelfpga_lite/18.1/nios2eds/bin/gnu/h-x86_64-mingw32/bin/../lib/gcc/nios2-elf/5.3.0/../../../../../H-x86_64-mingw32/nios2-elf/lib/mno-hw-mul\libc.a(lib_a-impure.o)